<!doctype html public "-//w3c//dtd html 4.0 transitional//en">
<html><head>
<title>Static Call Graph - [minikit-lua Configuration\minikit-lua Configuration.axf]</title></head>
<body><HR>
<H1>Static Call Graph for image minikit-lua Configuration\minikit-lua Configuration.axf</H1><HR>
<BR><P>#&#060CALLGRAPH&#062# ARM Linker, 5060750: Last Updated: Wed May 02 12:54:17 2018
<BR><P>
<H3>Maximum Stack Usage =       9968 bytes + Unknown(Cycles, Untraceable Function Pointers)</H3><H3>
Call chain for Maximum Stack Depth:</H3>
str_gsub &rArr; luaL_optinteger &rArr; luaL_checkinteger &rArr; tag_error &rArr; typeerror &rArr; luaL_argerror &rArr; luaL_error &rArr; luaL_where &rArr; lua_pushfstring &rArr; luaO_pushvfstring &rArr;  luaG_runerror (Cycle)
<P>
<H3>
Mutually Recursive functions
</H3> <LI><a href="#[8]">NMI_Handler</a>&nbsp;&nbsp;&nbsp;&rArr;&nbsp;&nbsp;&nbsp;<a href="#[8]">NMI_Handler</a><BR>
 <LI><a href="#[9]">HardFault_Handler</a>&nbsp;&nbsp;&nbsp;&rArr;&nbsp;&nbsp;&nbsp;<a href="#[9]">HardFault_Handler</a><BR>
 <LI><a href="#[a]">MemManage_Handler</a>&nbsp;&nbsp;&nbsp;&rArr;&nbsp;&nbsp;&nbsp;<a href="#[a]">MemManage_Handler</a><BR>
 <LI><a href="#[b]">BusFault_Handler</a>&nbsp;&nbsp;&nbsp;&rArr;&nbsp;&nbsp;&nbsp;<a href="#[b]">BusFault_Handler</a><BR>
 <LI><a href="#[c]">UsageFault_Handler</a>&nbsp;&nbsp;&nbsp;&rArr;&nbsp;&nbsp;&nbsp;<a href="#[c]">UsageFault_Handler</a><BR>
 <LI><a href="#[d]">SVC_Handler</a>&nbsp;&nbsp;&nbsp;&rArr;&nbsp;&nbsp;&nbsp;<a href="#[d]">SVC_Handler</a><BR>
 <LI><a href="#[e]">DebugMon_Handler</a>&nbsp;&nbsp;&nbsp;&rArr;&nbsp;&nbsp;&nbsp;<a href="#[e]">DebugMon_Handler</a><BR>
 <LI><a href="#[f]">PendSV_Handler</a>&nbsp;&nbsp;&nbsp;&rArr;&nbsp;&nbsp;&nbsp;<a href="#[f]">PendSV_Handler</a><BR>
 <LI><a href="#[23]">ADC1_2_IRQHandler</a>&nbsp;&nbsp;&nbsp;&rArr;&nbsp;&nbsp;&nbsp;<a href="#[23]">ADC1_2_IRQHandler</a><BR>
 <LI><a href="#[db]">luaO_pushfstring</a>&nbsp;&nbsp;&nbsp;&rArr;&nbsp;&nbsp;&nbsp;<a href="#[28c]">luaO_pushvfstring</a><BR>
 <LI><a href="#[28c]">luaO_pushvfstring</a>&nbsp;&nbsp;&nbsp;&rArr;&nbsp;&nbsp;&nbsp;<a href="#[206]">luaG_runerror</a><BR>
 <LI><a href="#[2ca]">luaV_concat</a>&nbsp;&nbsp;&nbsp;&rArr;&nbsp;&nbsp;&nbsp;<a href="#[206]">luaG_runerror</a><BR>
 <LI><a href="#[102]">luaM_toobig</a>&nbsp;&nbsp;&nbsp;&rArr;&nbsp;&nbsp;&nbsp;<a href="#[206]">luaG_runerror</a><BR>
 <LI><a href="#[dc]">luaD_throw</a>&nbsp;&nbsp;&nbsp;&rArr;&nbsp;&nbsp;&nbsp;<a href="#[dc]">luaD_throw</a><BR>
 <LI><a href="#[27b]">seterrorobj</a>&nbsp;&nbsp;&nbsp;&rArr;&nbsp;&nbsp;&nbsp;<a href="#[10d]">luaS_newlstr</a><BR>
 <LI><a href="#[272]">singlestep</a>&nbsp;&nbsp;&nbsp;&rArr;&nbsp;&nbsp;&nbsp;<a href="#[103]">luaM_realloc_</a><BR>
 <LI><a href="#[219]">luaF_freeproto</a>&nbsp;&nbsp;&nbsp;&rArr;&nbsp;&nbsp;&nbsp;<a href="#[103]">luaM_realloc_</a><BR>
 <LI><a href="#[218]">freeobj</a>&nbsp;&nbsp;&nbsp;&rArr;&nbsp;&nbsp;&nbsp;<a href="#[103]">luaM_realloc_</a><BR>
 <LI><a href="#[21a]">luaC_upvdeccount</a>&nbsp;&nbsp;&nbsp;&rArr;&nbsp;&nbsp;&nbsp;<a href="#[103]">luaM_realloc_</a><BR>
 <LI><a href="#[21b]">luaH_free</a>&nbsp;&nbsp;&nbsp;&rArr;&nbsp;&nbsp;&nbsp;<a href="#[103]">luaM_realloc_</a><BR>
 <LI><a href="#[21c]">luaE_freethread</a>&nbsp;&nbsp;&nbsp;&rArr;&nbsp;&nbsp;&nbsp;<a href="#[103]">luaM_realloc_</a><BR>
 <LI><a href="#[1a3]">luaF_close</a>&nbsp;&nbsp;&nbsp;&rArr;&nbsp;&nbsp;&nbsp;<a href="#[103]">luaM_realloc_</a><BR>
 <LI><a href="#[168]">reallymarkobject</a>&nbsp;&nbsp;&nbsp;&rArr;&nbsp;&nbsp;&nbsp;<a href="#[168]">reallymarkobject</a><BR>
 <LI><a href="#[1a5]">freestack</a>&nbsp;&nbsp;&nbsp;&rArr;&nbsp;&nbsp;&nbsp;<a href="#[103]">luaM_realloc_</a><BR>
 <LI><a href="#[21e]">luaE_freeCI</a>&nbsp;&nbsp;&nbsp;&rArr;&nbsp;&nbsp;&nbsp;<a href="#[103]">luaM_realloc_</a><BR>
 <LI><a href="#[282]">luaE_shrinkCI</a>&nbsp;&nbsp;&nbsp;&rArr;&nbsp;&nbsp;&nbsp;<a href="#[103]">luaM_realloc_</a><BR>
 <LI><a href="#[278]">luaD_reallocstack</a>&nbsp;&nbsp;&nbsp;&rArr;&nbsp;&nbsp;&nbsp;<a href="#[103]">luaM_realloc_</a><BR>
 <LI><a href="#[28d]">luaG_tointerror</a>&nbsp;&nbsp;&nbsp;&rArr;&nbsp;&nbsp;&nbsp;<a href="#[206]">luaG_runerror</a><BR>
 <LI><a href="#[230]">kname</a>&nbsp;&nbsp;&nbsp;&rArr;&nbsp;&nbsp;&nbsp;<a href="#[229]">getobjname</a><BR>
 <LI><a href="#[289]">luaG_opinterror</a>&nbsp;&nbsp;&nbsp;&rArr;&nbsp;&nbsp;&nbsp;<a href="#[27e]">luaG_typeerror</a><BR>
 <LI><a href="#[287]">luaG_concaterror</a>&nbsp;&nbsp;&nbsp;&rArr;&nbsp;&nbsp;&nbsp;<a href="#[27e]">luaG_typeerror</a><BR>
 <LI><a href="#[277]">luaV_execute</a>&nbsp;&nbsp;&nbsp;&rArr;&nbsp;&nbsp;&nbsp;<a href="#[206]">luaG_runerror</a><BR>
 <LI><a href="#[276]">luaD_precall</a>&nbsp;&nbsp;&nbsp;&rArr;&nbsp;&nbsp;&nbsp;<a href="#[27e]">luaG_typeerror</a><BR>
 <LI><a href="#[237]">luaD_growstack</a>&nbsp;&nbsp;&nbsp;&rArr;&nbsp;&nbsp;&nbsp;<a href="#[206]">luaG_runerror</a><BR>
 <LI><a href="#[2d7]">luaV_settable</a>&nbsp;&nbsp;&nbsp;&rArr;&nbsp;&nbsp;&nbsp;<a href="#[27e]">luaG_typeerror</a><BR>
 <LI><a href="#[143]">luaV_equalobj</a>&nbsp;&nbsp;&nbsp;&rArr;&nbsp;&nbsp;&nbsp;<a href="#[2d2]">luaT_callTM</a><BR>
 <LI><a href="#[296]">luaH_newkey</a>&nbsp;&nbsp;&nbsp;&rArr;&nbsp;&nbsp;&nbsp;<a href="#[206]">luaG_runerror</a><BR>
 <LI><a href="#[142]">luaH_set</a>&nbsp;&nbsp;&nbsp;&rArr;&nbsp;&nbsp;&nbsp;<a href="#[296]">luaH_newkey</a><BR>
 <LI><a href="#[1f2]">luaH_setint</a>&nbsp;&nbsp;&nbsp;&rArr;&nbsp;&nbsp;&nbsp;<a href="#[296]">luaH_newkey</a><BR>
 <LI><a href="#[295]">setnodevector</a>&nbsp;&nbsp;&nbsp;&rArr;&nbsp;&nbsp;&nbsp;<a href="#[206]">luaG_runerror</a><BR>
 <LI><a href="#[2da]">luaV_objlen</a>&nbsp;&nbsp;&nbsp;&rArr;&nbsp;&nbsp;&nbsp;<a href="#[27e]">luaG_typeerror</a><BR>
 <LI><a href="#[28b]">luaG_ordererror</a>&nbsp;&nbsp;&nbsp;&rArr;&nbsp;&nbsp;&nbsp;<a href="#[206]">luaG_runerror</a><BR>
 <LI><a href="#[2d4]">luaT_callorderTM</a>&nbsp;&nbsp;&nbsp;&rArr;&nbsp;&nbsp;&nbsp;<a href="#[2d3]">luaT_callbinTM</a><BR>
 <LI><a href="#[23a]">luaV_mod</a>&nbsp;&nbsp;&nbsp;&rArr;&nbsp;&nbsp;&nbsp;<a href="#[206]">luaG_runerror</a><BR>
 <LI><a href="#[23b]">luaV_div</a>&nbsp;&nbsp;&nbsp;&rArr;&nbsp;&nbsp;&nbsp;<a href="#[206]">luaG_runerror</a><BR>
 <LI><a href="#[1dd]">luaD_call</a>&nbsp;&nbsp;&nbsp;&rArr;&nbsp;&nbsp;&nbsp;<a href="#[206]">luaG_runerror</a><BR>
 <LI><a href="#[1ff]">findfield</a>&nbsp;&nbsp;&nbsp;&rArr;&nbsp;&nbsp;&nbsp;<a href="#[1ff]">findfield</a><BR>
 <LI><a href="#[1e6]">lexerror</a>&nbsp;&nbsp;&nbsp;&rArr;&nbsp;&nbsp;&nbsp;<a href="#[191]">save</a><BR>
 <LI><a href="#[30d]">test_then_block</a>&nbsp;&nbsp;&nbsp;&rArr;&nbsp;&nbsp;&nbsp;<a href="#[17d]">statlist</a><BR>
 <LI><a href="#[24d]">skipnoopstat</a>&nbsp;&nbsp;&nbsp;&rArr;&nbsp;&nbsp;&nbsp;<a href="#[30c]">statement</a><BR>
 <LI><a href="#[1ee]">subexpr</a>&nbsp;&nbsp;&nbsp;&rArr;&nbsp;&nbsp;&nbsp;<a href="#[1ee]">subexpr</a><BR>
 <LI><a href="#[303]">yindex</a>&nbsp;&nbsp;&nbsp;&rArr;&nbsp;&nbsp;&nbsp;<a href="#[1bb]">expr</a><BR>
 <LI><a href="#[30b]">singlevaraux</a>&nbsp;&nbsp;&nbsp;&rArr;&nbsp;&nbsp;&nbsp;<a href="#[30b]">singlevaraux</a><BR>
 <LI><a href="#[162]">explist</a>&nbsp;&nbsp;&nbsp;&rArr;&nbsp;&nbsp;&nbsp;<a href="#[1bb]">expr</a><BR>
 <LI><a href="#[1c6]">recfield</a>&nbsp;&nbsp;&nbsp;&rArr;&nbsp;&nbsp;&nbsp;<a href="#[1bb]">expr</a><BR>
 <LI><a href="#[1c4]">listfield</a>&nbsp;&nbsp;&nbsp;&rArr;&nbsp;&nbsp;&nbsp;<a href="#[1bb]">expr</a><BR>
 <LI><a href="#[15e]">suffixedexp</a>&nbsp;&nbsp;&nbsp;&rArr;&nbsp;&nbsp;&nbsp;<a href="#[1bb]">expr</a><BR>
 <LI><a href="#[17f]">body</a>&nbsp;&nbsp;&nbsp;&rArr;&nbsp;&nbsp;&nbsp;<a href="#[17d]">statlist</a><BR>
 <LI><a href="#[304]">repeatstat</a>&nbsp;&nbsp;&nbsp;&rArr;&nbsp;&nbsp;&nbsp;<a href="#[17d]">statlist</a><BR>
 <LI><a href="#[17b]">block</a>&nbsp;&nbsp;&nbsp;&rArr;&nbsp;&nbsp;&nbsp;<a href="#[17d]">statlist</a><BR>
 <LI><a href="#[15b]">assignment</a>&nbsp;&nbsp;&nbsp;&rArr;&nbsp;&nbsp;&nbsp;<a href="#[15b]">assignment</a><BR>
 <LI><a href="#[10a]">LoadProtos</a>&nbsp;&nbsp;&nbsp;&rArr;&nbsp;&nbsp;&nbsp;<a href="#[108]">LoadFunction</a><BR>
 <LI><a href="#[2eb]">start_capture</a>&nbsp;&nbsp;&nbsp;&rArr;&nbsp;&nbsp;&nbsp;<a href="#[233]">match</a><BR>
 <LI><a href="#[2ee]">max_expand</a>&nbsp;&nbsp;&nbsp;&rArr;&nbsp;&nbsp;&nbsp;<a href="#[233]">match</a><BR>
 <LI><a href="#[233]">match</a>&nbsp;&nbsp;&nbsp;&rArr;&nbsp;&nbsp;&nbsp;<a href="#[233]">match</a><BR>
 <LI><a href="#[d6]">DumpProtos</a>&nbsp;&nbsp;&nbsp;&rArr;&nbsp;&nbsp;&nbsp;<a href="#[d5]">DumpFunction</a><BR>
 <LI><a href="#[175]">auxsort</a>&nbsp;&nbsp;&nbsp;&rArr;&nbsp;&nbsp;&nbsp;<a href="#[175]">auxsort</a><BR>
</UL>
<P>
<H3>
Function Pointers
</H3><UL>
 <LI><a href="#[23]">ADC1_2_IRQHandler</a> from startup_stm32f103xb.o(.text) referenced from startup_stm32f103xb.o(RESET)
 <LI><a href="#[b]">BusFault_Handler</a> from startup_stm32f103xb.o(.text) referenced from startup_stm32f103xb.o(RESET)
 <LI><a href="#[26]">CAN1_RX1_IRQHandler</a> from startup_stm32f103xb.o(.text) referenced from startup_stm32f103xb.o(RESET)
 <LI><a href="#[27]">CAN1_SCE_IRQHandler</a> from startup_stm32f103xb.o(.text) referenced from startup_stm32f103xb.o(RESET)
 <LI><a href="#[1c]">DMA1_Channel1_IRQHandler</a> from startup_stm32f103xb.o(.text) referenced from startup_stm32f103xb.o(RESET)
 <LI><a href="#[1d]">DMA1_Channel2_IRQHandler</a> from startup_stm32f103xb.o(.text) referenced from startup_stm32f103xb.o(RESET)
 <LI><a href="#[1e]">DMA1_Channel3_IRQHandler</a> from startup_stm32f103xb.o(.text) referenced from startup_stm32f103xb.o(RESET)
 <LI><a href="#[1f]">DMA1_Channel4_IRQHandler</a> from startup_stm32f103xb.o(.text) referenced from startup_stm32f103xb.o(RESET)
 <LI><a href="#[20]">DMA1_Channel5_IRQHandler</a> from startup_stm32f103xb.o(.text) referenced from startup_stm32f103xb.o(RESET)
 <LI><a href="#[21]">DMA1_Channel6_IRQHandler</a> from startup_stm32f103xb.o(.text) referenced from startup_stm32f103xb.o(RESET)
 <LI><a href="#[22]">DMA1_Channel7_IRQHandler</a> from startup_stm32f103xb.o(.text) referenced from startup_stm32f103xb.o(RESET)
 <LI><a href="#[e]">DebugMon_Handler</a> from startup_stm32f103xb.o(.text) referenced from startup_stm32f103xb.o(RESET)
 <LI><a href="#[17]">EXTI0_IRQHandler</a> from startup_stm32f103xb.o(.text) referenced from startup_stm32f103xb.o(RESET)
 <LI><a href="#[39]">EXTI15_10_IRQHandler</a> from startup_stm32f103xb.o(.text) referenced from startup_stm32f103xb.o(RESET)
 <LI><a href="#[18]">EXTI1_IRQHandler</a> from startup_stm32f103xb.o(.text) referenced from startup_stm32f103xb.o(RESET)
 <LI><a href="#[19]">EXTI2_IRQHandler</a> from startup_stm32f103xb.o(.text) referenced from startup_stm32f103xb.o(RESET)
 <LI><a href="#[1a]">EXTI3_IRQHandler</a> from startup_stm32f103xb.o(.text) referenced from startup_stm32f103xb.o(RESET)
 <LI><a href="#[1b]">EXTI4_IRQHandler</a> from startup_stm32f103xb.o(.text) referenced from startup_stm32f103xb.o(RESET)
 <LI><a href="#[28]">EXTI9_5_IRQHandler</a> from startup_stm32f103xb.o(.text) referenced from startup_stm32f103xb.o(RESET)
 <LI><a href="#[15]">FLASH_IRQHandler</a> from startup_stm32f103xb.o(.text) referenced from startup_stm32f103xb.o(RESET)
 <LI><a href="#[9]">HardFault_Handler</a> from startup_stm32f103xb.o(.text) referenced from startup_stm32f103xb.o(RESET)
 <LI><a href="#[31]">I2C1_ER_IRQHandler</a> from startup_stm32f103xb.o(.text) referenced from startup_stm32f103xb.o(RESET)
 <LI><a href="#[30]">I2C1_EV_IRQHandler</a> from startup_stm32f103xb.o(.text) referenced from startup_stm32f103xb.o(RESET)
 <LI><a href="#[33]">I2C2_ER_IRQHandler</a> from startup_stm32f103xb.o(.text) referenced from startup_stm32f103xb.o(RESET)
 <LI><a href="#[32]">I2C2_EV_IRQHandler</a> from startup_stm32f103xb.o(.text) referenced from startup_stm32f103xb.o(RESET)
 <LI><a href="#[a]">MemManage_Handler</a> from startup_stm32f103xb.o(.text) referenced from startup_stm32f103xb.o(RESET)
 <LI><a href="#[8]">NMI_Handler</a> from startup_stm32f103xb.o(.text) referenced from startup_stm32f103xb.o(RESET)
 <LI><a href="#[12]">PVD_IRQHandler</a> from startup_stm32f103xb.o(.text) referenced from startup_stm32f103xb.o(RESET)
 <LI><a href="#[f]">PendSV_Handler</a> from startup_stm32f103xb.o(.text) referenced from startup_stm32f103xb.o(RESET)
 <LI><a href="#[16]">RCC_IRQHandler</a> from startup_stm32f103xb.o(.text) referenced from startup_stm32f103xb.o(RESET)
 <LI><a href="#[3a]">RTC_Alarm_IRQHandler</a> from startup_stm32f103xb.o(.text) referenced from startup_stm32f103xb.o(RESET)
 <LI><a href="#[14]">RTC_IRQHandler</a> from startup_stm32f103xb.o(.text) referenced from startup_stm32f103xb.o(RESET)
 <LI><a href="#[7]">Reset_Handler</a> from startup_stm32f103xb.o(.text) referenced from startup_stm32f103xb.o(RESET)
 <LI><a href="#[34]">SPI1_IRQHandler</a> from startup_stm32f103xb.o(.text) referenced from startup_stm32f103xb.o(RESET)
 <LI><a href="#[35]">SPI2_IRQHandler</a> from startup_stm32f103xb.o(.text) referenced from startup_stm32f103xb.o(RESET)
 <LI><a href="#[d]">SVC_Handler</a> from startup_stm32f103xb.o(.text) referenced from startup_stm32f103xb.o(RESET)
 <LI><a href="#[10]">SysTick_Handler</a> from stm32f1xx_it.o(i.SysTick_Handler) referenced from startup_stm32f103xb.o(RESET)
 <LI><a href="#[3d]">SystemInit</a> from system_stm32f1xx.o(i.SystemInit) referenced from startup_stm32f103xb.o(.text)
 <LI><a href="#[13]">TAMPER_IRQHandler</a> from startup_stm32f103xb.o(.text) referenced from startup_stm32f103xb.o(RESET)
 <LI><a href="#[29]">TIM1_BRK_IRQHandler</a> from startup_stm32f103xb.o(.text) referenced from startup_stm32f103xb.o(RESET)
 <LI><a href="#[2c]">TIM1_CC_IRQHandler</a> from startup_stm32f103xb.o(.text) referenced from startup_stm32f103xb.o(RESET)
 <LI><a href="#[2b]">TIM1_TRG_COM_IRQHandler</a> from startup_stm32f103xb.o(.text) referenced from startup_stm32f103xb.o(RESET)
 <LI><a href="#[2a]">TIM1_UP_IRQHandler</a> from startup_stm32f103xb.o(.text) referenced from startup_stm32f103xb.o(RESET)
 <LI><a href="#[2d]">TIM2_IRQHandler</a> from startup_stm32f103xb.o(.text) referenced from startup_stm32f103xb.o(RESET)
 <LI><a href="#[2e]">TIM3_IRQHandler</a> from startup_stm32f103xb.o(.text) referenced from startup_stm32f103xb.o(RESET)
 <LI><a href="#[2f]">TIM4_IRQHandler</a> from startup_stm32f103xb.o(.text) referenced from startup_stm32f103xb.o(RESET)
 <LI><a href="#[36]">USART1_IRQHandler</a> from startup_stm32f103xb.o(.text) referenced from startup_stm32f103xb.o(RESET)
 <LI><a href="#[37]">USART2_IRQHandler</a> from startup_stm32f103xb.o(.text) referenced from startup_stm32f103xb.o(RESET)
 <LI><a href="#[38]">USART3_IRQHandler</a> from startup_stm32f103xb.o(.text) referenced from startup_stm32f103xb.o(RESET)
 <LI><a href="#[3b]">USBWakeUp_IRQHandler</a> from startup_stm32f103xb.o(.text) referenced from startup_stm32f103xb.o(RESET)
 <LI><a href="#[24]">USB_HP_CAN1_TX_IRQHandler</a> from startup_stm32f103xb.o(.text) referenced from startup_stm32f103xb.o(RESET)
 <LI><a href="#[25]">USB_LP_CAN1_RX0_IRQHandler</a> from startup_stm32f103xb.o(.text) referenced from startup_stm32f103xb.o(RESET)
 <LI><a href="#[c]">UsageFault_Handler</a> from startup_stm32f103xb.o(.text) referenced from startup_stm32f103xb.o(RESET)
 <LI><a href="#[11]">WWDG_IRQHandler</a> from startup_stm32f103xb.o(.text) referenced from startup_stm32f103xb.o(RESET)
 <LI><a href="#[3e]">__main</a> from entry.o(.ARM.Collect$$$$00000000) referenced from startup_stm32f103xb.o(.text)
 <LI><a href="#[40]">_sbackspace</a> from _sgetc.o(.text) referenced from strtod.o(.text)
 <LI><a href="#[3f]">_sgetc</a> from _sgetc.o(.text) referenced from strtod.o(.text)
 <LI><a href="#[44]">_sputc</a> from printfa.o(i._sputc) referenced from printfa.o(i.__0sprintf)
 <LI><a href="#[4b]">dofilecont</a> from lbaselib.o(i.dofilecont) referenced from lbaselib.o(i.luaB_dofile)
 <LI><a href="#[42]">dothecall</a> from lgc.o(i.dothecall) referenced from lgc.o(i.GCTM)
 <LI><a href="#[58]">f_call</a> from lapi.o(i.f_call) referenced from lapi.o(i.lua_pcallk)
 <LI><a href="#[57]">f_luaopen</a> from lstate.o(i.f_luaopen) referenced from lstate.o(i.lua_newstate)
 <LI><a href="#[51]">f_parser</a> from ldo.o(i.f_parser) referenced from ldo.o(i.luaD_protectedparser)
 <LI><a href="#[50]">finishpcall</a> from lbaselib.o(i.finishpcall) referenced from lbaselib.o(i.luaB_pcall)
 <LI><a href="#[50]">finishpcall</a> from lbaselib.o(i.finishpcall) referenced from lbaselib.o(i.luaB_xpcall)
 <LI><a href="#[43]">fputc</a> from main.o(i.fputc) referenced from printfa.o(i.__0fprintf)
 <LI><a href="#[43]">fputc</a> from main.o(i.fputc) referenced from printfa.o(i.__0printf)
 <LI><a href="#[4e]">generic_reader</a> from lbaselib.o(i.generic_reader) referenced from lbaselib.o(i.luaB_load)
 <LI><a href="#[53]">getF</a> from lauxlib.o(i.getF) referenced from lauxlib.o(i.luaL_loadfilex)
 <LI><a href="#[52]">getS</a> from lauxlib.o(i.getS) referenced from lauxlib.o(i.luaL_loadbufferx)
 <LI><a href="#[90]">gmatch</a> from lstrlib.o(i.gmatch) referenced from lstrlib.o(.constdata)
 <LI><a href="#[4a]">gmatch_aux</a> from lstrlib.o(i.gmatch_aux) referenced from lstrlib.o(i.gmatch)
 <LI><a href="#[56]">growstack</a> from lapi.o(i.growstack) referenced from lapi.o(i.lua_checkstack)
 <LI><a href="#[4c]">ipairsaux</a> from lbaselib.o(i.ipairsaux) referenced from lbaselib.o(i.luaB_ipairs)
 <LI><a href="#[4d]">ipairsaux_raw</a> from lbaselib.o(i.ipairsaux_raw) referenced from lbaselib.o(i.luaB_ipairs)
 <LI><a href="#[41]">isspace</a> from isspace_o.o(.text) referenced from strtod.o(.text)
 <LI><a href="#[54]">l_alloc</a> from lauxlib.o(i.l_alloc) referenced from lauxlib.o(i.luaL_newstate)
 <LI><a href="#[5c]">luaB_assert</a> from lbaselib.o(i.luaB_assert) referenced from lbaselib.o(.constdata)
 <LI><a href="#[5d]">luaB_collectgarbage</a> from lbaselib.o(i.luaB_collectgarbage) referenced from lbaselib.o(.constdata)
 <LI><a href="#[5e]">luaB_dofile</a> from lbaselib.o(i.luaB_dofile) referenced from lbaselib.o(.constdata)
 <LI><a href="#[5f]">luaB_error</a> from lbaselib.o(i.luaB_error) referenced from lbaselib.o(.constdata)
 <LI><a href="#[60]">luaB_getmetatable</a> from lbaselib.o(i.luaB_getmetatable) referenced from lbaselib.o(.constdata)
 <LI><a href="#[61]">luaB_ipairs</a> from lbaselib.o(i.luaB_ipairs) referenced from lbaselib.o(.constdata)
 <LI><a href="#[63]">luaB_load</a> from lbaselib.o(i.luaB_load) referenced from lbaselib.o(.constdata)
 <LI><a href="#[62]">luaB_loadfile</a> from lbaselib.o(i.luaB_loadfile) referenced from lbaselib.o(.constdata)
 <LI><a href="#[4f]">luaB_next</a> from lbaselib.o(i.luaB_next) referenced from lbaselib.o(.constdata)
 <LI><a href="#[4f]">luaB_next</a> from lbaselib.o(i.luaB_next) referenced from lbaselib.o(i.luaB_pairs)
 <LI><a href="#[64]">luaB_pairs</a> from lbaselib.o(i.luaB_pairs) referenced from lbaselib.o(.constdata)
 <LI><a href="#[65]">luaB_pcall</a> from lbaselib.o(i.luaB_pcall) referenced from lbaselib.o(.constdata)
 <LI><a href="#[66]">luaB_print</a> from lbaselib.o(i.luaB_print) referenced from lbaselib.o(.constdata)
 <LI><a href="#[67]">luaB_rawequal</a> from lbaselib.o(i.luaB_rawequal) referenced from lbaselib.o(.constdata)
 <LI><a href="#[69]">luaB_rawget</a> from lbaselib.o(i.luaB_rawget) referenced from lbaselib.o(.constdata)
 <LI><a href="#[68]">luaB_rawlen</a> from lbaselib.o(i.luaB_rawlen) referenced from lbaselib.o(.constdata)
 <LI><a href="#[6a]">luaB_rawset</a> from lbaselib.o(i.luaB_rawset) referenced from lbaselib.o(.constdata)
 <LI><a href="#[6b]">luaB_select</a> from lbaselib.o(i.luaB_select) referenced from lbaselib.o(.constdata)
 <LI><a href="#[6c]">luaB_setmetatable</a> from lbaselib.o(i.luaB_setmetatable) referenced from lbaselib.o(.constdata)
 <LI><a href="#[6d]">luaB_tonumber</a> from lbaselib.o(i.luaB_tonumber) referenced from lbaselib.o(.constdata)
 <LI><a href="#[6e]">luaB_tostring</a> from lbaselib.o(i.luaB_tostring) referenced from lbaselib.o(.constdata)
 <LI><a href="#[59]">luaB_type</a> from lbaselib.o(i.luaB_type) referenced from lbaselib.o(i.luaopen_base)
 <LI><a href="#[6f]">luaB_xpcall</a> from lbaselib.o(i.luaB_xpcall) referenced from lbaselib.o(.constdata)
 <LI><a href="#[45]">lua_geti</a> from lapi.o(i.lua_geti) referenced from ltablib.o(i.checktab)
 <LI><a href="#[45]">lua_geti</a> from lapi.o(i.lua_geti) referenced from ltablib.o(i.tmove)
 <LI><a href="#[5a]">lua_newstate</a> from lstate.o(i.lua_newstate) referenced from lstate.o(i.makeseed)
 <LI><a href="#[47]">lua_rawgeti</a> from lapi.o(i.lua_rawgeti) referenced from ltablib.o(i.checktab)
 <LI><a href="#[47]">lua_rawgeti</a> from lapi.o(i.lua_rawgeti) referenced from ltablib.o(i.tmove)
 <LI><a href="#[48]">lua_rawseti</a> from lapi.o(i.lua_rawseti) referenced from ltablib.o(i.checktab)
 <LI><a href="#[48]">lua_rawseti</a> from lapi.o(i.lua_rawseti) referenced from ltablib.o(i.tmove)
 <LI><a href="#[46]">lua_seti</a> from lapi.o(i.lua_seti) referenced from ltablib.o(i.checktab)
 <LI><a href="#[46]">lua_seti</a> from lapi.o(i.lua_seti) referenced from ltablib.o(i.tmove)
 <LI><a href="#[70]">luaopen_base</a> from lbaselib.o(i.luaopen_base) referenced from linit.o(.constdata)
 <LI><a href="#[73]">luaopen_math</a> from lmathlib.o(i.luaopen_math) referenced from linit.o(.constdata)
 <LI><a href="#[72]">luaopen_string</a> from lstrlib.o(i.luaopen_string) referenced from linit.o(.constdata)
 <LI><a href="#[71]">luaopen_table</a> from ltablib.o(i.luaopen_table) referenced from linit.o(.constdata)
 <LI><a href="#[3c]">main</a> from main.o(i.main) referenced from entry9a.o(.ARM.Collect$$$$0000000B)
 <LI><a href="#[74]">math_abs</a> from lmathlib.o(i.math_abs) referenced from lmathlib.o(.constdata)
 <LI><a href="#[75]">math_acos</a> from lmathlib.o(i.math_acos) referenced from lmathlib.o(.constdata)
 <LI><a href="#[76]">math_asin</a> from lmathlib.o(i.math_asin) referenced from lmathlib.o(.constdata)
 <LI><a href="#[77]">math_atan</a> from lmathlib.o(i.math_atan) referenced from lmathlib.o(.constdata)
 <LI><a href="#[78]">math_ceil</a> from lmathlib.o(i.math_ceil) referenced from lmathlib.o(.constdata)
 <LI><a href="#[79]">math_cos</a> from lmathlib.o(i.math_cos) referenced from lmathlib.o(.constdata)
 <LI><a href="#[7a]">math_deg</a> from lmathlib.o(i.math_deg) referenced from lmathlib.o(.constdata)
 <LI><a href="#[7b]">math_exp</a> from lmathlib.o(i.math_exp) referenced from lmathlib.o(.constdata)
 <LI><a href="#[7d]">math_floor</a> from lmathlib.o(i.math_floor) referenced from lmathlib.o(.constdata)
 <LI><a href="#[7e]">math_fmod</a> from lmathlib.o(i.math_fmod) referenced from lmathlib.o(.constdata)
 <LI><a href="#[80]">math_log</a> from lmathlib.o(i.math_log) referenced from lmathlib.o(.constdata)
 <LI><a href="#[81]">math_max</a> from lmathlib.o(i.math_max) referenced from lmathlib.o(.constdata)
 <LI><a href="#[82]">math_min</a> from lmathlib.o(i.math_min) referenced from lmathlib.o(.constdata)
 <LI><a href="#[83]">math_modf</a> from lmathlib.o(i.math_modf) referenced from lmathlib.o(.constdata)
 <LI><a href="#[84]">math_rad</a> from lmathlib.o(i.math_rad) referenced from lmathlib.o(.constdata)
 <LI><a href="#[85]">math_random</a> from lmathlib.o(i.math_random) referenced from lmathlib.o(.constdata)
 <LI><a href="#[86]">math_randomseed</a> from lmathlib.o(i.math_randomseed) referenced from lmathlib.o(.constdata)
 <LI><a href="#[87]">math_sin</a> from lmathlib.o(i.math_sin) referenced from lmathlib.o(.constdata)
 <LI><a href="#[88]">math_sqrt</a> from lmathlib.o(i.math_sqrt) referenced from lmathlib.o(.constdata)
 <LI><a href="#[89]">math_tan</a> from lmathlib.o(i.math_tan) referenced from lmathlib.o(.constdata)
 <LI><a href="#[7c]">math_toint</a> from lmathlib.o(i.math_toint) referenced from lmathlib.o(.constdata)
 <LI><a href="#[8a]">math_type</a> from lmathlib.o(i.math_type) referenced from lmathlib.o(.constdata)
 <LI><a href="#[7f]">math_ult</a> from lmathlib.o(i.math_ult) referenced from lmathlib.o(.constdata)
 <LI><a href="#[49]">msghandler</a> from mculua.o(i.msghandler) referenced from mculua.o(i.doREPL)
 <LI><a href="#[9e]">pack</a> from ltablib.o(i.pack) referenced from ltablib.o(.constdata)
 <LI><a href="#[55]">panic</a> from lauxlib.o(i.panic) referenced from lauxlib.o(i.luaL_newstate)
 <LI><a href="#[a2]">sort</a> from ltablib.o(i.sort) referenced from ltablib.o(.constdata)
 <LI><a href="#[8b]">str_byte</a> from lstrlib.o(i.str_byte) referenced from lstrlib.o(.constdata)
 <LI><a href="#[8c]">str_char</a> from lstrlib.o(i.str_char) referenced from lstrlib.o(.constdata)
 <LI><a href="#[8d]">str_dump</a> from lstrlib.o(i.str_dump) referenced from lstrlib.o(.constdata)
 <LI><a href="#[8e]">str_find</a> from lstrlib.o(i.str_find) referenced from lstrlib.o(.constdata)
 <LI><a href="#[8f]">str_format</a> from lstrlib.o(i.str_format) referenced from lstrlib.o(.constdata)
 <LI><a href="#[91]">str_gsub</a> from lstrlib.o(i.str_gsub) referenced from lstrlib.o(.constdata)
 <LI><a href="#[92]">str_len</a> from lstrlib.o(i.str_len) referenced from lstrlib.o(.constdata)
 <LI><a href="#[93]">str_lower</a> from lstrlib.o(i.str_lower) referenced from lstrlib.o(.constdata)
 <LI><a href="#[94]">str_match</a> from lstrlib.o(i.str_match) referenced from lstrlib.o(.constdata)
 <LI><a href="#[99]">str_pack</a> from lstrlib.o(i.str_pack) referenced from lstrlib.o(.constdata)
 <LI><a href="#[9a]">str_packsize</a> from lstrlib.o(i.str_packsize) referenced from lstrlib.o(.constdata)
 <LI><a href="#[95]">str_rep</a> from lstrlib.o(i.str_rep) referenced from lstrlib.o(.constdata)
 <LI><a href="#[96]">str_reverse</a> from lstrlib.o(i.str_reverse) referenced from lstrlib.o(.constdata)
 <LI><a href="#[97]">str_sub</a> from lstrlib.o(i.str_sub) referenced from lstrlib.o(.constdata)
 <LI><a href="#[9b]">str_unpack</a> from lstrlib.o(i.str_unpack) referenced from lstrlib.o(.constdata)
 <LI><a href="#[98]">str_upper</a> from lstrlib.o(i.str_upper) referenced from lstrlib.o(.constdata)
 <LI><a href="#[9c]">tconcat</a> from ltablib.o(i.tconcat) referenced from ltablib.o(.constdata)
 <LI><a href="#[9d]">tinsert</a> from ltablib.o(i.tinsert) referenced from ltablib.o(.constdata)
 <LI><a href="#[a1]">tmove</a> from ltablib.o(i.tmove) referenced from ltablib.o(.constdata)
 <LI><a href="#[a0]">tremove</a> from ltablib.o(i.tremove) referenced from ltablib.o(.constdata)
 <LI><a href="#[9f]">unpack</a> from ltablib.o(i.unpack) referenced from ltablib.o(.constdata)
 <LI><a href="#[5b]">writer</a> from lstrlib.o(i.writer) referenced from lstrlib.o(i.str_dump)
</UL>
<P>
<H3>
Global Symbols
</H3>
<P><STRONG><a name="[3e]"></a>__main</STRONG> (Thumb, 0 bytes, Stack size unknown bytes, entry.o(.ARM.Collect$$$$00000000))
<BR>[Address Reference Count : 1]<UL><LI> startup_stm32f103xb.o(.text)
</UL>
<P><STRONG><a name="[318]"></a>_main_stk</STRONG> (Thumb, 0 bytes, Stack size unknown bytes, entry2.o(.ARM.Collect$$$$00000001))

<P><STRONG><a name="[a3]"></a>_main_scatterload</STRONG> (Thumb, 0 bytes, Stack size unknown bytes, entry5.o(.ARM.Collect$$$$00000004))
<BR><BR>[Calls]<UL><LI><a href="#[a4]">&gt;&gt;</a>&nbsp;&nbsp;&nbsp;__scatterload
</UL>

<P><STRONG><a name="[c5]"></a>__main_after_scatterload</STRONG> (Thumb, 0 bytes, Stack size unknown bytes, entry5.o(.ARM.Collect$$$$00000004))
<BR><BR>[Called By]<UL><LI><a href="#[a4]">&gt;&gt;</a>&nbsp;&nbsp;&nbsp;__scatterload
</UL>

<P><STRONG><a name="[319]"></a>_main_clock</STRONG> (Thumb, 0 bytes, Stack size unknown bytes, entry7b.o(.ARM.Collect$$$$00000008))

<P><STRONG><a name="[31a]"></a>_main_cpp_init</STRONG> (Thumb, 0 bytes, Stack size unknown bytes, entry8b.o(.ARM.Collect$$$$0000000A))

<P><STRONG><a name="[31b]"></a>_main_init</STRONG> (Thumb, 0 bytes, Stack size unknown bytes, entry9a.o(.ARM.Collect$$$$0000000B))

<P><STRONG><a name="[31c]"></a>__rt_final_cpp</STRONG> (Thumb, 0 bytes, Stack size unknown bytes, entry10a.o(.ARM.Collect$$$$0000000D))

<P><STRONG><a name="[31d]"></a>__rt_final_exit</STRONG> (Thumb, 0 bytes, Stack size unknown bytes, entry11a.o(.ARM.Collect$$$$0000000F))

<P><STRONG><a name="[7]"></a>Reset_Handler</STRONG> (Thumb, 8 bytes, Stack size 0 bytes, startup_stm32f103xb.o(.text))
<BR>[Address Reference Count : 1]<UL><LI> startup_stm32f103xb.o(RESET)
</UL>
<P><STRONG><a name="[8]"></a>NMI_Handler</STRONG> (Thumb, 2 bytes, Stack size 0 bytes, startup_stm32f103xb.o(.text))
<BR><BR>[Calls]<UL><LI><a href="#[8]">&gt;&gt;</a>&nbsp;&nbsp;&nbsp;NMI_Handler
</UL>
<BR>[Called By]<UL><LI><a href="#[8]">&gt;&gt;</a>&nbsp;&nbsp;&nbsp;NMI_Handler
</UL>
<BR>[Address Reference Count : 1]<UL><LI> startup_stm32f103xb.o(RESET)
</UL>
<P><STRONG><a name="[9]"></a>HardFault_Handler</STRONG> (Thumb, 2 bytes, Stack size 0 bytes, startup_stm32f103xb.o(.text))
<BR><BR>[Calls]<UL><LI><a href="#[9]">&gt;&gt;</a>&nbsp;&nbsp;&nbsp;HardFault_Handler
</UL>
<BR>[Called By]<UL><LI><a href="#[9]">&gt;&gt;</a>&nbsp;&nbsp;&nbsp;HardFault_Handler
</UL>
<BR>[Address Reference Count : 1]<UL><LI> startup_stm32f103xb.o(RESET)
</UL>
<P><STRONG><a name="[a]"></a>MemManage_Handler</STRONG> (Thumb, 2 bytes, Stack size 0 bytes, startup_stm32f103xb.o(.text))
<BR><BR>[Calls]<UL><LI><a href="#[a]">&gt;&gt;</a>&nbsp;&nbsp;&nbsp;MemManage_Handler
</UL>
<BR>[Called By]<UL><LI><a href="#[a]">&gt;&gt;</a>&nbsp;&nbsp;&nbsp;MemManage_Handler
</UL>
<BR>[Address Reference Count : 1]<UL><LI> startup_stm32f103xb.o(RESET)
</UL>
<P><STRONG><a name="[b]"></a>BusFault_Handler</STRONG> (Thumb, 2 bytes, Stack size 0 bytes, startup_stm32f103xb.o(.text))
<BR><BR>[Calls]<UL><LI><a href="#[b]">&gt;&gt;</a>&nbsp;&nbsp;&nbsp;BusFault_Handler
</UL>
<BR>[Called By]<UL><LI><a href="#[b]">&gt;&gt;</a>&nbsp;&nbsp;&nbsp;BusFault_Handler
</UL>
<BR>[Address Reference Count : 1]<UL><LI> startup_stm32f103xb.o(RESET)
</UL>
<P><STRONG><a name="[c]"></a>UsageFault_Handler</STRONG> (Thumb, 2 bytes, Stack size 0 bytes, startup_stm32f103xb.o(.text))
<BR><BR>[Calls]<UL><LI><a href="#[c]">&gt;&gt;</a>&nbsp;&nbsp;&nbsp;UsageFault_Handler
</UL>
<BR>[Called By]<UL><LI><a href="#[c]">&gt;&gt;</a>&nbsp;&nbsp;&nbsp;UsageFault_Handler
</UL>
<BR>[Address Reference Count : 1]<UL><LI> startup_stm32f103xb.o(RESET)
</UL>
<P><STRONG><a name="[d]"></a>SVC_Handler</STRONG> (Thumb, 2 bytes, Stack size 0 bytes, startup_stm32f103xb.o(.text))
<BR><BR>[Calls]<UL><LI><a href="#[d]">&gt;&gt;</a>&nbsp;&nbsp;&nbsp;SVC_Handler
</UL>
<BR>[Called By]<UL><LI><a href="#[d]">&gt;&gt;</a>&nbsp;&nbsp;&nbsp;SVC_Handler
</UL>
<BR>[Address Reference Count : 1]<UL><LI> startup_stm32f103xb.o(RESET)
</UL>
<P><STRONG><a name="[e]"></a>DebugMon_Handler</STRONG> (Thumb, 2 bytes, Stack size 0 bytes, startup_stm32f103xb.o(.text))
<BR><BR>[Calls]<UL><LI><a href="#[e]">&gt;&gt;</a>&nbsp;&nbsp;&nbsp;DebugMon_Handler
</UL>
<BR>[Called By]<UL><LI><a href="#[e]">&gt;&gt;</a>&nbsp;&nbsp;&nbsp;DebugMon_Handler
</UL>
<BR>[Address Reference Count : 1]<UL><LI> startup_stm32f103xb.o(RESET)
</UL>
<P><STRONG><a name="[f]"></a>PendSV_Handler</STRONG> (Thumb, 2 bytes, Stack size 0 bytes, startup_stm32f103xb.o(.text))
<BR><BR>[Calls]<UL><LI><a href="#[f]">&gt;&gt;</a>&nbsp;&nbsp;&nbsp;PendSV_Handler
</UL>
<BR>[Called By]<UL><LI><a href="#[f]">&gt;&gt;</a>&nbsp;&nbsp;&nbsp;PendSV_Handler
</UL>
<BR>[Address Reference Count : 1]<UL><LI> startup_stm32f103xb.o(RESET)
</UL>
<P><STRONG><a name="[23]"></a>ADC1_2_IRQHandler</STRONG> (Thumb, 0 bytes, Stack size 0 bytes, startup_stm32f103xb.o(.text))
<BR><BR>[Calls]<UL><LI><a href="#[23]">&gt;&gt;</a>&nbsp;&nbsp;&nbsp;ADC1_2_IRQHandler
</UL>
<BR>[Called By]<UL><LI><a href="#[23]">&gt;&gt;</a>&nbsp;&nbsp;&nbsp;ADC1_2_IRQHandler
</UL>
<BR>[Address Reference Count : 1]<UL><LI> startup_stm32f103xb.o(RESET)
</UL>
<P><STRONG><a name="[26]"></a>CAN1_RX1_IRQHandler</STRONG> (Thumb, 0 bytes, Stack size 0 bytes, startup_stm32f103xb.o(.text))
<BR>[Address Reference Count : 1]<UL><LI> startup_stm32f103xb.o(RESET)
</UL>
<P><STRONG><a name="[27]"></a>CAN1_SCE_IRQHandler</STRONG> (Thumb, 0 bytes, Stack size 0 bytes, startup_stm32f103xb.o(.text))
<BR>[Address Reference Count : 1]<UL><LI> startup_stm32f103xb.o(RESET)
</UL>
<P><STRONG><a name="[1c]"></a>DMA1_Channel1_IRQHandler</STRONG> (Thumb, 0 bytes, Stack size 0 bytes, startup_stm32f103xb.o(.text))
<BR>[Address Reference Count : 1]<UL><LI> startup_stm32f103xb.o(RESET)
</UL>
<P><STRONG><a name="[1d]"></a>DMA1_Channel2_IRQHandler</STRONG> (Thumb, 0 bytes, Stack size 0 bytes, startup_stm32f103xb.o(.text))
<BR>[Address Reference Count : 1]<UL><LI> startup_stm32f103xb.o(RESET)
</UL>
<P><STRONG><a name="[1e]"></a>DMA1_Channel3_IRQHandler</STRONG> (Thumb, 0 bytes, Stack size 0 bytes, startup_stm32f103xb.o(.text))
<BR>[Address Reference Count : 1]<UL><LI> startup_stm32f103xb.o(RESET)
</UL>
<P><STRONG><a name="[1f]"></a>DMA1_Channel4_IRQHandler</STRONG> (Thumb, 0 bytes, Stack size 0 bytes, startup_stm32f103xb.o(.text))
<BR>[Address Reference Count : 1]<UL><LI> startup_stm32f103xb.o(RESET)
</UL>
<P><STRONG><a name="[20]"></a>DMA1_Channel5_IRQHandler</STRONG> (Thumb, 0 bytes, Stack size 0 bytes, startup_stm32f103xb.o(.text))
<BR>[Address Reference Count : 1]<UL><LI> startup_stm32f103xb.o(RESET)
</UL>
<P><STRONG><a name="[21]"></a>DMA1_Channel6_IRQHandler</STRONG> (Thumb, 0 bytes, Stack size 0 bytes, startup_stm32f103xb.o(.text))
<BR>[Address Reference Count : 1]<UL><LI> startup_stm32f103xb.o(RESET)
</UL>
<P><STRONG><a name="[22]"></a>DMA1_Channel7_IRQHandler</STRONG> (Thumb, 0 bytes, Stack size 0 bytes, startup_stm32f103xb.o(.text))
<BR>[Address Reference Count : 1]<UL><LI> startup_stm32f103xb.o(RESET)
</UL>
<P><STRONG><a name="[17]"></a>EXTI0_IRQHandler</STRONG> (Thumb, 0 bytes, Stack size 0 bytes, startup_stm32f103xb.o(.text))
<BR>[Address Reference Count : 1]<UL><LI> startup_stm32f103xb.o(RESET)
</UL>
<P><STRONG><a name="[39]"></a>EXTI15_10_IRQHandler</STRONG> (Thumb, 0 bytes, Stack size 0 bytes, startup_stm32f103xb.o(.text))
<BR>[Address Reference Count : 1]<UL><LI> startup_stm32f103xb.o(RESET)
</UL>
<P><STRONG><a name="[18]"></a>EXTI1_IRQHandler</STRONG> (Thumb, 0 bytes, Stack size 0 bytes, startup_stm32f103xb.o(.text))
<BR>[Address Reference Count : 1]<UL><LI> startup_stm32f103xb.o(RESET)
</UL>
<P><STRONG><a name="[19]"></a>EXTI2_IRQHandler</STRONG> (Thumb, 0 bytes, Stack size 0 bytes, startup_stm32f103xb.o(.text))
<BR>[Address Reference Count : 1]<UL><LI> startup_stm32f103xb.o(RESET)
</UL>
<P><STRONG><a name="[1a]"></a>EXTI3_IRQHandler</STRONG> (Thumb, 0 bytes, Stack size 0 bytes, startup_stm32f103xb.o(.text))
<BR>[Address Reference Count : 1]<UL><LI> startup_stm32f103xb.o(RESET)
</UL>
<P><STRONG><a name="[1b]"></a>EXTI4_IRQHandler</STRONG> (Thumb, 0 bytes, Stack size 0 bytes, startup_stm32f103xb.o(.text))
<BR>[Address Reference Count : 1]<UL><LI> startup_stm32f103xb.o(RESET)
</UL>
<P><STRONG><a name="[28]"></a>EXTI9_5_IRQHandler</STRONG> (Thumb, 0 bytes, Stack size 0 bytes, startup_stm32f103xb.o(.text))
<BR>[Address Reference Count : 1]<UL><LI> startup_stm32f103xb.o(RESET)
</UL>
<P><STRONG><a name="[15]"></a>FLASH_IRQHandler</STRONG> (Thumb, 0 bytes, Stack size 0 bytes, startup_stm32f103xb.o(.text))
<BR>[Address Reference Count : 1]<UL><LI> startup_stm32f103xb.o(RESET)
</UL>
<P><STRONG><a name="[31]"></a>I2C1_ER_IRQHandler</STRONG> (Thumb, 0 bytes, Stack size 0 bytes, startup_stm32f103xb.o(.text))
<BR>[Address Reference Count : 1]<UL><LI> startup_stm32f103xb.o(RESET)
</UL>
<P><STRONG><a name="[30]"></a>I2C1_EV_IRQHandler</STRONG> (Thumb, 0 bytes, Stack size 0 bytes, startup_stm32f103xb.o(.text))
<BR>[Address Reference Count : 1]<UL><LI> startup_stm32f103xb.o(RESET)
</UL>
<P><STRONG><a name="[33]"></a>I2C2_ER_IRQHandler</STRONG> (Thumb, 0 bytes, Stack size 0 bytes, startup_stm32f103xb.o(.text))
<BR>[Address Reference Count : 1]<UL><LI> startup_stm32f103xb.o(RESET)
</UL>
<P><STRONG><a name="[32]"></a>I2C2_EV_IRQHandler</STRONG> (Thumb, 0 bytes, Stack size 0 bytes, startup_stm32f103xb.o(.text))
<BR>[Address Reference Count : 1]<UL><LI> startup_stm32f103xb.o(RESET)
</UL>
<P><STRONG><a name="[12]"></a>PVD_IRQHandler</STRONG> (Thumb, 0 bytes, Stack size 0 bytes, startup_stm32f103xb.o(.text))
<BR>[Address Reference Count : 1]<UL><LI> startup_stm32f103xb.o(RESET)
</UL>
<P><STRONG><a name="[16]"></a>RCC_IRQHandler</STRONG> (Thumb, 0 bytes, Stack size 0 bytes, startup_stm32f103xb.o(.text))
<BR>[Address Reference Count : 1]<UL><LI> startup_stm32f103xb.o(RESET)
</UL>
<P><STRONG><a name="[3a]"></a>RTC_Alarm_IRQHandler</STRONG> (Thumb, 0 bytes, Stack size 0 bytes, startup_stm32f103xb.o(.text))
<BR>[Address Reference Count : 1]<UL><LI> startup_stm32f103xb.o(RESET)
</UL>
<P><STRONG><a name="[14]"></a>RTC_IRQHandler</STRONG> (Thumb, 0 bytes, Stack size 0 bytes, startup_stm32f103xb.o(.text))
<BR>[Address Reference Count : 1]<UL><LI> startup_stm32f103xb.o(RESET)
</UL>
<P><STRONG><a name="[34]"></a>SPI1_IRQHandler</STRONG> (Thumb, 0 bytes, Stack size 0 bytes, startup_stm32f103xb.o(.text))
<BR>[Address Reference Count : 1]<UL><LI> startup_stm32f103xb.o(RESET)
</UL>
<P><STRONG><a name="[35]"></a>SPI2_IRQHandler</STRONG> (Thumb, 0 bytes, Stack size 0 bytes, startup_stm32f103xb.o(.text))
<BR>[Address Reference Count : 1]<UL><LI> startup_stm32f103xb.o(RESET)
</UL>
<P><STRONG><a name="[13]"></a>TAMPER_IRQHandler</STRONG> (Thumb, 0 bytes, Stack size 0 bytes, startup_stm32f103xb.o(.text))
<BR>[Address Reference Count : 1]<UL><LI> startup_stm32f103xb.o(RESET)
</UL>
<P><STRONG><a name="[29]"></a>TIM1_BRK_IRQHandler</STRONG> (Thumb, 0 bytes, Stack size 0 bytes, startup_stm32f103xb.o(.text))
<BR>[Address Reference Count : 1]<UL><LI> startup_stm32f103xb.o(RESET)
</UL>
<P><STRONG><a name="[2c]"></a>TIM1_CC_IRQHandler</STRONG> (Thumb, 0 bytes, Stack size 0 bytes, startup_stm32f103xb.o(.text))
<BR>[Address Reference Count : 1]<UL><LI> startup_stm32f103xb.o(RESET)
</UL>
<P><STRONG><a name="[2b]"></a>TIM1_TRG_COM_IRQHandler</STRONG> (Thumb, 0 bytes, Stack size 0 bytes, startup_stm32f103xb.o(.text))
<BR>[Address Reference Count : 1]<UL><LI> startup_stm32f103xb.o(RESET)
</UL>
<P><STRONG><a name="[2a]"></a>TIM1_UP_IRQHandler</STRONG> (Thumb, 0 bytes, Stack size 0 bytes, startup_stm32f103xb.o(.text))
<BR>[Address Reference Count : 1]<UL><LI> startup_stm32f103xb.o(RESET)
</UL>
<P><STRONG><a name="[2d]"></a>TIM2_IRQHandler</STRONG> (Thumb, 0 bytes, Stack size 0 bytes, startup_stm32f103xb.o(.text))
<BR>[Address Reference Count : 1]<UL><LI> startup_stm32f103xb.o(RESET)
</UL>
<P><STRONG><a name="[2e]"></a>TIM3_IRQHandler</STRONG> (Thumb, 0 bytes, Stack size 0 bytes, startup_stm32f103xb.o(.text))
<BR>[Address Reference Count : 1]<UL><LI> startup_stm32f103xb.o(RESET)
</UL>
<P><STRONG><a name="[2f]"></a>TIM4_IRQHandler</STRONG> (Thumb, 0 bytes, Stack size 0 bytes, startup_stm32f103xb.o(.text))
<BR>[Address Reference Count : 1]<UL><LI> startup_stm32f103xb.o(RESET)
</UL>
<P><STRONG><a name="[36]"></a>USART1_IRQHandler</STRONG> (Thumb, 0 bytes, Stack size 0 bytes, startup_stm32f103xb.o(.text))
<BR>[Address Reference Count : 1]<UL><LI> startup_stm32f103xb.o(RESET)
</UL>
<P><STRONG><a name="[37]"></a>USART2_IRQHandler</STRONG> (Thumb, 0 bytes, Stack size 0 bytes, startup_stm32f103xb.o(.text))
<BR>[Address Reference Count : 1]<UL><LI> startup_stm32f103xb.o(RESET)
</UL>
<P><STRONG><a name="[38]"></a>USART3_IRQHandler</STRONG> (Thumb, 0 bytes, Stack size 0 bytes, startup_stm32f103xb.o(.text))
<BR>[Address Reference Count : 1]<UL><LI> startup_stm32f103xb.o(RESET)
</UL>
<P><STRONG><a name="[3b]"></a>USBWakeUp_IRQHandler</STRONG> (Thumb, 0 bytes, Stack size 0 bytes, startup_stm32f103xb.o(.text))
<BR>[Address Reference Count : 1]<UL><LI> startup_stm32f103xb.o(RESET)
</UL>
<P><STRONG><a name="[24]"></a>USB_HP_CAN1_TX_IRQHandler</STRONG> (Thumb, 0 bytes, Stack size 0 bytes, startup_stm32f103xb.o(.text))
<BR>[Address Reference Count : 1]<UL><LI> startup_stm32f103xb.o(RESET)
</UL>
<P><STRONG><a name="[25]"></a>USB_LP_CAN1_RX0_IRQHandler</STRONG> (Thumb, 0 bytes, Stack size 0 bytes, startup_stm32f103xb.o(.text))
<BR>[Address Reference Count : 1]<UL><LI> startup_stm32f103xb.o(RESET)
</UL>
<P><STRONG><a name="[11]"></a>WWDG_IRQHandler</STRONG> (Thumb, 0 bytes, Stack size 0 bytes, startup_stm32f103xb.o(.text))
<BR>[Address Reference Count : 1]<UL><LI> startup_stm32f103xb.o(RESET)
</UL>
<P><STRONG><a name="[b9]"></a>__aeabi_llsr</STRONG> (Thumb, 32 bytes, Stack size 0 bytes, llushr.o(.text))
<BR><BR>[Called By]<UL><LI><a href="#[b8]">&gt;&gt;</a>&nbsp;&nbsp;&nbsp;__aeabi_d2iz
<LI><a href="#[c3]">&gt;&gt;</a>&nbsp;&nbsp;&nbsp;__aeabi_d2ulz
<LI><a href="#[bb]">&gt;&gt;</a>&nbsp;&nbsp;&nbsp;__aeabi_uldivmod
<LI><a href="#[b1]">&gt;&gt;</a>&nbsp;&nbsp;&nbsp;_double_epilogue
</UL>

<P><STRONG><a name="[31e]"></a>_ll_ushift_r</STRONG> (Thumb, 0 bytes, Stack size 0 bytes, llushr.o(.text), UNUSED)

<P><STRONG><a name="[a5]"></a>__rt_ctype_table</STRONG> (Thumb, 4 bytes, Stack size 0 bytes, ctype_o.o(.text))
<BR><BR>[Called By]<UL><LI><a href="#[178]">&gt;&gt;</a>&nbsp;&nbsp;&nbsp;b_str2int
<LI><a href="#[307]">&gt;&gt;</a>&nbsp;&nbsp;&nbsp;scanformat
<LI><a href="#[2ef]">&gt;&gt;</a>&nbsp;&nbsp;&nbsp;match_class
<LI><a href="#[14a]">&gt;&gt;</a>&nbsp;&nbsp;&nbsp;addquoted
<LI><a href="#[12c]">&gt;&gt;</a>&nbsp;&nbsp;&nbsp;add_s
<LI><a href="#[41]">&gt;&gt;</a>&nbsp;&nbsp;&nbsp;isspace
</UL>

<P><STRONG><a name="[41]"></a>isspace</STRONG> (Thumb, 18 bytes, Stack size 8 bytes, isspace_o.o(.text))
<BR><BR>[Stack]<UL><LI>Max Depth = 8<LI>Call Chain = isspace
</UL>
<BR>[Calls]<UL><LI><a href="#[a5]">&gt;&gt;</a>&nbsp;&nbsp;&nbsp;__rt_ctype_table
</UL>
<BR>[Address Reference Count : 1]<UL><LI> strtod.o(.text)
</UL>
<P><STRONG><a name="[17a]"></a>toupper</STRONG> (Thumb, 12 bytes, Stack size 0 bytes, toupper.o(.text))
<BR><BR>[Called By]<UL><LI><a href="#[178]">&gt;&gt;</a>&nbsp;&nbsp;&nbsp;b_str2int
<LI><a href="#[98]">&gt;&gt;</a>&nbsp;&nbsp;&nbsp;str_upper
</UL>

<P><STRONG><a name="[2f0]"></a>tolower</STRONG> (Thumb, 12 bytes, Stack size 0 bytes, tolower.o(.text))
<BR><BR>[Called By]<UL><LI><a href="#[93]">&gt;&gt;</a>&nbsp;&nbsp;&nbsp;str_lower
<LI><a href="#[2ef]">&gt;&gt;</a>&nbsp;&nbsp;&nbsp;match_class
</UL>

<P><STRONG><a name="[2f2]"></a>rand</STRONG> (Thumb, 20 bytes, Stack size 0 bytes, rand.o(.text))
<BR><BR>[Called By]<UL><LI><a href="#[86]">&gt;&gt;</a>&nbsp;&nbsp;&nbsp;math_randomseed
<LI><a href="#[85]">&gt;&gt;</a>&nbsp;&nbsp;&nbsp;math_random
</UL>

<P><STRONG><a name="[2f3]"></a>srand</STRONG> (Thumb, 6 bytes, Stack size 0 bytes, rand.o(.text))
<BR><BR>[Called By]<UL><LI><a href="#[86]">&gt;&gt;</a>&nbsp;&nbsp;&nbsp;math_randomseed
</UL>

<P><STRONG><a name="[2ce]"></a>localeconv</STRONG> (Thumb, 4 bytes, Stack size 0 bytes, localeconv.o(.text))
<BR><BR>[Called By]<UL><LI><a href="#[2cb]">&gt;&gt;</a>&nbsp;&nbsp;&nbsp;luaO_tostring
<LI><a href="#[255]">&gt;&gt;</a>&nbsp;&nbsp;&nbsp;read_numeral
</UL>

<P><STRONG><a name="[1ce]"></a>__aeabi_memcpy</STRONG> (Thumb, 36 bytes, Stack size 0 bytes, memcpya.o(.text))
<BR><BR>[Called By]<UL><LI><a href="#[12e]">&gt;&gt;</a>&nbsp;&nbsp;&nbsp;luaL_prepbuffsize
<LI><a href="#[135]">&gt;&gt;</a>&nbsp;&nbsp;&nbsp;luaL_addlstring
<LI><a href="#[2ca]">&gt;&gt;</a>&nbsp;&nbsp;&nbsp;luaV_concat
<LI><a href="#[222]">&gt;&gt;</a>&nbsp;&nbsp;&nbsp;luaO_chunkid
<LI><a href="#[fd]">&gt;&gt;</a>&nbsp;&nbsp;&nbsp;luaZ_read
<LI><a href="#[95]">&gt;&gt;</a>&nbsp;&nbsp;&nbsp;str_rep
<LI><a href="#[307]">&gt;&gt;</a>&nbsp;&nbsp;&nbsp;scanformat
<LI><a href="#[1cc]">&gt;&gt;</a>&nbsp;&nbsp;&nbsp;createstrobj
<LI><a href="#[116]">&gt;&gt;</a>&nbsp;&nbsp;&nbsp;internal_alloc
</UL>

<P><STRONG><a name="[298]"></a>__aeabi_memcpy4</STRONG> (Thumb, 0 bytes, Stack size 0 bytes, memcpya.o(.text))
<BR><BR>[Called By]<UL><LI><a href="#[296]">&gt;&gt;</a>&nbsp;&nbsp;&nbsp;luaH_newkey
</UL>

<P><STRONG><a name="[31f]"></a>__aeabi_memcpy8</STRONG> (Thumb, 0 bytes, Stack size 0 bytes, memcpya.o(.text), UNUSED)

<P><STRONG><a name="[194]"></a>strchr</STRONG> (Thumb, 20 bytes, Stack size 0 bytes, strchr.o(.text))
<BR><BR>[Called By]<UL><LI><a href="#[193]">&gt;&gt;</a>&nbsp;&nbsp;&nbsp;checkmode
<LI><a href="#[2a4]">&gt;&gt;</a>&nbsp;&nbsp;&nbsp;lua_getinfo
<LI><a href="#[28c]">&gt;&gt;</a>&nbsp;&nbsp;&nbsp;luaO_pushvfstring
<LI><a href="#[222]">&gt;&gt;</a>&nbsp;&nbsp;&nbsp;luaO_chunkid
<LI><a href="#[2fc]">&gt;&gt;</a>&nbsp;&nbsp;&nbsp;traversetable
<LI><a href="#[8f]">&gt;&gt;</a>&nbsp;&nbsp;&nbsp;str_format
<LI><a href="#[307]">&gt;&gt;</a>&nbsp;&nbsp;&nbsp;scanformat
</UL>

<P><STRONG><a name="[147]"></a>strlen</STRONG> (Thumb, 14 bytes, Stack size 0 bytes, strlen.o(.text))
<BR><BR>[Called By]<UL><LI><a href="#[261]">&gt;&gt;</a>&nbsp;&nbsp;&nbsp;luaL_optlstring
<LI><a href="#[14d]">&gt;&gt;</a>&nbsp;&nbsp;&nbsp;luaL_addstring
<LI><a href="#[235]">&gt;&gt;</a>&nbsp;&nbsp;&nbsp;luaS_new
<LI><a href="#[28c]">&gt;&gt;</a>&nbsp;&nbsp;&nbsp;luaO_pushvfstring
<LI><a href="#[222]">&gt;&gt;</a>&nbsp;&nbsp;&nbsp;luaO_chunkid
<LI><a href="#[1d9]">&gt;&gt;</a>&nbsp;&nbsp;&nbsp;pushline
<LI><a href="#[24b]">&gt;&gt;</a>&nbsp;&nbsp;&nbsp;l_strcmp
<LI><a href="#[18a]">&gt;&gt;</a>&nbsp;&nbsp;&nbsp;checkliteral
<LI><a href="#[9b]">&gt;&gt;</a>&nbsp;&nbsp;&nbsp;str_unpack
<LI><a href="#[99]">&gt;&gt;</a>&nbsp;&nbsp;&nbsp;str_pack
<LI><a href="#[30f]">&gt;&gt;</a>&nbsp;&nbsp;&nbsp;str_find_aux
<LI><a href="#[146]">&gt;&gt;</a>&nbsp;&nbsp;&nbsp;addlenmod
</UL>

<P><STRONG><a name="[a7]"></a>strcmp</STRONG> (Thumb, 28 bytes, Stack size 8 bytes, strcmp.o(.text))
<BR><BR>[Stack]<UL><LI>Max Depth = 8<LI>Call Chain = strcmp
</UL>
<BR>[Called By]<UL><LI><a href="#[25d]">&gt;&gt;</a>&nbsp;&nbsp;&nbsp;luaL_checkoption
<LI><a href="#[228]">&gt;&gt;</a>&nbsp;&nbsp;&nbsp;luaL_argerror
<LI><a href="#[235]">&gt;&gt;</a>&nbsp;&nbsp;&nbsp;luaS_new
<LI><a href="#[1da]">&gt;&gt;</a>&nbsp;&nbsp;&nbsp;multiline
<LI><a href="#[229]">&gt;&gt;</a>&nbsp;&nbsp;&nbsp;getobjname
<LI><a href="#[a6]">&gt;&gt;</a>&nbsp;&nbsp;&nbsp;strcoll
</UL>

<P><STRONG><a name="[310]"></a>memchr</STRONG> (Thumb, 20 bytes, Stack size 0 bytes, memchr.o(.text))
<BR><BR>[Called By]<UL><LI><a href="#[30f]">&gt;&gt;</a>&nbsp;&nbsp;&nbsp;str_find_aux
</UL>

<P><STRONG><a name="[192]"></a>memcmp</STRONG> (Thumb, 26 bytes, Stack size 12 bytes, memcmp.o(.text))
<BR><BR>[Stack]<UL><LI>Max Depth = 12<LI>Call Chain = memcmp
</UL>
<BR>[Called By]<UL><LI><a href="#[18a]">&gt;&gt;</a>&nbsp;&nbsp;&nbsp;checkliteral
<LI><a href="#[30f]">&gt;&gt;</a>&nbsp;&nbsp;&nbsp;str_find_aux
<LI><a href="#[233]">&gt;&gt;</a>&nbsp;&nbsp;&nbsp;match
<LI><a href="#[2cf]">&gt;&gt;</a>&nbsp;&nbsp;&nbsp;luaS_eqlngstr
<LI><a href="#[23d]">&gt;&gt;</a>&nbsp;&nbsp;&nbsp;internshrstr
</UL>

<P><STRONG><a name="[a6]"></a>strcoll</STRONG> (Thumb, 4 bytes, Stack size 0 bytes, strcoll.o(.text))
<BR><BR>[Stack]<UL><LI>Max Depth = 8<LI>Call Chain = strcoll &rArr; strcmp
</UL>
<BR>[Calls]<UL><LI><a href="#[a7]">&gt;&gt;</a>&nbsp;&nbsp;&nbsp;strcmp
</UL>
<BR>[Called By]<UL><LI><a href="#[24b]">&gt;&gt;</a>&nbsp;&nbsp;&nbsp;l_strcmp
</UL>

<P><STRONG><a name="[148]"></a>strcpy</STRONG> (Thumb, 18 bytes, Stack size 0 bytes, strcpy.o(.text))
<BR><BR>[Called By]<UL><LI><a href="#[146]">&gt;&gt;</a>&nbsp;&nbsp;&nbsp;addlenmod
</UL>

<P><STRONG><a name="[2ff]"></a>strncmp</STRONG> (Thumb, 30 bytes, Stack size 12 bytes, strncmp.o(.text))
<BR><BR>[Stack]<UL><LI>Max Depth = 12<LI>Call Chain = strncmp
</UL>
<BR>[Called By]<UL><LI><a href="#[2a5]">&gt;&gt;</a>&nbsp;&nbsp;&nbsp;pushglobalfuncname
</UL>

<P><STRONG><a name="[179]"></a>strspn</STRONG> (Thumb, 28 bytes, Stack size 12 bytes, strspn.o(.text))
<BR><BR>[Stack]<UL><LI>Max Depth = 12<LI>Call Chain = strspn
</UL>
<BR>[Called By]<UL><LI><a href="#[178]">&gt;&gt;</a>&nbsp;&nbsp;&nbsp;b_str2int
<LI><a href="#[2cb]">&gt;&gt;</a>&nbsp;&nbsp;&nbsp;luaO_tostring
</UL>

<P><STRONG><a name="[248]"></a>strpbrk</STRONG> (Thumb, 32 bytes, Stack size 8 bytes, strpbrk.o(.text))
<BR><BR>[Stack]<UL><LI>Max Depth = 8<LI>Call Chain = strpbrk
</UL>
<BR>[Called By]<UL><LI><a href="#[247]">&gt;&gt;</a>&nbsp;&nbsp;&nbsp;l_str2d
<LI><a href="#[30f]">&gt;&gt;</a>&nbsp;&nbsp;&nbsp;str_find_aux
</UL>

<P><STRONG><a name="[1e3]"></a>strerror</STRONG> (Thumb, 40 bytes, Stack size 0 bytes, strerror.o(.text))
<BR><BR>[Called By]<UL><LI><a href="#[1e1]">&gt;&gt;</a>&nbsp;&nbsp;&nbsp;errfile
</UL>

<P><STRONG><a name="[a8]"></a>__aeabi_fadd</STRONG> (Thumb, 164 bytes, Stack size 16 bytes, fadd.o(.text))
<BR><BR>[Stack]<UL><LI>Max Depth = 20<LI>Call Chain = __aeabi_fadd &rArr; _float_epilogue
</UL>
<BR>[Calls]<UL><LI><a href="#[aa]">&gt;&gt;</a>&nbsp;&nbsp;&nbsp;_float_round
<LI><a href="#[a9]">&gt;&gt;</a>&nbsp;&nbsp;&nbsp;_float_epilogue
</UL>
<BR>[Called By]<UL><LI><a href="#[277]">&gt;&gt;</a>&nbsp;&nbsp;&nbsp;luaV_execute
<LI><a href="#[5d]">&gt;&gt;</a>&nbsp;&nbsp;&nbsp;luaB_collectgarbage
<LI><a href="#[28e]">&gt;&gt;</a>&nbsp;&nbsp;&nbsp;luaV_tointeger
<LI><a href="#[2c7]">&gt;&gt;</a>&nbsp;&nbsp;&nbsp;numarith
<LI><a href="#[ab]">&gt;&gt;</a>&nbsp;&nbsp;&nbsp;__aeabi_fsub
<LI><a href="#[25a]">&gt;&gt;</a>&nbsp;&nbsp;&nbsp;log2f
<LI><a href="#[259]">&gt;&gt;</a>&nbsp;&nbsp;&nbsp;log10f
<LI><a href="#[20d]">&gt;&gt;</a>&nbsp;&nbsp;&nbsp;floorf
<LI><a href="#[1ed]">&gt;&gt;</a>&nbsp;&nbsp;&nbsp;expf
<LI><a href="#[1c8]">&gt;&gt;</a>&nbsp;&nbsp;&nbsp;cosf
<LI><a href="#[186]">&gt;&gt;</a>&nbsp;&nbsp;&nbsp;ceilf
<LI><a href="#[166]">&gt;&gt;</a>&nbsp;&nbsp;&nbsp;atan2f
<LI><a href="#[159]">&gt;&gt;</a>&nbsp;&nbsp;&nbsp;asinf
<LI><a href="#[ac]">&gt;&gt;</a>&nbsp;&nbsp;&nbsp;__aeabi_frsub
<LI><a href="#[12a]">&gt;&gt;</a>&nbsp;&nbsp;&nbsp;acosf
<LI><a href="#[2f5]">&gt;&gt;</a>&nbsp;&nbsp;&nbsp;tanf
<LI><a href="#[2f4]">&gt;&gt;</a>&nbsp;&nbsp;&nbsp;sinf
<LI><a href="#[2d9]">&gt;&gt;</a>&nbsp;&nbsp;&nbsp;powf
<LI><a href="#[25b]">&gt;&gt;</a>&nbsp;&nbsp;&nbsp;logf
<LI><a href="#[11f]">&gt;&gt;</a>&nbsp;&nbsp;&nbsp;__mathlib_rredf2
<LI><a href="#[11a]">&gt;&gt;</a>&nbsp;&nbsp;&nbsp;__mathlib_flt_infnan2
</UL>

<P><STRONG><a name="[ab]"></a>__aeabi_fsub</STRONG> (Thumb, 6 bytes, Stack size 0 bytes, fadd.o(.text))
<BR><BR>[Stack]<UL><LI>Max Depth = 20<LI>Call Chain = __aeabi_fsub &rArr; __aeabi_fadd &rArr; _float_epilogue
</UL>
<BR>[Calls]<UL><LI><a href="#[a8]">&gt;&gt;</a>&nbsp;&nbsp;&nbsp;__aeabi_fadd
</UL>
<BR>[Called By]<UL><LI><a href="#[277]">&gt;&gt;</a>&nbsp;&nbsp;&nbsp;luaV_execute
<LI><a href="#[2c7]">&gt;&gt;</a>&nbsp;&nbsp;&nbsp;numarith
<LI><a href="#[83]">&gt;&gt;</a>&nbsp;&nbsp;&nbsp;math_modf
<LI><a href="#[25a]">&gt;&gt;</a>&nbsp;&nbsp;&nbsp;log2f
<LI><a href="#[259]">&gt;&gt;</a>&nbsp;&nbsp;&nbsp;log10f
<LI><a href="#[1ed]">&gt;&gt;</a>&nbsp;&nbsp;&nbsp;expf
<LI><a href="#[1c8]">&gt;&gt;</a>&nbsp;&nbsp;&nbsp;cosf
<LI><a href="#[166]">&gt;&gt;</a>&nbsp;&nbsp;&nbsp;atan2f
<LI><a href="#[12a]">&gt;&gt;</a>&nbsp;&nbsp;&nbsp;acosf
<LI><a href="#[2f5]">&gt;&gt;</a>&nbsp;&nbsp;&nbsp;tanf
<LI><a href="#[2f4]">&gt;&gt;</a>&nbsp;&nbsp;&nbsp;sinf
<LI><a href="#[2d9]">&gt;&gt;</a>&nbsp;&nbsp;&nbsp;powf
<LI><a href="#[25b]">&gt;&gt;</a>&nbsp;&nbsp;&nbsp;logf
<LI><a href="#[11f]">&gt;&gt;</a>&nbsp;&nbsp;&nbsp;__mathlib_rredf2
</UL>

<P><STRONG><a name="[ac]"></a>__aeabi_frsub</STRONG> (Thumb, 6 bytes, Stack size 0 bytes, fadd.o(.text))
<BR><BR>[Stack]<UL><LI>Max Depth = 20<LI>Call Chain = __aeabi_frsub &rArr; __aeabi_fadd &rArr; _float_epilogue
</UL>
<BR>[Calls]<UL><LI><a href="#[a8]">&gt;&gt;</a>&nbsp;&nbsp;&nbsp;__aeabi_fadd
</UL>
<BR>[Called By]<UL><LI><a href="#[20e]">&gt;&gt;</a>&nbsp;&nbsp;&nbsp;fmodf
<LI><a href="#[1ed]">&gt;&gt;</a>&nbsp;&nbsp;&nbsp;expf
<LI><a href="#[1c8]">&gt;&gt;</a>&nbsp;&nbsp;&nbsp;cosf
<LI><a href="#[166]">&gt;&gt;</a>&nbsp;&nbsp;&nbsp;atan2f
<LI><a href="#[159]">&gt;&gt;</a>&nbsp;&nbsp;&nbsp;asinf
<LI><a href="#[12a]">&gt;&gt;</a>&nbsp;&nbsp;&nbsp;acosf
<LI><a href="#[2f5]">&gt;&gt;</a>&nbsp;&nbsp;&nbsp;tanf
<LI><a href="#[2f4]">&gt;&gt;</a>&nbsp;&nbsp;&nbsp;sinf
<LI><a href="#[2d9]">&gt;&gt;</a>&nbsp;&nbsp;&nbsp;powf
<LI><a href="#[11f]">&gt;&gt;</a>&nbsp;&nbsp;&nbsp;__mathlib_rredf2
</UL>

<P><STRONG><a name="[120]"></a>__aeabi_fmul</STRONG> (Thumb, 100 bytes, Stack size 8 bytes, fmul.o(.text))
<BR><BR>[Stack]<UL><LI>Max Depth = 8<LI>Call Chain = __aeabi_fmul
</UL>
<BR>[Called By]<UL><LI><a href="#[277]">&gt;&gt;</a>&nbsp;&nbsp;&nbsp;luaV_execute
<LI><a href="#[2c7]">&gt;&gt;</a>&nbsp;&nbsp;&nbsp;numarith
<LI><a href="#[84]">&gt;&gt;</a>&nbsp;&nbsp;&nbsp;math_rad
<LI><a href="#[7a]">&gt;&gt;</a>&nbsp;&nbsp;&nbsp;math_deg
<LI><a href="#[25a]">&gt;&gt;</a>&nbsp;&nbsp;&nbsp;log2f
<LI><a href="#[259]">&gt;&gt;</a>&nbsp;&nbsp;&nbsp;log10f
<LI><a href="#[1ed]">&gt;&gt;</a>&nbsp;&nbsp;&nbsp;expf
<LI><a href="#[1c8]">&gt;&gt;</a>&nbsp;&nbsp;&nbsp;cosf
<LI><a href="#[166]">&gt;&gt;</a>&nbsp;&nbsp;&nbsp;atan2f
<LI><a href="#[159]">&gt;&gt;</a>&nbsp;&nbsp;&nbsp;asinf
<LI><a href="#[12a]">&gt;&gt;</a>&nbsp;&nbsp;&nbsp;acosf
<LI><a href="#[2f5]">&gt;&gt;</a>&nbsp;&nbsp;&nbsp;tanf
<LI><a href="#[2f4]">&gt;&gt;</a>&nbsp;&nbsp;&nbsp;sinf
<LI><a href="#[2d9]">&gt;&gt;</a>&nbsp;&nbsp;&nbsp;powf
<LI><a href="#[25b]">&gt;&gt;</a>&nbsp;&nbsp;&nbsp;logf
<LI><a href="#[11f]">&gt;&gt;</a>&nbsp;&nbsp;&nbsp;__mathlib_rredf2
</UL>

<P><STRONG><a name="[ad]"></a>__aeabi_fdiv</STRONG> (Thumb, 124 bytes, Stack size 8 bytes, fdiv.o(.text))
<BR><BR>[Stack]<UL><LI>Max Depth = 8<LI>Call Chain = __aeabi_fdiv
</UL>
<BR>[Calls]<UL><LI><a href="#[aa]">&gt;&gt;</a>&nbsp;&nbsp;&nbsp;_float_round
</UL>
<BR>[Called By]<UL><LI><a href="#[277]">&gt;&gt;</a>&nbsp;&nbsp;&nbsp;luaV_execute
<LI><a href="#[2c7]">&gt;&gt;</a>&nbsp;&nbsp;&nbsp;numarith
<LI><a href="#[80]">&gt;&gt;</a>&nbsp;&nbsp;&nbsp;math_log
<LI><a href="#[25a]">&gt;&gt;</a>&nbsp;&nbsp;&nbsp;log2f
<LI><a href="#[259]">&gt;&gt;</a>&nbsp;&nbsp;&nbsp;log10f
<LI><a href="#[166]">&gt;&gt;</a>&nbsp;&nbsp;&nbsp;atan2f
<LI><a href="#[2f5]">&gt;&gt;</a>&nbsp;&nbsp;&nbsp;tanf
<LI><a href="#[2d9]">&gt;&gt;</a>&nbsp;&nbsp;&nbsp;powf
<LI><a href="#[25b]">&gt;&gt;</a>&nbsp;&nbsp;&nbsp;logf
<LI><a href="#[11b]">&gt;&gt;</a>&nbsp;&nbsp;&nbsp;__mathlib_flt_invalid
<LI><a href="#[117]">&gt;&gt;</a>&nbsp;&nbsp;&nbsp;__mathlib_flt_divzero
</UL>

<P><STRONG><a name="[119]"></a>__ARM_scalbnf</STRONG> (Thumb, 24 bytes, Stack size 0 bytes, fscalb.o(.text))
<BR><BR>[Called By]<UL><LI><a href="#[5d]">&gt;&gt;</a>&nbsp;&nbsp;&nbsp;luaB_collectgarbage
<LI><a href="#[25a]">&gt;&gt;</a>&nbsp;&nbsp;&nbsp;log2f
<LI><a href="#[259]">&gt;&gt;</a>&nbsp;&nbsp;&nbsp;log10f
<LI><a href="#[220]">&gt;&gt;</a>&nbsp;&nbsp;&nbsp;frexpf
<LI><a href="#[1ed]">&gt;&gt;</a>&nbsp;&nbsp;&nbsp;expf
<LI><a href="#[159]">&gt;&gt;</a>&nbsp;&nbsp;&nbsp;asinf
<LI><a href="#[12a]">&gt;&gt;</a>&nbsp;&nbsp;&nbsp;acosf
<LI><a href="#[205]">&gt;&gt;</a>&nbsp;&nbsp;&nbsp;mainposition
<LI><a href="#[2d9]">&gt;&gt;</a>&nbsp;&nbsp;&nbsp;powf
<LI><a href="#[25b]">&gt;&gt;</a>&nbsp;&nbsp;&nbsp;logf
<LI><a href="#[11f]">&gt;&gt;</a>&nbsp;&nbsp;&nbsp;__mathlib_rredf2
<LI><a href="#[11d]">&gt;&gt;</a>&nbsp;&nbsp;&nbsp;__mathlib_flt_underflow
<LI><a href="#[11c]">&gt;&gt;</a>&nbsp;&nbsp;&nbsp;__mathlib_flt_overflow
<LI><a href="#[118]">&gt;&gt;</a>&nbsp;&nbsp;&nbsp;__mathlib_flt_infnan
</UL>

<P><STRONG><a name="[320]"></a>scalbnf</STRONG> (Thumb, 0 bytes, Stack size 0 bytes, fscalb.o(.text), UNUSED)

<P><STRONG><a name="[ae]"></a>__aeabi_dadd</STRONG> (Thumb, 322 bytes, Stack size 48 bytes, dadd.o(.text))
<BR><BR>[Stack]<UL><LI>Max Depth = 88<LI>Call Chain = __aeabi_dadd &rArr; _double_epilogue &rArr; _double_round
</UL>
<BR>[Calls]<UL><LI><a href="#[b0]">&gt;&gt;</a>&nbsp;&nbsp;&nbsp;__aeabi_lasr
<LI><a href="#[af]">&gt;&gt;</a>&nbsp;&nbsp;&nbsp;__aeabi_llsl
<LI><a href="#[b2]">&gt;&gt;</a>&nbsp;&nbsp;&nbsp;_double_round
<LI><a href="#[b1]">&gt;&gt;</a>&nbsp;&nbsp;&nbsp;_double_epilogue
</UL>
<BR>[Called By]<UL><LI><a href="#[85]">&gt;&gt;</a>&nbsp;&nbsp;&nbsp;math_random
<LI><a href="#[126]">&gt;&gt;</a>&nbsp;&nbsp;&nbsp;_fp_digits
<LI><a href="#[b4]">&gt;&gt;</a>&nbsp;&nbsp;&nbsp;__aeabi_drsub
<LI><a href="#[b3]">&gt;&gt;</a>&nbsp;&nbsp;&nbsp;__aeabi_dsub
</UL>

<P><STRONG><a name="[b3]"></a>__aeabi_dsub</STRONG> (Thumb, 6 bytes, Stack size 0 bytes, dadd.o(.text), UNUSED)
<BR><BR>[Calls]<UL><LI><a href="#[ae]">&gt;&gt;</a>&nbsp;&nbsp;&nbsp;__aeabi_dadd
</UL>

<P><STRONG><a name="[b4]"></a>__aeabi_drsub</STRONG> (Thumb, 6 bytes, Stack size 0 bytes, dadd.o(.text), UNUSED)
<BR><BR>[Calls]<UL><LI><a href="#[ae]">&gt;&gt;</a>&nbsp;&nbsp;&nbsp;__aeabi_dadd
</UL>

<P><STRONG><a name="[b5]"></a>__aeabi_dmul</STRONG> (Thumb, 228 bytes, Stack size 48 bytes, dmul.o(.text))
<BR><BR>[Stack]<UL><LI>Max Depth = 88<LI>Call Chain = __aeabi_dmul &rArr; _double_epilogue &rArr; _double_round
</UL>
<BR>[Calls]<UL><LI><a href="#[b1]">&gt;&gt;</a>&nbsp;&nbsp;&nbsp;_double_epilogue
</UL>
<BR>[Called By]<UL><LI><a href="#[85]">&gt;&gt;</a>&nbsp;&nbsp;&nbsp;math_random
<LI><a href="#[126]">&gt;&gt;</a>&nbsp;&nbsp;&nbsp;_fp_digits
<LI><a href="#[c9]">&gt;&gt;</a>&nbsp;&nbsp;&nbsp;_fp_value
</UL>

<P><STRONG><a name="[21f]"></a>__ARM_scalbn</STRONG> (Thumb, 46 bytes, Stack size 16 bytes, dscalb.o(.text))
<BR><BR>[Stack]<UL><LI>Max Depth = 16<LI>Call Chain = __ARM_scalbn
</UL>
<BR>[Called By]<UL><LI><a href="#[85]">&gt;&gt;</a>&nbsp;&nbsp;&nbsp;math_random
<LI><a href="#[121]">&gt;&gt;</a>&nbsp;&nbsp;&nbsp;frexp
</UL>

<P><STRONG><a name="[321]"></a>scalbn</STRONG> (Thumb, 0 bytes, Stack size 16 bytes, dscalb.o(.text), UNUSED)

<P><STRONG><a name="[b6]"></a>__aeabi_i2f</STRONG> (Thumb, 18 bytes, Stack size 0 bytes, fflti.o(.text))
<BR><BR>[Stack]<UL><LI>Max Depth = 4<LI>Call Chain = __aeabi_i2f &rArr; _float_epilogue
</UL>
<BR>[Calls]<UL><LI><a href="#[a9]">&gt;&gt;</a>&nbsp;&nbsp;&nbsp;_float_epilogue
</UL>
<BR>[Called By]<UL><LI><a href="#[1bf]">&gt;&gt;</a>&nbsp;&nbsp;&nbsp;validop
<LI><a href="#[5d]">&gt;&gt;</a>&nbsp;&nbsp;&nbsp;luaB_collectgarbage
<LI><a href="#[28a]">&gt;&gt;</a>&nbsp;&nbsp;&nbsp;luaV_tonumber_
<LI><a href="#[25a]">&gt;&gt;</a>&nbsp;&nbsp;&nbsp;log2f
<LI><a href="#[259]">&gt;&gt;</a>&nbsp;&nbsp;&nbsp;log10f
<LI><a href="#[fa]">&gt;&gt;</a>&nbsp;&nbsp;&nbsp;LTintfloat
<LI><a href="#[f5]">&gt;&gt;</a>&nbsp;&nbsp;&nbsp;LEintfloat
<LI><a href="#[2d9]">&gt;&gt;</a>&nbsp;&nbsp;&nbsp;powf
<LI><a href="#[25b]">&gt;&gt;</a>&nbsp;&nbsp;&nbsp;logf
<LI><a href="#[11f]">&gt;&gt;</a>&nbsp;&nbsp;&nbsp;__mathlib_rredf2
</UL>

<P><STRONG><a name="[b7]"></a>__aeabi_i2d</STRONG> (Thumb, 34 bytes, Stack size 16 bytes, dflti.o(.text))
<BR><BR>[Stack]<UL><LI>Max Depth = 56<LI>Call Chain = __aeabi_i2d &rArr; _double_epilogue &rArr; _double_round
</UL>
<BR>[Calls]<UL><LI><a href="#[b1]">&gt;&gt;</a>&nbsp;&nbsp;&nbsp;_double_epilogue
</UL>
<BR>[Called By]<UL><LI><a href="#[85]">&gt;&gt;</a>&nbsp;&nbsp;&nbsp;math_random
</UL>

<P><STRONG><a name="[f6]"></a>__aeabi_f2iz</STRONG> (Thumb, 50 bytes, Stack size 0 bytes, ffixi.o(.text))
<BR><BR>[Called By]<UL><LI><a href="#[28e]">&gt;&gt;</a>&nbsp;&nbsp;&nbsp;luaV_tointeger
<LI><a href="#[2f1]">&gt;&gt;</a>&nbsp;&nbsp;&nbsp;pushnumint
<LI><a href="#[86]">&gt;&gt;</a>&nbsp;&nbsp;&nbsp;math_randomseed
<LI><a href="#[1ed]">&gt;&gt;</a>&nbsp;&nbsp;&nbsp;expf
<LI><a href="#[1c8]">&gt;&gt;</a>&nbsp;&nbsp;&nbsp;cosf
<LI><a href="#[fa]">&gt;&gt;</a>&nbsp;&nbsp;&nbsp;LTintfloat
<LI><a href="#[f5]">&gt;&gt;</a>&nbsp;&nbsp;&nbsp;LEintfloat
<LI><a href="#[205]">&gt;&gt;</a>&nbsp;&nbsp;&nbsp;mainposition
<LI><a href="#[2f5]">&gt;&gt;</a>&nbsp;&nbsp;&nbsp;tanf
<LI><a href="#[2f4]">&gt;&gt;</a>&nbsp;&nbsp;&nbsp;sinf
</UL>

<P><STRONG><a name="[b8]"></a>__aeabi_d2iz</STRONG> (Thumb, 62 bytes, Stack size 16 bytes, dfixi.o(.text))
<BR><BR>[Stack]<UL><LI>Max Depth = 16<LI>Call Chain = __aeabi_d2iz
</UL>
<BR>[Calls]<UL><LI><a href="#[b9]">&gt;&gt;</a>&nbsp;&nbsp;&nbsp;__aeabi_llsr
</UL>
<BR>[Called By]<UL><LI><a href="#[85]">&gt;&gt;</a>&nbsp;&nbsp;&nbsp;math_random
</UL>

<P><STRONG><a name="[2b0]"></a>__aeabi_f2d</STRONG> (Thumb, 38 bytes, Stack size 0 bytes, f2d.o(.text))
<BR><BR>[Called By]<UL><LI><a href="#[131]">&gt;&gt;</a>&nbsp;&nbsp;&nbsp;luaL_tolstring
<LI><a href="#[2af]">&gt;&gt;</a>&nbsp;&nbsp;&nbsp;luaL_checkversion_
<LI><a href="#[2cb]">&gt;&gt;</a>&nbsp;&nbsp;&nbsp;luaO_tostring
<LI><a href="#[99]">&gt;&gt;</a>&nbsp;&nbsp;&nbsp;str_pack
<LI><a href="#[8f]">&gt;&gt;</a>&nbsp;&nbsp;&nbsp;str_format
</UL>

<P><STRONG><a name="[ba]"></a>__aeabi_d2f</STRONG> (Thumb, 56 bytes, Stack size 8 bytes, d2f.o(.text))
<BR><BR>[Stack]<UL><LI>Max Depth = 8<LI>Call Chain = __aeabi_d2f
</UL>
<BR>[Calls]<UL><LI><a href="#[aa]">&gt;&gt;</a>&nbsp;&nbsp;&nbsp;_float_round
</UL>
<BR>[Called By]<UL><LI><a href="#[28c]">&gt;&gt;</a>&nbsp;&nbsp;&nbsp;luaO_pushvfstring
<LI><a href="#[85]">&gt;&gt;</a>&nbsp;&nbsp;&nbsp;math_random
<LI><a href="#[9b]">&gt;&gt;</a>&nbsp;&nbsp;&nbsp;str_unpack
<LI><a href="#[cb]">&gt;&gt;</a>&nbsp;&nbsp;&nbsp;_scanf_really_real
<LI><a href="#[11e]">&gt;&gt;</a>&nbsp;&nbsp;&nbsp;__mathlib_tofloat
</UL>

<P><STRONG><a name="[f9]"></a>__aeabi_cfcmpeq</STRONG> (Thumb, 0 bytes, Stack size 0 bytes, cfcmple.o(.text))
<BR><BR>[Called By]<UL><LI><a href="#[1af]">&gt;&gt;</a>&nbsp;&nbsp;&nbsp;constfolding
<LI><a href="#[2af]">&gt;&gt;</a>&nbsp;&nbsp;&nbsp;luaL_checkversion_
<LI><a href="#[28e]">&gt;&gt;</a>&nbsp;&nbsp;&nbsp;luaV_tointeger
<LI><a href="#[143]">&gt;&gt;</a>&nbsp;&nbsp;&nbsp;luaV_equalobj
<LI><a href="#[83]">&gt;&gt;</a>&nbsp;&nbsp;&nbsp;math_modf
<LI><a href="#[fb]">&gt;&gt;</a>&nbsp;&nbsp;&nbsp;LTnum
<LI><a href="#[f8]">&gt;&gt;</a>&nbsp;&nbsp;&nbsp;LEnum
<LI><a href="#[296]">&gt;&gt;</a>&nbsp;&nbsp;&nbsp;luaH_newkey
</UL>

<P><STRONG><a name="[f7]"></a>__aeabi_cfcmple</STRONG> (Thumb, 20 bytes, Stack size 0 bytes, cfcmple.o(.text))
<BR><BR>[Called By]<UL><LI><a href="#[277]">&gt;&gt;</a>&nbsp;&nbsp;&nbsp;luaV_execute
<LI><a href="#[fb]">&gt;&gt;</a>&nbsp;&nbsp;&nbsp;LTnum
<LI><a href="#[fa]">&gt;&gt;</a>&nbsp;&nbsp;&nbsp;LTintfloat
<LI><a href="#[f8]">&gt;&gt;</a>&nbsp;&nbsp;&nbsp;LEnum
<LI><a href="#[f5]">&gt;&gt;</a>&nbsp;&nbsp;&nbsp;LEintfloat
</UL>

<P><STRONG><a name="[281]"></a>setjmp</STRONG> (Thumb, 26 bytes, Stack size 8 bytes, setjmp.o(.text))
<BR><BR>[Stack]<UL><LI>Max Depth = 8<LI>Call Chain = setjmp
</UL>
<BR>[Called By]<UL><LI><a href="#[27a]">&gt;&gt;</a>&nbsp;&nbsp;&nbsp;luaD_rawrunprotected
</UL>

<P><STRONG><a name="[283]"></a>longjmp</STRONG> (Thumb, 36 bytes, Stack size 0 bytes, setjmp.o(.text))
<BR><BR>[Called By]<UL><LI><a href="#[dc]">&gt;&gt;</a>&nbsp;&nbsp;&nbsp;luaD_throw
</UL>

<P><STRONG><a name="[322]"></a>__aeabi_uidiv</STRONG> (Thumb, 0 bytes, Stack size 12 bytes, uidiv.o(.text), UNUSED)

<P><STRONG><a name="[129]"></a>__aeabi_uidivmod</STRONG> (Thumb, 44 bytes, Stack size 12 bytes, uidiv.o(.text), UNUSED)
<BR><BR>[Called By]<UL><LI><a href="#[112]">&gt;&gt;</a>&nbsp;&nbsp;&nbsp;_printf_core
</UL>

<P><STRONG><a name="[bb]"></a>__aeabi_uldivmod</STRONG> (Thumb, 98 bytes, Stack size 40 bytes, uldiv.o(.text), UNUSED)
<BR><BR>[Calls]<UL><LI><a href="#[b9]">&gt;&gt;</a>&nbsp;&nbsp;&nbsp;__aeabi_llsr
<LI><a href="#[af]">&gt;&gt;</a>&nbsp;&nbsp;&nbsp;__aeabi_llsl
</UL>
<BR>[Called By]<UL><LI><a href="#[112]">&gt;&gt;</a>&nbsp;&nbsp;&nbsp;_printf_core
<LI><a href="#[126]">&gt;&gt;</a>&nbsp;&nbsp;&nbsp;_fp_digits
</UL>

<P><STRONG><a name="[af]"></a>__aeabi_llsl</STRONG> (Thumb, 30 bytes, Stack size 0 bytes, llshl.o(.text))
<BR><BR>[Called By]<UL><LI><a href="#[ae]">&gt;&gt;</a>&nbsp;&nbsp;&nbsp;__aeabi_dadd
<LI><a href="#[c3]">&gt;&gt;</a>&nbsp;&nbsp;&nbsp;__aeabi_d2ulz
<LI><a href="#[bb]">&gt;&gt;</a>&nbsp;&nbsp;&nbsp;__aeabi_uldivmod
<LI><a href="#[b1]">&gt;&gt;</a>&nbsp;&nbsp;&nbsp;_double_epilogue
</UL>

<P><STRONG><a name="[323]"></a>_ll_shift_l</STRONG> (Thumb, 0 bytes, Stack size 0 bytes, llshl.o(.text), UNUSED)

<P><STRONG><a name="[b0]"></a>__aeabi_lasr</STRONG> (Thumb, 36 bytes, Stack size 0 bytes, llsshr.o(.text))
<BR><BR>[Called By]<UL><LI><a href="#[ae]">&gt;&gt;</a>&nbsp;&nbsp;&nbsp;__aeabi_dadd
</UL>

<P><STRONG><a name="[324]"></a>_ll_sshift_r</STRONG> (Thumb, 0 bytes, Stack size 0 bytes, llsshr.o(.text), UNUSED)

<P><STRONG><a name="[bc]"></a>__strtof_int</STRONG> (Thumb, 26 bytes, Stack size 24 bytes, strtof.o(.text))
<BR><BR>[Stack]<UL><LI>Max Depth = 224<LI>Call Chain = __strtof_int &rArr; __strtod_int &rArr; _local_sscanf &rArr; _scanf_real
</UL>
<BR>[Calls]<UL><LI><a href="#[bd]">&gt;&gt;</a>&nbsp;&nbsp;&nbsp;__strtod_int
<LI><a href="#[be]">&gt;&gt;</a>&nbsp;&nbsp;&nbsp;__mathlib_narrow
</UL>
<BR>[Called By]<UL><LI><a href="#[249]">&gt;&gt;</a>&nbsp;&nbsp;&nbsp;strtof
</UL>

<P><STRONG><a name="[325]"></a>__I$use$fp</STRONG> (Thumb, 0 bytes, Stack size 0 bytes, iusefp.o(.text), UNUSED)

<P><STRONG><a name="[aa]"></a>_float_round</STRONG> (Thumb, 18 bytes, Stack size 0 bytes, fepilogue.o(.text))
<BR><BR>[Called By]<UL><LI><a href="#[a8]">&gt;&gt;</a>&nbsp;&nbsp;&nbsp;__aeabi_fadd
<LI><a href="#[ad]">&gt;&gt;</a>&nbsp;&nbsp;&nbsp;__aeabi_fdiv
<LI><a href="#[ba]">&gt;&gt;</a>&nbsp;&nbsp;&nbsp;__aeabi_d2f
<LI><a href="#[c0]">&gt;&gt;</a>&nbsp;&nbsp;&nbsp;_frnd
<LI><a href="#[bf]">&gt;&gt;</a>&nbsp;&nbsp;&nbsp;_fsqrt
<LI><a href="#[c4]">&gt;&gt;</a>&nbsp;&nbsp;&nbsp;_ffix_r
</UL>

<P><STRONG><a name="[a9]"></a>_float_epilogue</STRONG> (Thumb, 92 bytes, Stack size 4 bytes, fepilogue.o(.text))
<BR><BR>[Stack]<UL><LI>Max Depth = 4<LI>Call Chain = _float_epilogue
</UL>
<BR>[Called By]<UL><LI><a href="#[b6]">&gt;&gt;</a>&nbsp;&nbsp;&nbsp;__aeabi_i2f
<LI><a href="#[a8]">&gt;&gt;</a>&nbsp;&nbsp;&nbsp;__aeabi_fadd
<LI><a href="#[c1]">&gt;&gt;</a>&nbsp;&nbsp;&nbsp;_frem
<LI><a href="#[c8]">&gt;&gt;</a>&nbsp;&nbsp;&nbsp;__aeabi_ui2f
</UL>

<P><STRONG><a name="[bf]"></a>_fsqrt</STRONG> (Thumb, 94 bytes, Stack size 16 bytes, fsqrt.o(.text))
<BR><BR>[Stack]<UL><LI>Max Depth = 16<LI>Call Chain = _fsqrt
</UL>
<BR>[Calls]<UL><LI><a href="#[aa]">&gt;&gt;</a>&nbsp;&nbsp;&nbsp;_float_round
</UL>
<BR>[Called By]<UL><LI><a href="#[12b]">&gt;&gt;</a>&nbsp;&nbsp;&nbsp;sqrtf
</UL>

<P><STRONG><a name="[c0]"></a>_frnd</STRONG> (Thumb, 60 bytes, Stack size 8 bytes, frnd.o(.text))
<BR><BR>[Stack]<UL><LI>Max Depth = 8<LI>Call Chain = _frnd
</UL>
<BR>[Calls]<UL><LI><a href="#[aa]">&gt;&gt;</a>&nbsp;&nbsp;&nbsp;_float_round
</UL>
<BR>[Called By]<UL><LI><a href="#[1ed]">&gt;&gt;</a>&nbsp;&nbsp;&nbsp;expf
<LI><a href="#[1c8]">&gt;&gt;</a>&nbsp;&nbsp;&nbsp;cosf
<LI><a href="#[2f5]">&gt;&gt;</a>&nbsp;&nbsp;&nbsp;tanf
<LI><a href="#[2f4]">&gt;&gt;</a>&nbsp;&nbsp;&nbsp;sinf
</UL>

<P><STRONG><a name="[c1]"></a>_frem</STRONG> (Thumb, 82 bytes, Stack size 16 bytes, frem.o(.text))
<BR><BR>[Stack]<UL><LI>Max Depth = 20<LI>Call Chain = _frem &rArr; _float_epilogue
</UL>
<BR>[Calls]<UL><LI><a href="#[a9]">&gt;&gt;</a>&nbsp;&nbsp;&nbsp;_float_epilogue
</UL>
<BR>[Called By]<UL><LI><a href="#[20e]">&gt;&gt;</a>&nbsp;&nbsp;&nbsp;fmodf
</UL>

<P><STRONG><a name="[b2]"></a>_double_round</STRONG> (Thumb, 30 bytes, Stack size 8 bytes, depilogue.o(.text))
<BR><BR>[Stack]<UL><LI>Max Depth = 8<LI>Call Chain = _double_round
</UL>
<BR>[Called By]<UL><LI><a href="#[ae]">&gt;&gt;</a>&nbsp;&nbsp;&nbsp;__aeabi_dadd
<LI><a href="#[c2]">&gt;&gt;</a>&nbsp;&nbsp;&nbsp;__aeabi_ddiv
<LI><a href="#[b1]">&gt;&gt;</a>&nbsp;&nbsp;&nbsp;_double_epilogue
</UL>

<P><STRONG><a name="[b1]"></a>_double_epilogue</STRONG> (Thumb, 156 bytes, Stack size 32 bytes, depilogue.o(.text))
<BR><BR>[Stack]<UL><LI>Max Depth = 40<LI>Call Chain = _double_epilogue &rArr; _double_round
</UL>
<BR>[Calls]<UL><LI><a href="#[b9]">&gt;&gt;</a>&nbsp;&nbsp;&nbsp;__aeabi_llsr
<LI><a href="#[af]">&gt;&gt;</a>&nbsp;&nbsp;&nbsp;__aeabi_llsl
<LI><a href="#[b2]">&gt;&gt;</a>&nbsp;&nbsp;&nbsp;_double_round
</UL>
<BR>[Called By]<UL><LI><a href="#[b7]">&gt;&gt;</a>&nbsp;&nbsp;&nbsp;__aeabi_i2d
<LI><a href="#[b5]">&gt;&gt;</a>&nbsp;&nbsp;&nbsp;__aeabi_dmul
<LI><a href="#[ae]">&gt;&gt;</a>&nbsp;&nbsp;&nbsp;__aeabi_dadd
<LI><a href="#[ca]">&gt;&gt;</a>&nbsp;&nbsp;&nbsp;__aeabi_ul2d
</UL>

<P><STRONG><a name="[c2]"></a>__aeabi_ddiv</STRONG> (Thumb, 222 bytes, Stack size 32 bytes, ddiv.o(.text), UNUSED)
<BR><BR>[Calls]<UL><LI><a href="#[b2]">&gt;&gt;</a>&nbsp;&nbsp;&nbsp;_double_round
</UL>
<BR>[Called By]<UL><LI><a href="#[126]">&gt;&gt;</a>&nbsp;&nbsp;&nbsp;_fp_digits
<LI><a href="#[c9]">&gt;&gt;</a>&nbsp;&nbsp;&nbsp;_fp_value
</UL>

<P><STRONG><a name="[c3]"></a>__aeabi_d2ulz</STRONG> (Thumb, 48 bytes, Stack size 0 bytes, dfixul.o(.text), UNUSED)
<BR><BR>[Calls]<UL><LI><a href="#[b9]">&gt;&gt;</a>&nbsp;&nbsp;&nbsp;__aeabi_llsr
<LI><a href="#[af]">&gt;&gt;</a>&nbsp;&nbsp;&nbsp;__aeabi_llsl
</UL>
<BR>[Called By]<UL><LI><a href="#[126]">&gt;&gt;</a>&nbsp;&nbsp;&nbsp;_fp_digits
</UL>

<P><STRONG><a name="[c4]"></a>_ffix_r</STRONG> (Thumb, 76 bytes, Stack size 8 bytes, ffixir.o(.text))
<BR><BR>[Stack]<UL><LI>Max Depth = 8<LI>Call Chain = _ffix_r
</UL>
<BR>[Calls]<UL><LI><a href="#[aa]">&gt;&gt;</a>&nbsp;&nbsp;&nbsp;_float_round
</UL>
<BR>[Called By]<UL><LI><a href="#[2d9]">&gt;&gt;</a>&nbsp;&nbsp;&nbsp;powf
</UL>

<P><STRONG><a name="[125]"></a>__aeabi_cdrcmple</STRONG> (Thumb, 48 bytes, Stack size 0 bytes, cdrcmple.o(.text))
<BR><BR>[Called By]<UL><LI><a href="#[126]">&gt;&gt;</a>&nbsp;&nbsp;&nbsp;_fp_digits
<LI><a href="#[11e]">&gt;&gt;</a>&nbsp;&nbsp;&nbsp;__mathlib_tofloat
</UL>

<P><STRONG><a name="[326]"></a>__fp_status</STRONG> (Thumb, 4 bytes, Stack size 0 bytes, fpstat.o(.text), UNUSED)

<P><STRONG><a name="[123]"></a>__ieee_status</STRONG> (Thumb, 0 bytes, Stack size 0 bytes, fpstat.o(.text))
<BR><BR>[Called By]<UL><LI><a href="#[2d9]">&gt;&gt;</a>&nbsp;&nbsp;&nbsp;powf
<LI><a href="#[11e]">&gt;&gt;</a>&nbsp;&nbsp;&nbsp;__mathlib_tofloat
</UL>

<P><STRONG><a name="[a4]"></a>__scatterload</STRONG> (Thumb, 28 bytes, Stack size 0 bytes, init.o(.text))
<BR><BR>[Calls]<UL><LI><a href="#[c5]">&gt;&gt;</a>&nbsp;&nbsp;&nbsp;__main_after_scatterload
</UL>
<BR>[Called By]<UL><LI><a href="#[a3]">&gt;&gt;</a>&nbsp;&nbsp;&nbsp;_main_scatterload
</UL>

<P><STRONG><a name="[327]"></a>__scatterload_rt2</STRONG> (Thumb, 0 bytes, Stack size 0 bytes, init.o(.text), UNUSED)

<P><STRONG><a name="[bd]"></a>__strtod_int</STRONG> (Thumb, 90 bytes, Stack size 40 bytes, strtod.o(.text))
<BR><BR>[Stack]<UL><LI>Max Depth = 200<LI>Call Chain = __strtod_int &rArr; _local_sscanf &rArr; _scanf_real
</UL>
<BR>[Calls]<UL><LI><a href="#[c6]">&gt;&gt;</a>&nbsp;&nbsp;&nbsp;_local_sscanf
</UL>
<BR>[Called By]<UL><LI><a href="#[bc]">&gt;&gt;</a>&nbsp;&nbsp;&nbsp;__strtof_int
</UL>

<P><STRONG><a name="[c8]"></a>__aeabi_ui2f</STRONG> (Thumb, 10 bytes, Stack size 0 bytes, ffltui.o(.text))
<BR><BR>[Stack]<UL><LI>Max Depth = 4<LI>Call Chain = __aeabi_ui2f &rArr; _float_epilogue
</UL>
<BR>[Calls]<UL><LI><a href="#[a9]">&gt;&gt;</a>&nbsp;&nbsp;&nbsp;_float_epilogue
</UL>
<BR>[Called By]<UL><LI><a href="#[11f]">&gt;&gt;</a>&nbsp;&nbsp;&nbsp;__mathlib_rredf2
</UL>

<P><STRONG><a name="[c7]"></a>_scanf_real</STRONG> (Thumb, 0 bytes, Stack size 104 bytes, scanf_fp.o(.text))
<BR><BR>[Stack]<UL><LI>Max Depth = 104<LI>Call Chain = _scanf_real
</UL>
<BR>[Called By]<UL><LI><a href="#[c6]">&gt;&gt;</a>&nbsp;&nbsp;&nbsp;_local_sscanf
</UL>

<P><STRONG><a name="[cb]"></a>_scanf_really_real</STRONG> (Thumb, 556 bytes, Stack size 104 bytes, scanf_fp.o(.text), UNUSED)
<BR><BR>[Calls]<UL><LI><a href="#[ba]">&gt;&gt;</a>&nbsp;&nbsp;&nbsp;__aeabi_d2f
<LI><a href="#[cc]">&gt;&gt;</a>&nbsp;&nbsp;&nbsp;_is_digit
<LI><a href="#[c9]">&gt;&gt;</a>&nbsp;&nbsp;&nbsp;_fp_value
</UL>

<P><STRONG><a name="[3f]"></a>_sgetc</STRONG> (Thumb, 30 bytes, Stack size 0 bytes, _sgetc.o(.text))
<BR>[Address Reference Count : 1]<UL><LI> strtod.o(.text)
</UL>
<P><STRONG><a name="[40]"></a>_sbackspace</STRONG> (Thumb, 34 bytes, Stack size 0 bytes, _sgetc.o(.text))
<BR>[Address Reference Count : 1]<UL><LI> strtod.o(.text)
</UL>
<P><STRONG><a name="[122]"></a>__aeabi_cdcmpeq</STRONG> (Thumb, 0 bytes, Stack size 0 bytes, cdcmple.o(.text))
<BR><BR>[Called By]<UL><LI><a href="#[11e]">&gt;&gt;</a>&nbsp;&nbsp;&nbsp;__mathlib_tofloat
</UL>

<P><STRONG><a name="[328]"></a>__aeabi_cdcmple</STRONG> (Thumb, 48 bytes, Stack size 0 bytes, cdcmple.o(.text), UNUSED)

<P><STRONG><a name="[ca]"></a>__aeabi_ul2d</STRONG> (Thumb, 24 bytes, Stack size 16 bytes, dfltul.o(.text), UNUSED)
<BR><BR>[Calls]<UL><LI><a href="#[b1]">&gt;&gt;</a>&nbsp;&nbsp;&nbsp;_double_epilogue
</UL>
<BR>[Called By]<UL><LI><a href="#[c9]">&gt;&gt;</a>&nbsp;&nbsp;&nbsp;_fp_value
</UL>

<P><STRONG><a name="[dd]"></a>HAL_Delay</STRONG> (Thumb, 22 bytes, Stack size 16 bytes, stm32f1xx_hal.o(i.HAL_Delay))
<BR><BR>[Stack]<UL><LI>Max Depth = 16<LI>Call Chain = HAL_Delay
</UL>
<BR>[Calls]<UL><LI><a href="#[de]">&gt;&gt;</a>&nbsp;&nbsp;&nbsp;HAL_GetTick
</UL>
<BR>[Called By]<UL><LI><a href="#[eb]">&gt;&gt;</a>&nbsp;&nbsp;&nbsp;HAL_RCC_OscConfig
</UL>

<P><STRONG><a name="[f1]"></a>HAL_GPIO_Init</STRONG> (Thumb, 408 bytes, Stack size 40 bytes, stm32f1xx_hal_gpio.o(i.HAL_GPIO_Init))
<BR><BR>[Stack]<UL><LI>Max Depth = 40<LI>Call Chain = HAL_GPIO_Init
</UL>
<BR>[Called By]<UL><LI><a href="#[ef]">&gt;&gt;</a>&nbsp;&nbsp;&nbsp;HAL_UART_MspInit
</UL>

<P><STRONG><a name="[de]"></a>HAL_GetTick</STRONG> (Thumb, 6 bytes, Stack size 0 bytes, stm32f1xx_hal.o(i.HAL_GetTick))
<BR><BR>[Called By]<UL><LI><a href="#[eb]">&gt;&gt;</a>&nbsp;&nbsp;&nbsp;HAL_RCC_OscConfig
<LI><a href="#[dd]">&gt;&gt;</a>&nbsp;&nbsp;&nbsp;HAL_Delay
<LI><a href="#[e7]">&gt;&gt;</a>&nbsp;&nbsp;&nbsp;HAL_RCC_ClockConfig
<LI><a href="#[f3]">&gt;&gt;</a>&nbsp;&nbsp;&nbsp;UART_WaitOnFlagUntilTimeout
</UL>

<P><STRONG><a name="[10e]"></a>HAL_IncTick</STRONG> (Thumb, 10 bytes, Stack size 0 bytes, stm32f1xx_hal.o(i.HAL_IncTick))
<BR><BR>[Called By]<UL><LI><a href="#[10]">&gt;&gt;</a>&nbsp;&nbsp;&nbsp;SysTick_Handler
</UL>

<P><STRONG><a name="[df]"></a>HAL_Init</STRONG> (Thumb, 32 bytes, Stack size 8 bytes, stm32f1xx_hal.o(i.HAL_Init))
<BR><BR>[Stack]<UL><LI>Max Depth = 52<LI>Call Chain = HAL_Init &rArr; HAL_InitTick &rArr; HAL_RCC_GetHCLKFreq &rArr; HAL_RCC_GetSysClockFreq
</UL>
<BR>[Calls]<UL><LI><a href="#[e0]">&gt;&gt;</a>&nbsp;&nbsp;&nbsp;HAL_NVIC_SetPriorityGrouping
<LI><a href="#[e1]">&gt;&gt;</a>&nbsp;&nbsp;&nbsp;HAL_InitTick
<LI><a href="#[e2]">&gt;&gt;</a>&nbsp;&nbsp;&nbsp;HAL_MspInit
</UL>
<BR>[Called By]<UL><LI><a href="#[3c]">&gt;&gt;</a>&nbsp;&nbsp;&nbsp;main
</UL>

<P><STRONG><a name="[e1]"></a>HAL_InitTick</STRONG> (Thumb, 34 bytes, Stack size 8 bytes, stm32f1xx_hal.o(i.HAL_InitTick))
<BR><BR>[Stack]<UL><LI>Max Depth = 44<LI>Call Chain = HAL_InitTick &rArr; HAL_RCC_GetHCLKFreq &rArr; HAL_RCC_GetSysClockFreq
</UL>
<BR>[Calls]<UL><LI><a href="#[e4]">&gt;&gt;</a>&nbsp;&nbsp;&nbsp;HAL_SYSTICK_Config
<LI><a href="#[e5]">&gt;&gt;</a>&nbsp;&nbsp;&nbsp;HAL_NVIC_SetPriority
<LI><a href="#[e3]">&gt;&gt;</a>&nbsp;&nbsp;&nbsp;HAL_RCC_GetHCLKFreq
</UL>
<BR>[Called By]<UL><LI><a href="#[df]">&gt;&gt;</a>&nbsp;&nbsp;&nbsp;HAL_Init
<LI><a href="#[e7]">&gt;&gt;</a>&nbsp;&nbsp;&nbsp;HAL_RCC_ClockConfig
</UL>

<P><STRONG><a name="[e2]"></a>HAL_MspInit</STRONG> (Thumb, 52 bytes, Stack size 8 bytes, stm32f1xx_hal_msp.o(i.HAL_MspInit))
<BR><BR>[Stack]<UL><LI>Max Depth = 24<LI>Call Chain = HAL_MspInit &rArr; HAL_NVIC_SetPriority
</UL>
<BR>[Calls]<UL><LI><a href="#[e0]">&gt;&gt;</a>&nbsp;&nbsp;&nbsp;HAL_NVIC_SetPriorityGrouping
<LI><a href="#[e5]">&gt;&gt;</a>&nbsp;&nbsp;&nbsp;HAL_NVIC_SetPriority
</UL>
<BR>[Called By]<UL><LI><a href="#[df]">&gt;&gt;</a>&nbsp;&nbsp;&nbsp;HAL_Init
</UL>

<P><STRONG><a name="[e5]"></a>HAL_NVIC_SetPriority</STRONG> (Thumb, 60 bytes, Stack size 16 bytes, stm32f1xx_hal_cortex.o(i.HAL_NVIC_SetPriority))
<BR><BR>[Stack]<UL><LI>Max Depth = 16<LI>Call Chain = HAL_NVIC_SetPriority
</UL>
<BR>[Calls]<UL><LI><a href="#[e6]">&gt;&gt;</a>&nbsp;&nbsp;&nbsp;NVIC_SetPriority
</UL>
<BR>[Called By]<UL><LI><a href="#[e1]">&gt;&gt;</a>&nbsp;&nbsp;&nbsp;HAL_InitTick
<LI><a href="#[e2]">&gt;&gt;</a>&nbsp;&nbsp;&nbsp;HAL_MspInit
</UL>

<P><STRONG><a name="[e0]"></a>HAL_NVIC_SetPriorityGrouping</STRONG> (Thumb, 26 bytes, Stack size 0 bytes, stm32f1xx_hal_cortex.o(i.HAL_NVIC_SetPriorityGrouping))
<BR><BR>[Called By]<UL><LI><a href="#[df]">&gt;&gt;</a>&nbsp;&nbsp;&nbsp;HAL_Init
<LI><a href="#[e2]">&gt;&gt;</a>&nbsp;&nbsp;&nbsp;HAL_MspInit
</UL>

<P><STRONG><a name="[e7]"></a>HAL_RCC_ClockConfig</STRONG> (Thumb, 638 bytes, Stack size 32 bytes, stm32f1xx_hal_rcc_ex.o(i.HAL_RCC_ClockConfig))
<BR><BR>[Stack]<UL><LI>Max Depth = 76<LI>Call Chain = HAL_RCC_ClockConfig &rArr; HAL_InitTick &rArr; HAL_RCC_GetHCLKFreq &rArr; HAL_RCC_GetSysClockFreq
</UL>
<BR>[Calls]<UL><LI><a href="#[e1]">&gt;&gt;</a>&nbsp;&nbsp;&nbsp;HAL_InitTick
<LI><a href="#[de]">&gt;&gt;</a>&nbsp;&nbsp;&nbsp;HAL_GetTick
</UL>
<BR>[Called By]<UL><LI><a href="#[10f]">&gt;&gt;</a>&nbsp;&nbsp;&nbsp;SystemClock_Config
</UL>

<P><STRONG><a name="[e3]"></a>HAL_RCC_GetHCLKFreq</STRONG> (Thumb, 38 bytes, Stack size 8 bytes, stm32f1xx_hal_rcc.o(i.HAL_RCC_GetHCLKFreq))
<BR><BR>[Stack]<UL><LI>Max Depth = 36<LI>Call Chain = HAL_RCC_GetHCLKFreq &rArr; HAL_RCC_GetSysClockFreq
</UL>
<BR>[Calls]<UL><LI><a href="#[e8]">&gt;&gt;</a>&nbsp;&nbsp;&nbsp;HAL_RCC_GetSysClockFreq
</UL>
<BR>[Called By]<UL><LI><a href="#[e9]">&gt;&gt;</a>&nbsp;&nbsp;&nbsp;HAL_RCC_GetPCLK1Freq
<LI><a href="#[ea]">&gt;&gt;</a>&nbsp;&nbsp;&nbsp;HAL_RCC_GetPCLK2Freq
<LI><a href="#[e1]">&gt;&gt;</a>&nbsp;&nbsp;&nbsp;HAL_InitTick
<LI><a href="#[10f]">&gt;&gt;</a>&nbsp;&nbsp;&nbsp;SystemClock_Config
</UL>

<P><STRONG><a name="[e9]"></a>HAL_RCC_GetPCLK1Freq</STRONG> (Thumb, 36 bytes, Stack size 8 bytes, stm32f1xx_hal_rcc.o(i.HAL_RCC_GetPCLK1Freq))
<BR><BR>[Stack]<UL><LI>Max Depth = 44<LI>Call Chain = HAL_RCC_GetPCLK1Freq &rArr; HAL_RCC_GetHCLKFreq &rArr; HAL_RCC_GetSysClockFreq
</UL>
<BR>[Calls]<UL><LI><a href="#[e3]">&gt;&gt;</a>&nbsp;&nbsp;&nbsp;HAL_RCC_GetHCLKFreq
</UL>
<BR>[Called By]<UL><LI><a href="#[f0]">&gt;&gt;</a>&nbsp;&nbsp;&nbsp;UART_SetConfig
</UL>

<P><STRONG><a name="[ea]"></a>HAL_RCC_GetPCLK2Freq</STRONG> (Thumb, 36 bytes, Stack size 8 bytes, stm32f1xx_hal_rcc.o(i.HAL_RCC_GetPCLK2Freq))
<BR><BR>[Stack]<UL><LI>Max Depth = 44<LI>Call Chain = HAL_RCC_GetPCLK2Freq &rArr; HAL_RCC_GetHCLKFreq &rArr; HAL_RCC_GetSysClockFreq
</UL>
<BR>[Calls]<UL><LI><a href="#[e3]">&gt;&gt;</a>&nbsp;&nbsp;&nbsp;HAL_RCC_GetHCLKFreq
</UL>
<BR>[Called By]<UL><LI><a href="#[f0]">&gt;&gt;</a>&nbsp;&nbsp;&nbsp;UART_SetConfig
</UL>

<P><STRONG><a name="[e8]"></a>HAL_RCC_GetSysClockFreq</STRONG> (Thumb, 102 bytes, Stack size 28 bytes, stm32f1xx_hal_rcc.o(i.HAL_RCC_GetSysClockFreq))
<BR><BR>[Stack]<UL><LI>Max Depth = 28<LI>Call Chain = HAL_RCC_GetSysClockFreq
</UL>
<BR>[Called By]<UL><LI><a href="#[e3]">&gt;&gt;</a>&nbsp;&nbsp;&nbsp;HAL_RCC_GetHCLKFreq
</UL>

<P><STRONG><a name="[eb]"></a>HAL_RCC_OscConfig</STRONG> (Thumb, 1738 bytes, Stack size 40 bytes, stm32f1xx_hal_rcc.o(i.HAL_RCC_OscConfig))
<BR><BR>[Stack]<UL><LI>Max Depth = 56<LI>Call Chain = HAL_RCC_OscConfig &rArr; HAL_Delay
</UL>
<BR>[Calls]<UL><LI><a href="#[dd]">&gt;&gt;</a>&nbsp;&nbsp;&nbsp;HAL_Delay
<LI><a href="#[de]">&gt;&gt;</a>&nbsp;&nbsp;&nbsp;HAL_GetTick
</UL>
<BR>[Called By]<UL><LI><a href="#[10f]">&gt;&gt;</a>&nbsp;&nbsp;&nbsp;SystemClock_Config
</UL>

<P><STRONG><a name="[110]"></a>HAL_SYSTICK_CLKSourceConfig</STRONG> (Thumb, 24 bytes, Stack size 0 bytes, stm32f1xx_hal_cortex.o(i.HAL_SYSTICK_CLKSourceConfig))
<BR><BR>[Called By]<UL><LI><a href="#[10f]">&gt;&gt;</a>&nbsp;&nbsp;&nbsp;SystemClock_Config
</UL>

<P><STRONG><a name="[ed]"></a>HAL_SYSTICK_Callback</STRONG> (Thumb, 2 bytes, Stack size 0 bytes, stm32f1xx_hal_cortex.o(i.HAL_SYSTICK_Callback))
<BR><BR>[Called By]<UL><LI><a href="#[ec]">&gt;&gt;</a>&nbsp;&nbsp;&nbsp;HAL_SYSTICK_IRQHandler
</UL>

<P><STRONG><a name="[e4]"></a>HAL_SYSTICK_Config</STRONG> (Thumb, 40 bytes, Stack size 8 bytes, stm32f1xx_hal_cortex.o(i.HAL_SYSTICK_Config))
<BR><BR>[Stack]<UL><LI>Max Depth = 8<LI>Call Chain = HAL_SYSTICK_Config
</UL>
<BR>[Calls]<UL><LI><a href="#[e6]">&gt;&gt;</a>&nbsp;&nbsp;&nbsp;NVIC_SetPriority
</UL>
<BR>[Called By]<UL><LI><a href="#[e1]">&gt;&gt;</a>&nbsp;&nbsp;&nbsp;HAL_InitTick
<LI><a href="#[10f]">&gt;&gt;</a>&nbsp;&nbsp;&nbsp;SystemClock_Config
</UL>

<P><STRONG><a name="[ec]"></a>HAL_SYSTICK_IRQHandler</STRONG> (Thumb, 8 bytes, Stack size 8 bytes, stm32f1xx_hal_cortex.o(i.HAL_SYSTICK_IRQHandler))
<BR><BR>[Stack]<UL><LI>Max Depth = 8<LI>Call Chain = HAL_SYSTICK_IRQHandler
</UL>
<BR>[Calls]<UL><LI><a href="#[ed]">&gt;&gt;</a>&nbsp;&nbsp;&nbsp;HAL_SYSTICK_Callback
</UL>
[...]
<LI><a href="#[105]">&gt;&gt;</a>&nbsp;&nbsp;&nbsp;LoadInteger
<LI><a href="#[ff]">&gt;&gt;</a>&nbsp;&nbsp;&nbsp;LoadByte
</UL>
<BR>[Called By]<UL><LI><a href="#[1f9]">&gt;&gt;</a>&nbsp;&nbsp;&nbsp;luaU_undump
</UL>

<P><STRONG><a name="[18a]"></a>checkliteral</STRONG> (Thumb, 50 bytes, Stack size 32 bytes, lundump.o(i.checkliteral))
<BR><BR>[Stack]<UL><LI>Max Depth = 80<LI>Call Chain = checkliteral &rArr; LoadBlock &rArr; luaZ_read &rArr; luaZ_fill
</UL>
<BR>[Calls]<UL><LI><a href="#[fe]">&gt;&gt;</a>&nbsp;&nbsp;&nbsp;error
<LI><a href="#[fc]">&gt;&gt;</a>&nbsp;&nbsp;&nbsp;LoadBlock
<LI><a href="#[192]">&gt;&gt;</a>&nbsp;&nbsp;&nbsp;memcmp
<LI><a href="#[147]">&gt;&gt;</a>&nbsp;&nbsp;&nbsp;strlen
</UL>
<BR>[Called By]<UL><LI><a href="#[189]">&gt;&gt;</a>&nbsp;&nbsp;&nbsp;checkHeader
</UL>

<P><STRONG><a name="[fe]"></a>error</STRONG> (Thumb, 28 bytes, Stack size 8 bytes, lundump.o(i.error))
<BR><BR>[Stack]<UL><LI>Max Depth = 40<LI>Call Chain = error &rArr; luaD_throw &rArr;  luaD_throw (Cycle)
</UL>
<BR>[Calls]<UL><LI><a href="#[db]">&gt;&gt;</a>&nbsp;&nbsp;&nbsp;luaO_pushfstring
<LI><a href="#[dc]">&gt;&gt;</a>&nbsp;&nbsp;&nbsp;luaD_throw
</UL>
<BR>[Called By]<UL><LI><a href="#[18b]">&gt;&gt;</a>&nbsp;&nbsp;&nbsp;fchecksize
<LI><a href="#[18a]">&gt;&gt;</a>&nbsp;&nbsp;&nbsp;checkliteral
<LI><a href="#[189]">&gt;&gt;</a>&nbsp;&nbsp;&nbsp;checkHeader
<LI><a href="#[fc]">&gt;&gt;</a>&nbsp;&nbsp;&nbsp;LoadBlock
</UL>

<P><STRONG><a name="[18b]"></a>fchecksize</STRONG> (Thumb, 40 bytes, Stack size 16 bytes, lundump.o(i.fchecksize))
<BR><BR>[Stack]<UL><LI>Max Depth = 72<LI>Call Chain = fchecksize &rArr; LoadByte &rArr; LoadBlock &rArr; luaZ_read &rArr; luaZ_fill
</UL>
<BR>[Calls]<UL><LI><a href="#[db]">&gt;&gt;</a>&nbsp;&nbsp;&nbsp;luaO_pushfstring
<LI><a href="#[fe]">&gt;&gt;</a>&nbsp;&nbsp;&nbsp;error
<LI><a href="#[ff]">&gt;&gt;</a>&nbsp;&nbsp;&nbsp;LoadByte
</UL>
<BR>[Called By]<UL><LI><a href="#[189]">&gt;&gt;</a>&nbsp;&nbsp;&nbsp;checkHeader
</UL>

<P><STRONG><a name="[f5]"></a>LEintfloat</STRONG> (Thumb, 62 bytes, Stack size 16 bytes, lvm.o(i.LEintfloat))
<BR><BR>[Stack]<UL><LI>Max Depth = 20<LI>Call Chain = LEintfloat &rArr; __aeabi_i2f &rArr; _float_epilogue
</UL>
<BR>[Calls]<UL><LI><a href="#[b6]">&gt;&gt;</a>&nbsp;&nbsp;&nbsp;__aeabi_i2f
<LI><a href="#[f6]">&gt;&gt;</a>&nbsp;&nbsp;&nbsp;__aeabi_f2iz
<LI><a href="#[f7]">&gt;&gt;</a>&nbsp;&nbsp;&nbsp;__aeabi_cfcmple
</UL>
<BR>[Called By]<UL><LI><a href="#[fb]">&gt;&gt;</a>&nbsp;&nbsp;&nbsp;LTnum
<LI><a href="#[f8]">&gt;&gt;</a>&nbsp;&nbsp;&nbsp;LEnum
</UL>

<P><STRONG><a name="[f8]"></a>LEnum</STRONG> (Thumb, 74 bytes, Stack size 16 bytes, lvm.o(i.LEnum))
<BR><BR>[Stack]<UL><LI>Max Depth = 36<LI>Call Chain = LEnum &rArr; LTintfloat &rArr; __aeabi_i2f &rArr; _float_epilogue
</UL>
<BR>[Calls]<UL><LI><a href="#[f9]">&gt;&gt;</a>&nbsp;&nbsp;&nbsp;__aeabi_cfcmpeq
<LI><a href="#[f7]">&gt;&gt;</a>&nbsp;&nbsp;&nbsp;__aeabi_cfcmple
<LI><a href="#[fa]">&gt;&gt;</a>&nbsp;&nbsp;&nbsp;LTintfloat
<LI><a href="#[f5]">&gt;&gt;</a>&nbsp;&nbsp;&nbsp;LEintfloat
</UL>
<BR>[Called By]<UL><LI><a href="#[2dc]">&gt;&gt;</a>&nbsp;&nbsp;&nbsp;luaV_lessequal
</UL>

<P><STRONG><a name="[fa]"></a>LTintfloat</STRONG> (Thumb, 62 bytes, Stack size 16 bytes, lvm.o(i.LTintfloat))
<BR><BR>[Stack]<UL><LI>Max Depth = 20<LI>Call Chain = LTintfloat &rArr; __aeabi_i2f &rArr; _float_epilogue
</UL>
<BR>[Calls]<UL><LI><a href="#[b6]">&gt;&gt;</a>&nbsp;&nbsp;&nbsp;__aeabi_i2f
<LI><a href="#[f6]">&gt;&gt;</a>&nbsp;&nbsp;&nbsp;__aeabi_f2iz
<LI><a href="#[f7]">&gt;&gt;</a>&nbsp;&nbsp;&nbsp;__aeabi_cfcmple
</UL>
<BR>[Called By]<UL><LI><a href="#[fb]">&gt;&gt;</a>&nbsp;&nbsp;&nbsp;LTnum
<LI><a href="#[f8]">&gt;&gt;</a>&nbsp;&nbsp;&nbsp;LEnum
</UL>

<P><STRONG><a name="[fb]"></a>LTnum</STRONG> (Thumb, 74 bytes, Stack size 16 bytes, lvm.o(i.LTnum))
<BR><BR>[Stack]<UL><LI>Max Depth = 36<LI>Call Chain = LTnum &rArr; LTintfloat &rArr; __aeabi_i2f &rArr; _float_epilogue
</UL>
<BR>[Calls]<UL><LI><a href="#[f9]">&gt;&gt;</a>&nbsp;&nbsp;&nbsp;__aeabi_cfcmpeq
<LI><a href="#[f7]">&gt;&gt;</a>&nbsp;&nbsp;&nbsp;__aeabi_cfcmple
<LI><a href="#[fa]">&gt;&gt;</a>&nbsp;&nbsp;&nbsp;LTintfloat
<LI><a href="#[f5]">&gt;&gt;</a>&nbsp;&nbsp;&nbsp;LEintfloat
</UL>
<BR>[Called By]<UL><LI><a href="#[2db]">&gt;&gt;</a>&nbsp;&nbsp;&nbsp;luaV_lessthan
</UL>

<P><STRONG><a name="[24b]"></a>l_strcmp</STRONG> (Thumb, 94 bytes, Stack size 24 bytes, lvm.o(i.l_strcmp))
<BR><BR>[Stack]<UL><LI>Max Depth = 32<LI>Call Chain = l_strcmp &rArr; strcoll &rArr; strcmp
</UL>
<BR>[Calls]<UL><LI><a href="#[a6]">&gt;&gt;</a>&nbsp;&nbsp;&nbsp;strcoll
<LI><a href="#[147]">&gt;&gt;</a>&nbsp;&nbsp;&nbsp;strlen
</UL>
<BR>[Called By]<UL><LI><a href="#[2db]">&gt;&gt;</a>&nbsp;&nbsp;&nbsp;luaV_lessthan
<LI><a href="#[2dc]">&gt;&gt;</a>&nbsp;&nbsp;&nbsp;luaV_lessequal
</UL>

<P><STRONG><a name="[2dd]"></a>pushclosure</STRONG> (Thumb, 104 bytes, Stack size 40 bytes, lvm.o(i.pushclosure))
<BR><BR>[Stack]<UL><LI>Max Depth = 456<LI>Call Chain = pushclosure &rArr; luaF_newLclosure &rArr; luaC_newobj &rArr; luaM_realloc_ &rArr; luaC_fullgc &rArr; luaC_runtilstate &rArr; singlestep &rArr;  luaM_realloc_ (Cycle)
</UL>
<BR>[Calls]<UL><LI><a href="#[286]">&gt;&gt;</a>&nbsp;&nbsp;&nbsp;luaF_newLclosure
<LI><a href="#[284]">&gt;&gt;</a>&nbsp;&nbsp;&nbsp;luaF_findupval
</UL>
<BR>[Called By]<UL><LI><a href="#[277]">&gt;&gt;</a>&nbsp;&nbsp;&nbsp;luaV_execute
</UL>

<P><STRONG><a name="[171]"></a>auxgetinfo</STRONG> (Thumb, 236 bytes, Stack size 32 bytes, ldebug.o(i.auxgetinfo))
<BR><BR>[Stack]<UL><LI>Max Depth = 104<LI>Call Chain = auxgetinfo &rArr; getfuncname &rArr; getobjname &rArr; findsetreg
</UL>
<BR>[Calls]<UL><LI><a href="#[174]">&gt;&gt;</a>&nbsp;&nbsp;&nbsp;getfuncname
<LI><a href="#[172]">&gt;&gt;</a>&nbsp;&nbsp;&nbsp;funcinfo
<LI><a href="#[173]">&gt;&gt;</a>&nbsp;&nbsp;&nbsp;currentline
</UL>
<BR>[Called By]<UL><LI><a href="#[2a4]">&gt;&gt;</a>&nbsp;&nbsp;&nbsp;lua_getinfo
</UL>

<P><STRONG><a name="[173]"></a>currentline</STRONG> (Thumb, 40 bytes, Stack size 8 bytes, ldebug.o(i.currentline))
<BR><BR>[Stack]<UL><LI>Max Depth = 8<LI>Call Chain = currentline
</UL>
<BR>[Calls]<UL><LI><a href="#[1cf]">&gt;&gt;</a>&nbsp;&nbsp;&nbsp;currentpc
</UL>
<BR>[Called By]<UL><LI><a href="#[206]">&gt;&gt;</a>&nbsp;&nbsp;&nbsp;luaG_runerror
<LI><a href="#[171]">&gt;&gt;</a>&nbsp;&nbsp;&nbsp;auxgetinfo
</UL>

<P><STRONG><a name="[1cf]"></a>currentpc</STRONG> (Thumb, 18 bytes, Stack size 0 bytes, ldebug.o(i.currentpc))
<BR><BR>[Called By]<UL><LI><a href="#[28f]">&gt;&gt;</a>&nbsp;&nbsp;&nbsp;varinfo
<LI><a href="#[174]">&gt;&gt;</a>&nbsp;&nbsp;&nbsp;getfuncname
<LI><a href="#[173]">&gt;&gt;</a>&nbsp;&nbsp;&nbsp;currentline
</UL>

<P><STRONG><a name="[20a]"></a>filterpc</STRONG> (Thumb, 10 bytes, Stack size 0 bytes, ldebug.o(i.filterpc))
<BR><BR>[Called By]<UL><LI><a href="#[209]">&gt;&gt;</a>&nbsp;&nbsp;&nbsp;findsetreg
</UL>

<P><STRONG><a name="[209]"></a>findsetreg</STRONG> (Thumb, 142 bytes, Stack size 24 bytes, ldebug.o(i.findsetreg))
<BR><BR>[Stack]<UL><LI>Max Depth = 24<LI>Call Chain = findsetreg
</UL>
<BR>[Calls]<UL><LI><a href="#[20a]">&gt;&gt;</a>&nbsp;&nbsp;&nbsp;filterpc
</UL>
<BR>[Called By]<UL><LI><a href="#[229]">&gt;&gt;</a>&nbsp;&nbsp;&nbsp;getobjname
</UL>

<P><STRONG><a name="[172]"></a>funcinfo</STRONG> (Thumb, 66 bytes, Stack size 0 bytes, ldebug.o(i.funcinfo))
<BR><BR>[Stack]<UL><LI>Max Depth = 32<LI>Call Chain = funcinfo &rArr; luaO_chunkid
</UL>
<BR>[Calls]<UL><LI><a href="#[222]">&gt;&gt;</a>&nbsp;&nbsp;&nbsp;luaO_chunkid
</UL>
<BR>[Called By]<UL><LI><a href="#[171]">&gt;&gt;</a>&nbsp;&nbsp;&nbsp;auxgetinfo
</UL>

<P><STRONG><a name="[174]"></a>getfuncname</STRONG> (Thumb, 180 bytes, Stack size 24 bytes, ldebug.o(i.getfuncname))
<BR><BR>[Stack]<UL><LI>Max Depth = 72<LI>Call Chain = getfuncname &rArr; getobjname &rArr; findsetreg
</UL>
<BR>[Calls]<UL><LI><a href="#[229]">&gt;&gt;</a>&nbsp;&nbsp;&nbsp;getobjname
<LI><a href="#[1cf]">&gt;&gt;</a>&nbsp;&nbsp;&nbsp;currentpc
</UL>
<BR>[Called By]<UL><LI><a href="#[171]">&gt;&gt;</a>&nbsp;&nbsp;&nbsp;auxgetinfo
</UL>

<P><STRONG><a name="[229]"></a>getobjname</STRONG> (Thumb, 242 bytes, Stack size 24 bytes, ldebug.o(i.getobjname))
<BR><BR>[Stack]<UL><LI>Max Depth = 48<LI>Call Chain = getobjname &rArr; findsetreg
</UL>
<BR>[Calls]<UL><LI><a href="#[22e]">&gt;&gt;</a>&nbsp;&nbsp;&nbsp;luaF_getlocalname
<LI><a href="#[22f]">&gt;&gt;</a>&nbsp;&nbsp;&nbsp;upvalname
<LI><a href="#[230]">&gt;&gt;</a>&nbsp;&nbsp;&nbsp;kname
<LI><a href="#[209]">&gt;&gt;</a>&nbsp;&nbsp;&nbsp;findsetreg
<LI><a href="#[a7]">&gt;&gt;</a>&nbsp;&nbsp;&nbsp;strcmp
</UL>
<BR>[Called By]<UL><LI><a href="#[28f]">&gt;&gt;</a>&nbsp;&nbsp;&nbsp;varinfo
<LI><a href="#[230]">&gt;&gt;</a>&nbsp;&nbsp;&nbsp;kname
<LI><a href="#[174]">&gt;&gt;</a>&nbsp;&nbsp;&nbsp;getfuncname
</UL>

<P><STRONG><a name="[230]"></a>kname</STRONG> (Thumb, 54 bytes, Stack size 8 bytes, ldebug.o(i.kname))
<BR><BR>[Stack]<UL><LI>Max Depth = 8 + In Cycle
<LI>Call Chain = kname &rArr;  getobjname (Cycle)
</UL>
<BR>[Calls]<UL><LI><a href="#[229]">&gt;&gt;</a>&nbsp;&nbsp;&nbsp;getobjname
</UL>
<BR>[Called By]<UL><LI><a href="#[229]">&gt;&gt;</a>&nbsp;&nbsp;&nbsp;getobjname
</UL>

<P><STRONG><a name="[2e4]"></a>swapextra</STRONG> (Thumb, 28 bytes, Stack size 8 bytes, ldebug.o(i.swapextra))
<BR><BR>[Stack]<UL><LI>Max Depth = 8<LI>Call Chain = swapextra
</UL>
<BR>[Called By]<UL><LI><a href="#[2a4]">&gt;&gt;</a>&nbsp;&nbsp;&nbsp;lua_getinfo
</UL>

<P><STRONG><a name="[22f]"></a>upvalname</STRONG> (Thumb, 16 bytes, Stack size 0 bytes, ldebug.o(i.upvalname))
<BR><BR>[Called By]<UL><LI><a href="#[28f]">&gt;&gt;</a>&nbsp;&nbsp;&nbsp;varinfo
<LI><a href="#[229]">&gt;&gt;</a>&nbsp;&nbsp;&nbsp;getobjname
</UL>

<P><STRONG><a name="[28f]"></a>varinfo</STRONG> (Thumb, 134 bytes, Stack size 24 bytes, ldebug.o(i.varinfo))
<BR><BR>[Stack]<UL><LI>Max Depth = 72<LI>Call Chain = varinfo &rArr; getobjname &rArr; findsetreg
</UL>
<BR>[Calls]<UL><LI><a href="#[db]">&gt;&gt;</a>&nbsp;&nbsp;&nbsp;luaO_pushfstring
<LI><a href="#[22f]">&gt;&gt;</a>&nbsp;&nbsp;&nbsp;upvalname
<LI><a href="#[229]">&gt;&gt;</a>&nbsp;&nbsp;&nbsp;getobjname
<LI><a href="#[1cf]">&gt;&gt;</a>&nbsp;&nbsp;&nbsp;currentpc
</UL>
<BR>[Called By]<UL><LI><a href="#[27e]">&gt;&gt;</a>&nbsp;&nbsp;&nbsp;luaG_typeerror
<LI><a href="#[28d]">&gt;&gt;</a>&nbsp;&nbsp;&nbsp;luaG_tointerror
</UL>

<P><STRONG><a name="[14e]"></a>addreturn</STRONG> (Thumb, 90 bytes, Stack size 32 bytes, mculua.o(i.addreturn))
<BR><BR>[Stack]<UL><LI>Max Depth = 1048<LI>Call Chain = addreturn &rArr; lua_concat &rArr; luaV_concat &rArr;  luaG_runerror (Cycle)
</UL>
<BR>[Calls]<UL><LI><a href="#[151]">&gt;&gt;</a>&nbsp;&nbsp;&nbsp;luaL_loadbufferx
<LI><a href="#[12d]">&gt;&gt;</a>&nbsp;&nbsp;&nbsp;lua_tolstring
<LI><a href="#[133]">&gt;&gt;</a>&nbsp;&nbsp;&nbsp;lua_settop
<LI><a href="#[132]">&gt;&gt;</a>&nbsp;&nbsp;&nbsp;lua_rotate
<LI><a href="#[137]">&gt;&gt;</a>&nbsp;&nbsp;&nbsp;lua_pushvalue
<LI><a href="#[14f]">&gt;&gt;</a>&nbsp;&nbsp;&nbsp;lua_pushstring
<LI><a href="#[150]">&gt;&gt;</a>&nbsp;&nbsp;&nbsp;lua_concat
</UL>
<BR>[Called By]<UL><LI><a href="#[1d4]">&gt;&gt;</a>&nbsp;&nbsp;&nbsp;doREPL
</UL>

<P><STRONG><a name="[1d4]"></a>doREPL</STRONG> (Thumb, 228 bytes, Stack size 48 bytes, mculua.o(i.doREPL))
<BR><BR>[Stack]<UL><LI>Max Depth = 1784<LI>Call Chain = doREPL &rArr; multiline &rArr; pushline &rArr; lua_getglobal &rArr; luaV_gettable &rArr; luaG_typeerror &rArr; luaG_runerror &rArr; luaO_pushvfstring &rArr;  luaG_runerror (Cycle)
</UL>
<BR>[Calls]<UL><LI><a href="#[12d]">&gt;&gt;</a>&nbsp;&nbsp;&nbsp;lua_tolstring
<LI><a href="#[133]">&gt;&gt;</a>&nbsp;&nbsp;&nbsp;lua_settop
<LI><a href="#[132]">&gt;&gt;</a>&nbsp;&nbsp;&nbsp;lua_rotate
<LI><a href="#[1d6]">&gt;&gt;</a>&nbsp;&nbsp;&nbsp;lua_pushcclosure
<LI><a href="#[1d7]">&gt;&gt;</a>&nbsp;&nbsp;&nbsp;lua_pcallk
<LI><a href="#[1d5]">&gt;&gt;</a>&nbsp;&nbsp;&nbsp;lua_gettop
<LI><a href="#[1d9]">&gt;&gt;</a>&nbsp;&nbsp;&nbsp;pushline
<LI><a href="#[1da]">&gt;&gt;</a>&nbsp;&nbsp;&nbsp;multiline
<LI><a href="#[1dc]">&gt;&gt;</a>&nbsp;&nbsp;&nbsp;l_print
<LI><a href="#[1d8]">&gt;&gt;</a>&nbsp;&nbsp;&nbsp;l_message
<LI><a href="#[14e]">&gt;&gt;</a>&nbsp;&nbsp;&nbsp;addreturn
<LI><a href="#[1db]">&gt;&gt;</a>&nbsp;&nbsp;&nbsp;fwrite
</UL>
<BR>[Called By]<UL><LI><a href="#[2e6]">&gt;&gt;</a>&nbsp;&nbsp;&nbsp;lua_main
</UL>

<P><STRONG><a name="[1d8]"></a>l_message</STRONG> (Thumb, 26 bytes, Stack size 8 bytes, mculua.o(i.l_message))
<BR><BR>[Stack]<UL><LI>Max Depth = 32<LI>Call Chain = l_message &rArr; __2printf
</UL>
<BR>[Calls]<UL><LI><a href="#[245]">&gt;&gt;</a>&nbsp;&nbsp;&nbsp;__2printf
</UL>
<BR>[Called By]<UL><LI><a href="#[2e6]">&gt;&gt;</a>&nbsp;&nbsp;&nbsp;lua_main
<LI><a href="#[1dc]">&gt;&gt;</a>&nbsp;&nbsp;&nbsp;l_print
<LI><a href="#[1d4]">&gt;&gt;</a>&nbsp;&nbsp;&nbsp;doREPL
</UL>

<P><STRONG><a name="[1dc]"></a>l_print</STRONG> (Thumb, 98 bytes, Stack size 24 bytes, mculua.o(i.l_print))
<BR><BR>[Stack]<UL><LI>Max Depth = 1264<LI>Call Chain = l_print &rArr; luaL_checkstack &rArr; luaL_error &rArr; luaL_where &rArr; lua_pushfstring &rArr; luaO_pushvfstring &rArr;  luaG_runerror (Cycle)
</UL>
<BR>[Calls]<UL><LI><a href="#[223]">&gt;&gt;</a>&nbsp;&nbsp;&nbsp;luaL_checkstack
<LI><a href="#[12d]">&gt;&gt;</a>&nbsp;&nbsp;&nbsp;lua_tolstring
<LI><a href="#[132]">&gt;&gt;</a>&nbsp;&nbsp;&nbsp;lua_rotate
<LI><a href="#[1e4]">&gt;&gt;</a>&nbsp;&nbsp;&nbsp;lua_pushfstring
<LI><a href="#[1d7]">&gt;&gt;</a>&nbsp;&nbsp;&nbsp;lua_pcallk
<LI><a href="#[1d5]">&gt;&gt;</a>&nbsp;&nbsp;&nbsp;lua_gettop
<LI><a href="#[246]">&gt;&gt;</a>&nbsp;&nbsp;&nbsp;lua_getglobal
<LI><a href="#[1d8]">&gt;&gt;</a>&nbsp;&nbsp;&nbsp;l_message
</UL>
<BR>[Called By]<UL><LI><a href="#[1d4]">&gt;&gt;</a>&nbsp;&nbsp;&nbsp;doREPL
</UL>

<P><STRONG><a name="[49]"></a>msghandler</STRONG> (Thumb, 84 bytes, Stack size 8 bytes, mculua.o(i.msghandler))
<BR><BR>[Stack]<UL><LI>Max Depth = 1464<LI>Call Chain = msghandler &rArr; luaL_traceback &rArr; pushfuncname &rArr; pushglobalfuncname &rArr; lua_getfield &rArr; luaV_gettable &rArr; luaG_typeerror &rArr; luaG_runerror &rArr; luaO_pushvfstring &rArr;  luaG_runerror (Cycle)
</UL>
<BR>[Calls]<UL><LI><a href="#[2c5]">&gt;&gt;</a>&nbsp;&nbsp;&nbsp;luaL_traceback
<LI><a href="#[2a8]">&gt;&gt;</a>&nbsp;&nbsp;&nbsp;luaL_callmeta
<LI><a href="#[13f]">&gt;&gt;</a>&nbsp;&nbsp;&nbsp;lua_typename
<LI><a href="#[13e]">&gt;&gt;</a>&nbsp;&nbsp;&nbsp;lua_type
<LI><a href="#[12d]">&gt;&gt;</a>&nbsp;&nbsp;&nbsp;lua_tolstring
<LI><a href="#[1e4]">&gt;&gt;</a>&nbsp;&nbsp;&nbsp;lua_pushfstring
</UL>
<BR>[Address Reference Count : 1]<UL><LI> mculua.o(i.doREPL)
</UL>
<P><STRONG><a name="[1da]"></a>multiline</STRONG> (Thumb, 120 bytes, Stack size 32 bytes, mculua.o(i.multiline))
<BR><BR>[Stack]<UL><LI>Max Depth = 1736<LI>Call Chain = multiline &rArr; pushline &rArr; lua_getglobal &rArr; luaV_gettable &rArr; luaG_typeerror &rArr; luaG_runerror &rArr; luaO_pushvfstring &rArr;  luaG_runerror (Cycle)
</UL>
<BR>[Calls]<UL><LI><a href="#[151]">&gt;&gt;</a>&nbsp;&nbsp;&nbsp;luaL_loadbufferx
<LI><a href="#[12d]">&gt;&gt;</a>&nbsp;&nbsp;&nbsp;lua_tolstring
<LI><a href="#[133]">&gt;&gt;</a>&nbsp;&nbsp;&nbsp;lua_settop
<LI><a href="#[132]">&gt;&gt;</a>&nbsp;&nbsp;&nbsp;lua_rotate
<LI><a href="#[14f]">&gt;&gt;</a>&nbsp;&nbsp;&nbsp;lua_pushstring
<LI><a href="#[150]">&gt;&gt;</a>&nbsp;&nbsp;&nbsp;lua_concat
<LI><a href="#[1d9]">&gt;&gt;</a>&nbsp;&nbsp;&nbsp;pushline
<LI><a href="#[a7]">&gt;&gt;</a>&nbsp;&nbsp;&nbsp;strcmp
</UL>
<BR>[Called By]<UL><LI><a href="#[1d4]">&gt;&gt;</a>&nbsp;&nbsp;&nbsp;doREPL
</UL>

<P><STRONG><a name="[1d9]"></a>pushline</STRONG> (Thumb, 146 bytes, Stack size 528 bytes, mculua.o(i.pushline))
<BR><BR>[Stack]<UL><LI>Max Depth = 1704<LI>Call Chain = pushline &rArr; lua_getglobal &rArr; luaV_gettable &rArr; luaG_typeerror &rArr; luaG_runerror &rArr; luaO_pushvfstring &rArr;  luaG_runerror (Cycle)
</UL>
<BR>[Calls]<UL><LI><a href="#[12d]">&gt;&gt;</a>&nbsp;&nbsp;&nbsp;lua_tolstring
<LI><a href="#[133]">&gt;&gt;</a>&nbsp;&nbsp;&nbsp;lua_settop
<LI><a href="#[13d]">&gt;&gt;</a>&nbsp;&nbsp;&nbsp;lua_pushlstring
<LI><a href="#[1e4]">&gt;&gt;</a>&nbsp;&nbsp;&nbsp;lua_pushfstring
<LI><a href="#[246]">&gt;&gt;</a>&nbsp;&nbsp;&nbsp;lua_getglobal
<LI><a href="#[147]">&gt;&gt;</a>&nbsp;&nbsp;&nbsp;strlen
<LI><a href="#[1fb]">&gt;&gt;</a>&nbsp;&nbsp;&nbsp;fgets
<LI><a href="#[215]">&gt;&gt;</a>&nbsp;&nbsp;&nbsp;fputs
</UL>
<BR>[Called By]<UL><LI><a href="#[1da]">&gt;&gt;</a>&nbsp;&nbsp;&nbsp;multiline
<LI><a href="#[1d4]">&gt;&gt;</a>&nbsp;&nbsp;&nbsp;doREPL
</UL>

<P><STRONG><a name="[126]"></a>_fp_digits</STRONG> (Thumb, 366 bytes, Stack size 64 bytes, printfa.o(i._fp_digits), UNUSED)
<BR><BR>[Calls]<UL><LI><a href="#[b5]">&gt;&gt;</a>&nbsp;&nbsp;&nbsp;__aeabi_dmul
<LI><a href="#[ae]">&gt;&gt;</a>&nbsp;&nbsp;&nbsp;__aeabi_dadd
<LI><a href="#[c2]">&gt;&gt;</a>&nbsp;&nbsp;&nbsp;__aeabi_ddiv
<LI><a href="#[c3]">&gt;&gt;</a>&nbsp;&nbsp;&nbsp;__aeabi_d2ulz
<LI><a href="#[125]">&gt;&gt;</a>&nbsp;&nbsp;&nbsp;__aeabi_cdrcmple
<LI><a href="#[bb]">&gt;&gt;</a>&nbsp;&nbsp;&nbsp;__aeabi_uldivmod
</UL>
<BR>[Called By]<UL><LI><a href="#[112]">&gt;&gt;</a>&nbsp;&nbsp;&nbsp;_printf_core
</UL>

<P><STRONG><a name="[112]"></a>_printf_core</STRONG> (Thumb, 1744 bytes, Stack size 136 bytes, printfa.o(i._printf_core), UNUSED)
<BR><BR>[Calls]<UL><LI><a href="#[127]">&gt;&gt;</a>&nbsp;&nbsp;&nbsp;_printf_pre_padding
<LI><a href="#[128]">&gt;&gt;</a>&nbsp;&nbsp;&nbsp;_printf_post_padding
<LI><a href="#[126]">&gt;&gt;</a>&nbsp;&nbsp;&nbsp;_fp_digits
<LI><a href="#[bb]">&gt;&gt;</a>&nbsp;&nbsp;&nbsp;__aeabi_uldivmod
<LI><a href="#[129]">&gt;&gt;</a>&nbsp;&nbsp;&nbsp;__aeabi_uidivmod
</UL>
<BR>[Called By]<UL><LI><a href="#[114]">&gt;&gt;</a>&nbsp;&nbsp;&nbsp;__0sprintf
<LI><a href="#[113]">&gt;&gt;</a>&nbsp;&nbsp;&nbsp;__0printf
<LI><a href="#[111]">&gt;&gt;</a>&nbsp;&nbsp;&nbsp;__0fprintf
</UL>

<P><STRONG><a name="[128]"></a>_printf_post_padding</STRONG> (Thumb, 36 bytes, Stack size 24 bytes, printfa.o(i._printf_post_padding), UNUSED)
<BR><BR>[Called By]<UL><LI><a href="#[112]">&gt;&gt;</a>&nbsp;&nbsp;&nbsp;_printf_core
</UL>

<P><STRONG><a name="[127]"></a>_printf_pre_padding</STRONG> (Thumb, 46 bytes, Stack size 24 bytes, printfa.o(i._printf_pre_padding), UNUSED)
<BR><BR>[Called By]<UL><LI><a href="#[112]">&gt;&gt;</a>&nbsp;&nbsp;&nbsp;_printf_core
</UL>

<P><STRONG><a name="[44]"></a>_sputc</STRONG> (Thumb, 10 bytes, Stack size 0 bytes, printfa.o(i._sputc))
<BR><BR>[Called By]<UL><LI><a href="#[114]">&gt;&gt;</a>&nbsp;&nbsp;&nbsp;__0sprintf
</UL>
<BR>[Address Reference Count : 1]<UL><LI> printfa.o(i.__0sprintf)
</UL>
<P><STRONG><a name="[116]"></a>internal_alloc</STRONG> (Thumb, 76 bytes, Stack size 24 bytes, mallocr.o(i.internal_alloc))
<BR><BR>[Stack]<UL><LI>Max Depth = 24<LI>Call Chain = internal_alloc
</UL>
<BR>[Calls]<UL><LI><a href="#[1ce]">&gt;&gt;</a>&nbsp;&nbsp;&nbsp;__aeabi_memcpy
</UL>
<BR>[Called By]<UL><LI><a href="#[243]">&gt;&gt;</a>&nbsp;&nbsp;&nbsp;realloc
<LI><a href="#[115]">&gt;&gt;</a>&nbsp;&nbsp;&nbsp;__malloc$realloc
</UL>

<P><STRONG><a name="[c6]"></a>_local_sscanf</STRONG> (Thumb, 54 bytes, Stack size 56 bytes, strtod.o(.text))
<BR><BR>[Stack]<UL><LI>Max Depth = 160<LI>Call Chain = _local_sscanf &rArr; _scanf_real
</UL>
<BR>[Calls]<UL><LI><a href="#[c7]">&gt;&gt;</a>&nbsp;&nbsp;&nbsp;_scanf_real
</UL>
<BR>[Called By]<UL><LI><a href="#[bd]">&gt;&gt;</a>&nbsp;&nbsp;&nbsp;__strtod_int
</UL>

<P><STRONG><a name="[c9]"></a>_fp_value</STRONG> (Thumb, 296 bytes, Stack size 64 bytes, scanf_fp.o(.text), UNUSED)
<BR><BR>[Calls]<UL><LI><a href="#[b5]">&gt;&gt;</a>&nbsp;&nbsp;&nbsp;__aeabi_dmul
<LI><a href="#[c2]">&gt;&gt;</a>&nbsp;&nbsp;&nbsp;__aeabi_ddiv
<LI><a href="#[ca]">&gt;&gt;</a>&nbsp;&nbsp;&nbsp;__aeabi_ul2d
</UL>
<BR>[Called By]<UL><LI><a href="#[cb]">&gt;&gt;</a>&nbsp;&nbsp;&nbsp;_scanf_really_real
</UL>
<P>
<H3>
Undefined Global Symbols
</H3><HR></body></html>
