<html>
<body>
<pre>
<h1>µVision Build Log</h1>
<h2>Tool Versions:</h2>
IDE-Version: ¦ÌVision V5.25.2.0
Copyright (C) 2018 ARM Ltd and ARM Germany GmbH. All rights reserved.
License Information: 1 1, 1, LIC=HN001-CGL4V-U4LS7-EV0VR-QF68L-TQICG
 
Tool Versions:
Toolchain:       MDK-ARM Plus  Version: 5.25.2.0
Toolchain Path:  C:\Program Files\keil\ARM\ARMCC\Bin
C Compiler:      Armcc.exe V5.06 update 6 (build 750)
Assembler:       Armasm.exe V5.06 update 6 (build 750)
Linker/Locator:  ArmLink.exe V5.06 update 6 (build 750)
Library Manager: ArmAr.exe V5.06 update 6 (build 750)
Hex Converter:   FromElf.exe V5.06 update 6 (build 750)
CPU DLL:         SARMCM3.DLL V5.25.2.0
Dialog DLL:      DCM.DLL V1.17.1.0
Target DLL:      Segger\JL2CM3.dll V2.99.29.0
Dialog DLL:      TCM.DLL V1.35.1.0
 
<h2>Project:</h2>
D:\mypro\STM32\stm32lua\MDK-ARM\minikit-lua.uvprojx
Project File Date:  05/02/2018

<h2>Output:</h2>
*** Using Compiler 'V5.06 update 6 (build 750)', folder: 'C:\Program Files\keil\ARM\ARMCC\Bin'
Build target 'minikit-lua Configuration'
compiling stm32f1xx_hal_pwr.c...
compiling stm32f1xx_hal_rcc_ex.c...
compiling stm32f1xx_hal_dma.c...
compiling stm32f1xx_hal_cortex.c...
compiling stm32f1xx_hal_flash_ex.c...
compiling stm32f1xx_hal_rcc.c...
compiling stm32f1xx_hal_gpio_ex.c...
compiling stm32f1xx_hal.c...
compiling stm32f1xx_hal_flash.c...
compiling stm32f1xx_hal_gpio.c...
compiling stm32f1xx_it.c...
compiling stm32f1xx_hal_uart.c...
compiling stm32f1xx_hal_msp.c...
compiling main.c...
compiling system_stm32f1xx.c...
assembling startup_stm32f103xb.s...
compiling lbaselib.c...
compiling lauxlib.c...
compiling lbitlib.c...
compiling lctype.c...
compiling lapi.c...
compiling ldump.c...
compiling lcode.c...
compiling ldo.c...
compiling lfunc.c...
compiling linit.c...
compiling lmathlib.c...
compiling lgc.c...
compiling llex.c...
compiling lmem.c...
compiling lopcodes.c...
compiling lobject.c...
compiling lstate.c...
compiling lstring.c...
compiling lparser.c...
compiling ltable.c...
compiling lstrlib.c...
compiling ltm.c...
compiling ltablib.c...
compiling lzio.c...
compiling lundump.c...
compiling ldblib.c...
compiling ldebug.c...
compiling mculua.c...
..\src\mculua.c(97): warning:  #177-D: function "dofile"  was declared but never referenced
  static int dofile (lua_State *L, const char *name) {
..\src\mculua.c(101): warning:  #177-D: function "dostring"  was declared but never referenced
  static int dostring (lua_State *L, const char *s, const char *name) {
..\src\mculua.c: 2 warnings, 0 errors
compiling lvm.c...
linking...
Program Size: Code=81022 RO-data=3914 RW-data=56 ZI-data=20544  
"minikit-lua Configuration\minikit-lua Configuration.axf" - 0 Error(s), 2 Warning(s).

<h2>Software Packages used:</h2>

Package Vendor: Keil
                http://www.keil.com/pack/Keil.STM32F1xx_DFP.2.2.0.pack
                Keil.STM32F1xx_DFP.2.2.0
                STMicroelectronics STM32F1 Series Device Support, Drivers and Examples

<h2>Collection of Component include folders:</h2>
  .\RTE\_minikit-lua_Configuration
  C:\Program Files\keil\ARM\PACK\Keil\STM32F1xx_DFP\2.2.0\Device\Include

<h2>Collection of Component Files used:</h2>
Build Time Elapsed:  00:00:10
</pre>
</body>
</html>
