Component: ARM Compiler 5.06 update 6 (build 750) Tool: armlink [4d35ed]

==============================================================================

Section Cross References

    stm32f1xx_hal_dma.o(i.HAL_DMA_Abort) refers to stm32f1xx_hal.o(i.HAL_GetTick) for HAL_GetTick
    stm32f1xx_hal_dma.o(i.HAL_DMA_PollForTransfer) refers to stm32f1xx_hal.o(i.HAL_GetTick) for HAL_GetTick
    stm32f1xx_hal_dma.o(i.HAL_DMA_Start) refers to stm32f1xx_hal_dma.o(i.DMA_SetConfig) for DMA_SetConfig
    stm32f1xx_hal_dma.o(i.HAL_DMA_Start_IT) refers to stm32f1xx_hal_dma.o(i.DMA_SetConfig) for DMA_SetConfig
    stm32f1xx_hal_rcc_ex.o(i.HAL_RCCEx_GetPeriphCLKFreq) refers to stm32f1xx_hal_rcc.o(i.HAL_RCC_GetPCLK2Freq) for HAL_RCC_GetPCLK2Freq
    stm32f1xx_hal_rcc_ex.o(i.HAL_RCCEx_PeriphCLKConfig) refers to stm32f1xx_hal.o(i.HAL_GetTick) for HAL_GetTick
    stm32f1xx_hal_rcc_ex.o(i.HAL_RCC_ClockConfig) refers to stm32f1xx_hal.o(i.HAL_GetTick) for HAL_GetTick
    stm32f1xx_hal_rcc_ex.o(i.HAL_RCC_ClockConfig) refers to stm32f1xx_hal.o(i.HAL_InitTick) for HAL_InitTick
    stm32f1xx_hal_pwr.o(i.HAL_PWR_EnterSTOPMode) refers to stm32f1xx_hal_pwr.o(i.PWR_OverloadWfe) for PWR_OverloadWfe
    stm32f1xx_hal_pwr.o(i.HAL_PWR_PVD_IRQHandler) refers to stm32f1xx_hal_pwr.o(i.HAL_PWR_PVDCallback) for HAL_PWR_PVDCallback
    stm32f1xx_hal_rcc.o(i.HAL_RCC_ClockConfig) refers to stm32f1xx_hal.o(i.HAL_GetTick) for HAL_GetTick
    stm32f1xx_hal_rcc.o(i.HAL_RCC_ClockConfig) refers to stm32f1xx_hal.o(i.HAL_InitTick) for HAL_InitTick
    stm32f1xx_hal_rcc.o(i.HAL_RCC_GetHCLKFreq) refers to stm32f1xx_hal_rcc.o(i.HAL_RCC_GetSysClockFreq) for HAL_RCC_GetSysClockFreq
    stm32f1xx_hal_rcc.o(i.HAL_RCC_GetHCLKFreq) refers to stm32f1xx_hal_rcc.o(.constdata) for .constdata
    stm32f1xx_hal_rcc.o(i.HAL_RCC_GetHCLKFreq) refers to system_stm32f1xx.o(.data) for SystemCoreClock
    stm32f1xx_hal_rcc.o(i.HAL_RCC_GetPCLK1Freq) refers to stm32f1xx_hal_rcc.o(i.HAL_RCC_GetHCLKFreq) for HAL_RCC_GetHCLKFreq
    stm32f1xx_hal_rcc.o(i.HAL_RCC_GetPCLK1Freq) refers to stm32f1xx_hal_rcc.o(.constdata) for .constdata
    stm32f1xx_hal_rcc.o(i.HAL_RCC_GetPCLK2Freq) refers to stm32f1xx_hal_rcc.o(i.HAL_RCC_GetHCLKFreq) for HAL_RCC_GetHCLKFreq
    stm32f1xx_hal_rcc.o(i.HAL_RCC_GetPCLK2Freq) refers to stm32f1xx_hal_rcc.o(.constdata) for .constdata
    stm32f1xx_hal_rcc.o(i.HAL_RCC_MCOConfig) refers to stm32f1xx_hal_gpio.o(i.HAL_GPIO_Init) for HAL_GPIO_Init
    stm32f1xx_hal_rcc.o(i.HAL_RCC_NMI_IRQHandler) refers to stm32f1xx_hal_rcc.o(i.HAL_RCC_CSSCallback) for HAL_RCC_CSSCallback
    stm32f1xx_hal_rcc.o(i.HAL_RCC_OscConfig) refers to stm32f1xx_hal.o(i.HAL_GetTick) for HAL_GetTick
    stm32f1xx_hal_rcc.o(i.HAL_RCC_OscConfig) refers to stm32f1xx_hal.o(i.HAL_Delay) for HAL_Delay
    stm32f1xx_hal_cortex.o(i.HAL_NVIC_SetPriority) refers to stm32f1xx_hal_cortex.o(i.NVIC_SetPriority) for NVIC_SetPriority
    stm32f1xx_hal_cortex.o(i.HAL_SYSTICK_Config) refers to stm32f1xx_hal_cortex.o(i.NVIC_SetPriority) for NVIC_SetPriority
    stm32f1xx_hal_cortex.o(i.HAL_SYSTICK_IRQHandler) refers to stm32f1xx_hal_cortex.o(i.HAL_SYSTICK_Callback) for HAL_SYSTICK_Callback
    stm32f1xx_hal_flash_ex.o(i.FLASH_MassErase) refers to stm32f1xx_hal_flash.o(.bss) for pFlash
    stm32f1xx_hal_flash_ex.o(i.FLASH_OB_DisableWRP) refers to stm32f1xx_hal_flash.o(i.FLASH_WaitForLastOperation) for FLASH_WaitForLastOperation
    stm32f1xx_hal_flash_ex.o(i.FLASH_OB_DisableWRP) refers to stm32f1xx_hal_flash.o(.bss) for pFlash
    stm32f1xx_hal_flash_ex.o(i.FLASH_OB_EnableWRP) refers to stm32f1xx_hal_flash.o(i.FLASH_WaitForLastOperation) for FLASH_WaitForLastOperation
    stm32f1xx_hal_flash_ex.o(i.FLASH_OB_EnableWRP) refers to stm32f1xx_hal_flash.o(.bss) for pFlash
    stm32f1xx_hal_flash_ex.o(i.FLASH_OB_RDP_LevelConfig) refers to stm32f1xx_hal_flash.o(i.FLASH_WaitForLastOperation) for FLASH_WaitForLastOperation
    stm32f1xx_hal_flash_ex.o(i.FLASH_OB_RDP_LevelConfig) refers to stm32f1xx_hal_flash.o(.bss) for pFlash
    stm32f1xx_hal_flash_ex.o(i.FLASH_PageErase) refers to stm32f1xx_hal_flash.o(.bss) for pFlash
    stm32f1xx_hal_flash_ex.o(i.FLASH_Program_HalfWord) refers to stm32f1xx_hal_flash.o(.bss) for pFlash
    stm32f1xx_hal_flash_ex.o(i.FLASH_SetErrorCode) refers to stm32f1xx_hal_flash.o(.bss) for pFlash
    stm32f1xx_hal_flash_ex.o(i.HAL_FLASHEx_Erase) refers to stm32f1xx_hal_flash.o(i.FLASH_WaitForLastOperation) for FLASH_WaitForLastOperation
    stm32f1xx_hal_flash_ex.o(i.HAL_FLASHEx_Erase) refers to stm32f1xx_hal_flash_ex.o(i.FLASH_MassErase) for FLASH_MassErase
    stm32f1xx_hal_flash_ex.o(i.HAL_FLASHEx_Erase) refers to stm32f1xx_hal_flash_ex.o(i.FLASH_PageErase) for FLASH_PageErase
    stm32f1xx_hal_flash_ex.o(i.HAL_FLASHEx_Erase) refers to stm32f1xx_hal_flash.o(.bss) for pFlash
    stm32f1xx_hal_flash_ex.o(i.HAL_FLASHEx_Erase_IT) refers to stm32f1xx_hal_flash_ex.o(i.FLASH_PageErase) for FLASH_PageErase
[...]
    0x080000f4   0x080000f4   0x00000000   Code   RO         6100    .ARM.Collect$$$$00000008  mc_w.l(entry7b.o)
    0x080000f4   0x080000f4   0x00000000   Code   RO         6102    .ARM.Collect$$$$0000000A  mc_w.l(entry8b.o)
    0x080000f4   0x080000f4   0x00000008   Code   RO         6103    .ARM.Collect$$$$0000000B  mc_w.l(entry9a.o)
    0x080000fc   0x080000fc   0x00000000   Code   RO         6105    .ARM.Collect$$$$0000000D  mc_w.l(entry10a.o)
    0x080000fc   0x080000fc   0x00000000   Code   RO         6107    .ARM.Collect$$$$0000000F  mc_w.l(entry11a.o)
    0x080000fc   0x080000fc   0x00000004   Code   RO         6096    .ARM.Collect$$$$00002712  mc_w.l(entry2.o)
    0x08000100   0x08000100   0x00000024   Code   RO         1352    .text               startup_stm32f103xb.o
    0x08000124   0x08000124   0x00000020   Code   RO         5681    .text               mc_w.l(llushr.o)
    0x08000144   0x08000144   0x00000008   Code   RO         5683    .text               mc_w.l(ctype_o.o)
    0x0800014c   0x0800014c   0x00000012   Code   RO         5705    .text               mc_w.l(isspace_o.o)
    0x0800015e   0x0800015e   0x0000000c   Code   RO         5711    .text               mc_w.l(toupper.o)
    0x0800016a   0x0800016a   0x0000000c   Code   RO         5713    .text               mc_w.l(tolower.o)
    0x08000176   0x08000176   0x00000002   PAD
    0x08000178   0x08000178   0x00000024   Code   RO         5715    .text               mc_w.l(rand.o)
    0x0800019c   0x0800019c   0x00000008   Code   RO         5720    .text               mc_w.l(localeconv.o)
    0x080001a4   0x080001a4   0x00000024   Code   RO         5722    .text               mc_w.l(memcpya.o)
    0x080001c8   0x080001c8   0x00000014   Code   RO         5726    .text               mc_w.l(strchr.o)
    0x080001dc   0x080001dc   0x0000000e   Code   RO         5728    .text               mc_w.l(strlen.o)
    0x080001ea   0x080001ea   0x0000001c   Code   RO         5730    .text               mc_w.l(strcmp.o)
    0x08000206   0x08000206   0x00000014   Code   RO         5732    .text               mc_w.l(memchr.o)
    0x0800021a   0x0800021a   0x0000001a   Code   RO         5734    .text               mc_w.l(memcmp.o)
    0x08000234   0x08000234   0x00000004   Code   RO         5736    .text               mc_w.l(strcoll.o)
    0x08000238   0x08000238   0x00000012   Code   RO         5738    .text               mc_w.l(strcpy.o)
    0x0800024a   0x0800024a   0x0000001e   Code   RO         5740    .text               mc_w.l(strncmp.o)
    0x08000268   0x08000268   0x0000001c   Code   RO         5742    .text               mc_w.l(strspn.o)
    0x08000284   0x08000284   0x00000020   Code   RO         5744    .text               mc_w.l(strpbrk.o)
    0x080002a4   0x080002a4   0x000000e4   Code   RO         5746    .text               mc_w.l(strerror.o)
    0x08000388   0x08000388   0x000000b0   Code   RO         6046    .text               mf_w.l(fadd.o)
    0x08000438   0x08000438   0x00000064   Code   RO         6048    .text               mf_w.l(fmul.o)
    0x0800049c   0x0800049c   0x0000007c   Code   RO         6050    .text               mf_w.l(fdiv.o)
    0x08000518   0x08000518   0x00000018   Code   RO         6052    .text               mf_w.l(fscalb.o)
    0x08000530   0x08000530   0x0000014e   Code   RO         6054    .text               mf_w.l(dadd.o)
    0x0800067e   0x0800067e   0x000000e4   Code   RO         6056    .text               mf_w.l(dmul.o)
    0x08000762   0x08000762   0x0000002e   Code   RO         6058    .text               mf_w.l(dscalb.o)
    0x08000790   0x08000790   0x00000012   Code   RO         6060    .text               mf_w.l(fflti.o)
    0x080007a2   0x080007a2   0x00000022   Code   RO         6062    .text               mf_w.l(dflti.o)
    0x080007c4   0x080007c4   0x00000032   Code   RO         6064    .text               mf_w.l(ffixi.o)
    0x080007f6   0x080007f6   0x0000003e   Code   RO         6066    .text               mf_w.l(dfixi.o)
    0x08000834   0x08000834   0x00000026   Code   RO         6068    .text               mf_w.l(f2d.o)
    0x0800085a   0x0800085a   0x00000038   Code   RO         6070    .text               mf_w.l(d2f.o)
    0x08000892   0x08000892   0x00000002   PAD
    0x08000894   0x08000894   0x00000014   Code   RO         6072    .text               mf_w.l(cfcmple.o)
    0x080008a8   0x080008a8   0x0000003e   Code   RO         6074    .text               mf_w.l(setjmp.o)
    0x080008e6   0x080008e6   0x0000002c   Code   RO         6109    .text               mc_w.l(uidiv.o)
    0x08000912   0x08000912   0x00000062   Code   RO         6111    .text               mc_w.l(uldiv.o)
    0x08000974   0x08000974   0x0000001e   Code   RO         6113    .text               mc_w.l(llshl.o)
    0x08000992   0x08000992   0x00000024   Code   RO         6115    .text               mc_w.l(llsshr.o)
    0x080009b6   0x080009b6   0x0000001a   Code   RO         6121    .text               mc_w.l(strtof.o)
    0x080009d0   0x080009d0   0x00000000   Code   RO         6123    .text               mc_w.l(iusefp.o)
    0x080009d0   0x080009d0   0x0000006e   Code   RO         6124    .text               mf_w.l(fepilogue.o)
    0x08000a3e   0x08000a3e   0x0000005e   Code   RO         6126    .text               mf_w.l(fsqrt.o)
    0x08000a9c   0x08000a9c   0x0000003c   Code   RO         6128    .text               mf_w.l(frnd.o)
    0x08000ad8   0x08000ad8   0x00000052   Code   RO         6130    .text               mf_w.l(frem.o)
    0x08000b2a   0x08000b2a   0x000000ba   Code   RO         6132    .text               mf_w.l(depilogue.o)
    0x08000be4   0x08000be4   0x000000de   Code   RO         6134    .text               mf_w.l(ddiv.o)
    0x08000cc2   0x08000cc2   0x00000030   Code   RO         6136    .text               mf_w.l(dfixul.o)
    0x08000cf2   0x08000cf2   0x0000004c   Code   RO         6138    .text               mf_w.l(ffixir.o)
    0x08000d3e   0x08000d3e   0x00000002   PAD
    0x08000d40   0x08000d40   0x00000030   Code   RO         6140    .text               mf_w.l(cdrcmple.o)
    0x08000d70   0x08000d70   0x00000004   Code   RO         6142    .text               mf_w.l(fpstat.o)
    0x08000d74   0x08000d74   0x00000024   Code   RO         6150    .text               mc_w.l(init.o)
    0x08000d98   0x08000d98   0x0000009c   Code   RO         6152    .text               mc_w.l(strtod.o)
    0x08000e34   0x08000e34   0x0000000a   Code   RO         6154    .text               mf_w.l(ffltui.o)
    0x08000e3e   0x08000e3e   0x00000002   PAD
    0x08000e40   0x08000e40   0x00000360   Code   RO         6162    .text               mc_w.l(scanf_fp.o)
    0x080011a0   0x080011a0   0x00000040   Code   RO         6166    .text               mc_w.l(_sgetc.o)
    0x080011e0   0x080011e0   0x00000030   Code   RO         6168    .text               mf_w.l(cdcmple.o)
    0x08001210   0x08001210   0x00000018   Code   RO         6173    .text               mf_w.l(dfltul.o)
    0x08001228   0x08001228   0x0000001c   Code   RO         3006    i.DumpBlock         ldump.o
    0x08001244   0x08001244   0x00000012   Code   RO         3007    i.DumpByte          ldump.o
    0x08001256   0x08001256   0x00000078   Code   RO         3008    i.DumpConstants     ldump.o
    0x080012ce   0x080012ce   0x0000009e   Code   RO         3009    i.DumpDebug         ldump.o
    0x0800136c   0x0800136c   0x000000ae   Code   RO         3010    i.DumpFunction      ldump.o
    0x0800141a   0x0800141a   0x00000002   PAD
    0x0800141c   0x0800141c   0x0000007c   Code   RO         3011    i.DumpHeader        ldump.o
    0x08001498   0x08001498   0x0000000e   Code   RO         3012    i.DumpInt           ldump.o
    0x080014a6   0x080014a6   0x0000000e   Code   RO         3013    i.DumpInteger       ldump.o
    0x080014b4   0x080014b4   0x0000000e   Code   RO         3014    i.DumpNumber        ldump.o
    0x080014c2   0x080014c2   0x0000002c   Code   RO         3015    i.DumpProtos        ldump.o
    0x080014ee   0x080014ee   0x00000050   Code   RO         3016    i.DumpString        ldump.o
    0x0800153e   0x0800153e   0x00000002   PAD
    0x08001540   0x08001540   0x00000108   Code   RO         3164    i.GCTM              lgc.o
    0x08001648   0x08001648   0x00000016   Code   RO          681    i.HAL_Delay         stm32f1xx_hal.o
    0x0800165e   0x0800165e   0x00000002   PAD
    0x08001660   0x08001660   0x000001bc   Code   RO          904    i.HAL_GPIO_Init     stm32f1xx_hal_gpio.o
    0x0800181c   0x0800181c   0x0000000c   Code   RO          685    i.HAL_GetTick       stm32f1xx_hal.o
    0x08001828   0x08001828   0x00000010   Code   RO          686    i.HAL_IncTick       stm32f1xx_hal.o
    0x08001838   0x08001838   0x00000024   Code   RO          687    i.HAL_Init          stm32f1xx_hal.o
    0x0800185c   0x0800185c   0x00000022   Code   RO          688    i.HAL_InitTick      stm32f1xx_hal.o
    0x0800187e   0x0800187e   0x00000002   PAD
    0x08001880   0x08001880   0x0000003c   Code   RO         1231    i.HAL_MspInit       stm32f1xx_hal_msp.o
    0x080018bc   0x080018bc   0x00000040   Code   RO          438    i.HAL_NVIC_SetPriority  stm32f1xx_hal_cortex.o
    0x080018fc   0x080018fc   0x00000024   Code   RO          439    i.HAL_NVIC_SetPriorityGrouping  stm32f1xx_hal_cortex.o
    0x08001920   0x08001920   0x00000288   Code   RO          155    i.HAL_RCC_ClockConfig  stm32f1xx_hal_rcc_ex.o
    0x08001ba8   0x08001ba8   0x00000034   Code   RO          331    i.HAL_RCC_GetHCLKFreq  stm32f1xx_hal_rcc.o
    0x08001bdc   0x08001bdc   0x0000002c   Code   RO          333    i.HAL_RCC_GetPCLK1Freq  stm32f1xx_hal_rcc.o
    0x08001c08   0x08001c08   0x0000002c   Code   RO          334    i.HAL_RCC_GetPCLK2Freq  stm32f1xx_hal_rcc.o
    0x08001c34   0x08001c34   0x00000088   Code   RO          335    i.HAL_RCC_GetSysClockFreq  stm32f1xx_hal_rcc.o
    0x08001cbc   0x08001cbc   0x000006ca   Code   RO          338    i.HAL_RCC_OscConfig  stm32f1xx_hal_rcc.o
    0x08002386   0x08002386   0x00000018   Code   RO          441    i.HAL_SYSTICK_CLKSourceConfig  stm32f1xx_hal_cortex.o
    0x0800239e   0x0800239e   0x00000002   Code   RO          442    i.HAL_SYSTICK_Callback  stm32f1xx_hal_cortex.o
    0x080023a0   0x080023a0   0x00000028   Code   RO          443    i.HAL_SYSTICK_Config  stm32f1xx_hal_cortex.o
    0x080023c8   0x080023c8   0x00000008   Code   RO          444    i.HAL_SYSTICK_IRQHandler  stm32f1xx_hal_cortex.o
    0x080023d0   0x080023d0   0x0000005e   Code   RO          983    i.HAL_UART_Init     stm32f1xx_hal_uart.o
    0x0800242e   0x0800242e   0x00000002   PAD
    0x08002430   0x08002430   0x00000058   Code   RO         1233    i.HAL_UART_MspInit  stm32f1xx_hal_msp.o
    0x08002488   0x08002488   0x000000cc   Code   RO          986    i.HAL_UART_Receive  stm32f1xx_hal_uart.o
    0x08002554   0x08002554   0x000000cc   Code   RO          991    i.HAL_UART_Transmit  stm32f1xx_hal_uart.o
    0x08002620   0x08002620   0x0000003e   Code   RO         4968    i.LEintfloat        lvm.o
    0x0800265e   0x0800265e   0x0000004a   Code   RO         4969    i.LEnum             lvm.o
    0x080026a8   0x080026a8   0x0000003e   Code   RO         4970    i.LTintfloat        lvm.o
    0x080026e6   0x080026e6   0x0000004a   Code   RO         4971    i.LTnum             lvm.o
    0x08002730   0x08002730   0x00000028   Code   RO         4881    i.LoadBlock         lundump.o
    0x08002758   0x08002758   0x00000010   Code   RO         4882    i.LoadByte          lundump.o
    0x08002768   0x08002768   0x000000be   Code   RO         4883    i.LoadConstants     lundump.o
    0x08002826   0x08002826   0x00000002   PAD
    0x08002828   0x08002828   0x000000e0   Code   RO         4884    i.LoadDebug         lundump.o
    0x08002908   0x08002908   0x00000092   Code   RO         4885    i.LoadFunction      lundump.o
    0x0800299a   0x0800299a   0x0000000e   Code   RO         4886    i.LoadInt           lundump.o
    0x080029a8   0x080029a8   0x0000000e   Code   RO         4887    i.LoadInteger       lundump.o
    0x080029b6   0x080029b6   0x0000000e   Code   RO         4888    i.LoadNumber        lundump.o
    0x080029c4   0x080029c4   0x00000062   Code   RO         4889    i.LoadProtos        lundump.o
    0x08002a26   0x08002a26   0x00000044   Code   RO         4890    i.LoadString        lundump.o
    0x08002a6a   0x08002a6a   0x00000070   Code   RO         4891    i.LoadUpvalues      lundump.o
    0x08002ada   0x08002ada   0x00000020   Code   RO          445    i.NVIC_SetPriority  stm32f1xx_hal_cortex.o
    0x08002afa   0x08002afa   0x0000000e   Code   RO         1204    i.SysTick_Handler   stm32f1xx_it.o
    0x08002b08   0x08002b08   0x00000052   Code   RO         1267    i.SystemClock_Config  main.o
    0x08002b5a   0x08002b5a   0x00000002   PAD
    0x08002b5c   0x08002b5c   0x00000048   Code   RO         1317    i.SystemInit        system_stm32f1xx.o
    0x08002ba4   0x08002ba4   0x000000e0   Code   RO         1002    i.UART_SetConfig    stm32f1xx_hal_uart.o
    0x08002c84   0x08002c84   0x00000092   Code   RO         1004    i.UART_WaitOnFlagUntilTimeout  stm32f1xx_hal_uart.o
    0x08002d16   0x08002d16   0x00000002   PAD
    0x08002d18   0x08002d18   0x0000001c   Code   RO         5982    i.__0fprintf        mc_w.l(printfa.o)
    0x08002d34   0x08002d34   0x00000020   Code   RO         5983    i.__0printf         mc_w.l(printfa.o)
    0x08002d54   0x08002d54   0x00000028   Code   RO         5985    i.__0sprintf        mc_w.l(printfa.o)
    0x08002d7c   0x08002d7c   0x00000026   Code   RO         6076    i.__ARM_fpclassifyf  m_ws.l(fpclassifyf.o)
    0x08002da2   0x08002da2   0x00000002   PAD
    0x08002da4   0x08002da4   0x00000008   Code   RO         6039    i.__aeabi_errno_addr  mc_w.l(errno.o)
    0x08002dac   0x08002dac   0x0000005c   Code   RO         6015    i.__free$realloc    mc_w.l(mallocr.o)
    0x08002e08   0x08002e08   0x00000050   Code   RO         6016    i.__malloc$realloc  mc_w.l(mallocr.o)
    0x08002e58   0x08002e58   0x0000000a   Code   RO         6078    i.__mathlib_flt_divzero  m_ws.l(funder.o)
    0x08002e62   0x08002e62   0x00000006   Code   RO         6079    i.__mathlib_flt_infnan  m_ws.l(funder.o)
    0x08002e68   0x08002e68   0x00000004   Code   RO         6080    i.__mathlib_flt_infnan2  m_ws.l(funder.o)
    0x08002e6c   0x08002e6c   0x00000008   Code   RO         6081    i.__mathlib_flt_invalid  m_ws.l(funder.o)
    0x08002e74   0x08002e74   0x0000000a   Code   RO         6082    i.__mathlib_flt_overflow  m_ws.l(funder.o)
    0x08002e7e   0x08002e7e   0x0000000a   Code   RO         6084    i.__mathlib_flt_underflow  m_ws.l(funder.o)
    0x08002e88   0x08002e88   0x00000010   Code   RO         6144    i.__mathlib_narrow  m_ws.l(narrow.o)
    0x08002e98   0x08002e98   0x00000168   Code   RO         6092    i.__mathlib_rredf2  m_ws.l(rredf.o)
    0x08003000   0x08003000   0x000000bc   Code   RO         6145    i.__mathlib_tofloat  m_ws.l(narrow.o)
    0x080030bc   0x080030bc   0x0000000e   Code   RO         6177    i.__scatterload_copy  mc_w.l(handlers.o)
    0x080030ca   0x080030ca   0x00000002   Code   RO         6178    i.__scatterload_null  mc_w.l(handlers.o)
    0x080030cc   0x080030cc   0x0000000e   Code   RO         6179    i.__scatterload_zeroinit  mc_w.l(handlers.o)
    0x080030da   0x080030da   0x00000002   PAD
    0x080030dc   0x080030dc   0x0000000c   Code   RO         6041    i.__set_errno       mc_w.l(errno.o)
    0x080030e8   0x080030e8   0x00000184   Code   RO         5990    i._fp_digits        mc_w.l(printfa.o)
    0x0800326c   0x0800326c   0x0000000e   Code   RO         6164    i._is_digit         mc_w.l(scanf_fp.o)
    0x0800327a   0x0800327a   0x00000002   PAD
    0x0800327c   0x0800327c   0x000006dc   Code   RO         5991    i._printf_core      mc_w.l(printfa.o)
    0x08003958   0x08003958   0x00000024   Code   RO         5992    i._printf_post_padding  mc_w.l(printfa.o)
    0x0800397c   0x0800397c   0x0000002e   Code   RO         5993    i._printf_pre_padding  mc_w.l(printfa.o)
    0x080039aa   0x080039aa   0x0000000a   Code   RO         5995    i._sputc            mc_w.l(printfa.o)
    0x080039b4   0x080039b4   0x0000011c   Code   RO         5520    i.acosf             m_ws.l(acosf.o)
    0x08003ad0   0x08003ad0   0x00000100   Code   RO         4399    i.add_s             lstrlib.o
    0x08003bd0   0x08003bd0   0x000000d0   Code   RO         4400    i.add_value         lstrlib.o
    0x08003ca0   0x08003ca0   0x00000080   Code   RO         4748    i.addfield          ltablib.o
    0x08003d20   0x08003d20   0x000000e4   Code   RO         2460    i.addk              lcode.o
    0x08003e04   0x08003e04   0x00000032   Code   RO         4401    i.addlenmod         lstrlib.o
    0x08003e36   0x08003e36   0x00000002   PAD
    0x08003e38   0x08003e38   0x00000084   Code   RO         3894    i.addprototype      lparser.o
    0x08003ebc   0x08003ebc   0x000000e0   Code   RO         4402    i.addquoted         lstrlib.o
    0x08003f9c   0x08003f9c   0x0000006c   Code   RO         5468    i.addreturn         mculua.o
    0x08004008   0x08004008   0x00000066   Code   RO         3895    i.adjust_assign     lparser.o
    0x0800406e   0x0800406e   0x00000002   PAD
    0x08004070   0x08004070   0x0000002a   Code   RO         3896    i.adjustlocalvars   lparser.o
    0x0800409a   0x0800409a   0x00000016   Code   RO         4638    i.arrayindex        ltable.o
    0x080040b0   0x080040b0   0x00000124   Code   RO         5528    i.asinf             m_ws.l(asinf.o)
    0x080041d4   0x080041d4   0x000000d8   Code   RO         3897    i.assignment        lparser.o
    0x080042ac   0x080042ac   0x0000025c   Code   RO         5536    i.atan2f            m_ws.l(atan2f.o)
    0x08004508   0x08004508   0x00000122   Code   RO         3165    i.atomic            lgc.o
    0x0800462a   0x0800462a   0x00000002   PAD
    0x0800462c   0x0800462c   0x00000078   Code   RO         1356    i.aux_upvalue       lapi.o
    0x080046a4   0x080046a4   0x000000f0   Code   RO         5285    i.auxgetinfo        ldebug.o
    0x08004794   0x08004794   0x000001e0   Code   RO         4749    i.auxsort           ltablib.o
    0x08004974   0x08004974   0x0000008c   Code   RO         2263    i.b_str2int         lbaselib.o
    0x08004a00   0x08004a00   0x0000001e   Code   RO         3898    i.block             lparser.o
    0x08004a1e   0x08004a1e   0x00000032   Code   RO         3899    i.block_follow      lparser.o
    0x08004a50   0x08004a50   0x00000098   Code   RO         3900    i.body              lparser.o
    0x08004ae8   0x08004ae8   0x0000001c   Code   RO         3418    i.buffreplace       llex.o
    0x08004b04   0x08004b04   0x00000078   Code   RO         5544    i.ceilf             m_ws.l(ceilf.o)
    0x08004b7c   0x08004b7c   0x0000000c   Code   RO         3901    i.check             lparser.o
    0x08004b88   0x08004b88   0x00000150   Code   RO         4892    i.checkHeader       lundump.o
    0x08004cd8   0x08004cd8   0x00000070   Code   RO         3902    i.check_conflict    lparser.o
    0x08004d48   0x08004d48   0x0000007c   Code   RO         3903    i.check_match       lparser.o
    0x08004dc4   0x08004dc4   0x00000032   Code   RO         3419    i.check_next1       llex.o
    0x08004df6   0x08004df6   0x00000042   Code   RO         3420    i.check_next2       llex.o
    0x08004e38   0x08004e38   0x00000084   Code   RO         3904    i.checklimit        lparser.o
    0x08004ebc   0x08004ebc   0x00000032   Code   RO         4893    i.checkliteral      lundump.o
    0x08004eee   0x08004eee   0x00000002   PAD
    0x08004ef0   0x08004ef0   0x0000005c   Code   RO         2844    i.checkmode         ldo.o
    0x08004f4c   0x08004f4c   0x00000018   Code   RO         3905    i.checkname         lparser.o
    0x08004f64   0x08004f64   0x00000012   Code   RO         3906    i.checknext         lparser.o
    0x08004f76   0x08004f76   0x00000002   PAD
    0x08004f78   0x08004f78   0x0000009c   Code   RO         4750    i.checktab          ltablib.o
    0x08005014   0x08005014   0x0000009c   Code   RO         4403    i.classend          lstrlib.o
    0x080050b0   0x080050b0   0x0000004a   Code   RO         3166    i.clearkeys         lgc.o
    0x080050fa   0x080050fa   0x00000066   Code   RO         3167    i.clearvalues       lgc.o
    0x08005160   0x08005160   0x00000108   Code   RO         3907    i.close_func        lparser.o
    0x08005268   0x08005268   0x0000004e   Code   RO         4233    i.close_state       lstate.o
    0x080052b6   0x080052b6   0x00000002   PAD
    0x080052b8   0x080052b8   0x000000b0   Code   RO         3908    i.closegoto         lparser.o
    0x08005368   0x08005368   0x00000014   Code   RO         2461    i.code_label        lcode.o
    0x0800537c   0x0800537c   0x0000005a   Code   RO         2462    i.codecomp          lcode.o
    0x080053d6   0x080053d6   0x00000090   Code   RO         2463    i.codeexpval        lcode.o
    0x08005466   0x08005466   0x0000000a   Code   RO         2464    i.codeextraarg      lcode.o
    0x08005470   0x08005470   0x00000074   Code   RO         2465    i.codenot           lcode.o
    0x080054e4   0x080054e4   0x0000001a   Code   RO         3909    i.codestring        lparser.o
    0x080054fe   0x080054fe   0x00000026   Code   RO         3910    i.cond              lparser.o
    0x08005524   0x08005524   0x00000018   Code   RO         2466    i.condjump          lcode.o
    0x0800553c   0x0800553c   0x00000070   Code   RO         2467    i.constfolding      lcode.o
    0x080055ac   0x080055ac   0x00000156   Code   RO         3911    i.constructor       lparser.o
    0x08005702   0x08005702   0x0000002e   Code   RO         3168    i.convergeephemerons  lgc.o
    0x08005730   0x08005730   0x00000034   Code   RO         4404    i.copywithendian    lstrlib.o
    0x08005764   0x08005764   0x0000017c   Code   RO         5548    i.cosf              m_ws.l(cosf.o)
    0x080058e0   0x080058e0   0x0000001e   Code   RO         4639    i.countint          ltable.o
    0x080058fe   0x080058fe   0x0000002e   Code   RO         4329    i.createstrobj      lstring.o
    0x0800592c   0x0800592c   0x00000028   Code   RO         5286    i.currentline       ldebug.o
    0x08005954   0x08005954   0x00000012   Code   RO         5287    i.currentpc         ldebug.o
    0x08005966   0x08005966   0x00000028   Code   RO         2468    i.discharge2anyreg  lcode.o
    0x0800598e   0x0800598e   0x00000096   Code   RO         2469    i.discharge2reg     lcode.o
    0x08005a24   0x08005a24   0x000000f8   Code   RO         5469    i.doREPL            mculua.o
    0x08005b1c   0x08005b1c   0x0000000a   Code   RO         2264    i.dofilecont        lbaselib.o
    0x08005b26   0x08005b26   0x0000000c   Code   RO         3169    i.dothecall         lgc.o
    0x08005b32   0x08005b32   0x00000024   Code   RO         3912    i.enterblock        lparser.o
    0x08005b56   0x08005b56   0x00000002   PAD
    0x08005b58   0x08005b58   0x00000024   Code   RO         3913    i.enterlevel        lparser.o
    0x08005b7c   0x08005b7c   0x0000001e   Code   RO         3170    i.entersweep        lgc.o
    0x08005b9a   0x08005b9a   0x00000002   PAD
    0x08005b9c   0x08005b9c   0x0000005c   Code   RO         1926    i.errfile           lauxlib.o
    0x08005bf8   0x08005bf8   0x00000038   Code   RO         4894    i.error             lundump.o
    0x08005c30   0x08005c30   0x0000002c   Code   RO         3914    i.error_expected    lparser.o
    0x08005c5c   0x08005c5c   0x00000048   Code   RO         3421    i.esccheck          llex.o
    0x08005ca4   0x08005ca4   0x00000018   Code   RO         3915    i.exp1              lparser.o
    0x08005cbc   0x08005cbc   0x000000ae   Code   RO         2470    i.exp2reg           lcode.o
    0x08005d6a   0x08005d6a   0x00000002   PAD
    0x08005d6c   0x08005d6c   0x00000170   Code   RO         5556    i.expf              m_ws.l(expf.o)
    0x08005edc   0x08005edc   0x00000030   Code   RO         3916    i.explist           lparser.o
    0x08005f0c   0x08005f0c   0x00000006   Code   RO         3917    i.expr              lparser.o
    0x08005f12   0x08005f12   0x00000008   Code   RO         1357    i.f_call            lapi.o
    0x08005f1a   0x08005f1a   0x0000007a   Code   RO         4234    i.f_luaopen         lstate.o
    0x08005f94   0x08005f94   0x0000007c   Code   RO         2845    i.f_parser          ldo.o
    0x08006010   0x08006010   0x0000003c   Code   RO         4895    i.fchecksize        lundump.o
    0x0800604c   0x0800604c   0x00000020   Code   RO         1268    i.fgetc             main.o
    0x0800606c   0x0800606c   0x0000003c   Code   RO         5656    i.fgets             mc_w.l(fgets.o)
    0x080060a8   0x080060a8   0x00000028   Code   RO         3918    i.fieldsel          lparser.o
    0x080060d0   0x080060d0   0x0000000a   Code   RO         5288    i.filterpc          ldebug.o
    0x080060da   0x080060da   0x00000002   PAD
    0x080060dc   0x080060dc   0x000000a4   Code   RO         1927    i.findfield         lauxlib.o
    0x08006180   0x08006180   0x0000003a   Code   RO         3919    i.findgotos         lparser.o
    0x080061ba   0x080061ba   0x00000002   PAD
    0x080061bc   0x080061bc   0x00000090   Code   RO         4640    i.findindex         ltable.o
    0x0800624c   0x0800624c   0x00000066   Code   RO         3920    i.findlabel         lparser.o
    0x080062b2   0x080062b2   0x00000002   PAD
    0x080062b4   0x080062b4   0x00000098   Code   RO         5290    i.findsetreg        ldebug.o
    0x0800634c   0x0800634c   0x00000028   Code   RO         2265    i.finishpcall       lbaselib.o
    0x08006374   0x08006374   0x00000058   Code   RO         2471    i.fixjump           lcode.o
    0x080063cc   0x080063cc   0x0000007c   Code   RO         5566    i.floorf            m_ws.l(floorf.o)
    0x08006448   0x08006448   0x0000006c   Code   RO         5570    i.fmodf             m_ws.l(fmodf.o)
    0x080064b4   0x080064b4   0x000000b8   Code   RO         3921    i.forbody           lparser.o
    0x0800656c   0x0800656c   0x000000c0   Code   RO         3922    i.forlist           lparser.o
    0x0800662c   0x0800662c   0x000000b8   Code   RO         3923    i.fornum            lparser.o
    0x080066e4   0x080066e4   0x00000078   Code   RO         3924    i.forstat           lparser.o
    0x0800675c   0x0800675c   0x00000018   Code   RO         1269    i.fputc             main.o
    0x08006774   0x08006774   0x00000018   Code   RO         5652    i.fputs             mc_w.l(fputs.o)
    0x0800678c   0x0800678c   0x00000034   Code   RO         5658    i.fread             mc_w.l(fread.o)
    0x080067c0   0x080067c0   0x0000000e   Code   RO         2472    i.freeexp           lcode.o
    0x080067ce   0x080067ce   0x000000aa   Code   RO         3171    i.freeobj           lgc.o
    0x08006878   0x08006878   0x00000016   Code   RO         2473    i.freereg           lcode.o
    0x0800688e   0x0800688e   0x0000002a   Code   RO         4235    i.freestack         lstate.o
    0x080068b8   0x080068b8   0x00000058   Code   RO         6157    i.frexp             m_ws.l(frexp.o)
    0x08006910   0x08006910   0x00000046   Code   RO         5578    i.frexpf            m_ws.l(frexpf.o)
    0x08006956   0x08006956   0x00000002   PAD
    0x08006958   0x08006958   0x000000ec   Code   RO         3925    i.funcargs          lparser.o
    0x08006a44   0x08006a44   0x00000060   Code   RO         5291    i.funcinfo          ldebug.o
    0x08006aa4   0x08006aa4   0x00000024   Code   RO         5654    i.fwrite            mc_w.l(fwrite.o)
    0x08006ac8   0x08006ac8   0x000000c0   Code   RO         2266    i.generic_reader    lbaselib.o
    0x08006b88   0x08006b88   0x00000038   Code   RO         1928    i.getF              lauxlib.o
    0x08006bc0   0x08006bc0   0x00000010   Code   RO         1929    i.getS              lauxlib.o
    0x08006bd0   0x08006bd0   0x000000d0   Code   RO         3926    i.getbinopr         lparser.o
    0x08006ca0   0x08006ca0   0x00000004   Code   RO         5660    i.getc              mc_w.l(getc.o)
    0x08006ca4   0x08006ca4   0x000000e0   Code   RO         4405    i.getdetails        lstrlib.o
    0x08006d84   0x08006d84   0x000000dc   Code   RO         5292    i.getfuncname       ldebug.o
    0x08006e60   0x08006e60   0x00000064   Code   RO         3422    i.gethexa           llex.o
    0x08006ec4   0x08006ec4   0x00000024   Code   RO         2474    i.getjump           lcode.o
    0x08006ee8   0x08006ee8   0x00000024   Code   RO         2475    i.getjumpcontrol    lcode.o
    0x08006f0c   0x08006f0c   0x0000001c   Code   RO         3927    i.getlocvar         lparser.o
    0x08006f28   0x08006f28   0x00000040   Code   RO         4406    i.getnum            lstrlib.o
    0x08006f68   0x08006f68   0x00000050   Code   RO         4407    i.getnumlimit       lstrlib.o
    0x08006fb8   0x08006fb8   0x00000130   Code   RO         5293    i.getobjname        ldebug.o
    0x080070e8   0x080070e8   0x00000180   Code   RO         4408    i.getoption         lstrlib.o
    0x08007268   0x08007268   0x00000038   Code   RO         4409    i.gmatch            lstrlib.o
    0x080072a0   0x080072a0   0x000000a4   Code   RO         4410    i.gmatch_aux        lstrlib.o
    0x08007344   0x08007344   0x0000004c   Code   RO         3928    i.gotostat          lparser.o
    0x08007390   0x08007390   0x00000006   Code   RO         1359    i.growstack         lapi.o
    0x08007396   0x08007396   0x00000002   PAD
    0x08007398   0x08007398   0x0000008c   Code   RO         3423    i.inclinenumber     llex.o
    0x08007424   0x08007424   0x00000058   Code   RO         1360    i.index2addr        lapi.o
    0x0800747c   0x0800747c   0x0000000e   Code   RO         3929    i.init_exp          lparser.o
    0x0800748a   0x0800748a   0x00000002   PAD
    0x0800748c   0x0800748c   0x00000014   Code   RO         4411    i.initheader        lstrlib.o
    0x080074a0   0x080074a0   0x0000006a   Code   RO         3757    i.intarith          lobject.o
    0x0800750a   0x0800750a   0x00000002   PAD
    0x0800750c   0x0800750c   0x00000050   Code   RO         6017    i.internal_alloc    mc_w.l(mallocr.o)
    0x0800755c   0x0800755c   0x000000a0   Code   RO         4330    i.internshrstr      lstring.o
    0x080075fc   0x080075fc   0x00000024   Code   RO         2476    i.invertjump        lcode.o
    0x08007620   0x08007620   0x0000002a   Code   RO         2267    i.ipairsaux         lbaselib.o
    0x0800764a   0x0800764a   0x00000032   Code   RO         2268    i.ipairsaux_raw     lbaselib.o
    0x0800767c   0x0800767c   0x0000002a   Code   RO         3172    i.iscleared         lgc.o
    0x080076a6   0x080076a6   0x00000058   Code   RO         2477    i.jumponcond        lcode.o
    0x080076fe   0x080076fe   0x00000002   PAD
    0x08007700   0x08007700   0x0000003c   Code   RO         5294    i.kname             ldebug.o
    0x0800773c   0x0800773c   0x00000018   Code   RO         1930    i.l_alloc           lauxlib.o
    0x08007754   0x08007754   0x00000028   Code   RO         5470    i.l_message         mculua.o
    0x0800777c   0x0800777c   0x000000a0   Code   RO         5471    i.l_print           mculua.o
    0x0800781c   0x0800781c   0x0000004c   Code   RO         3758    i.l_str2d           lobject.o
    0x08007868   0x08007868   0x0000009c   Code   RO         3759    i.l_str2int         lobject.o
    0x08007904   0x08007904   0x0000005e   Code   RO         4972    i.l_strcmp          lvm.o
    0x08007962   0x08007962   0x00000002   PAD
    0x08007964   0x08007964   0x000000c0   Code   RO         3930    i.labelstat         lparser.o
    0x08007a24   0x08007a24   0x00000104   Code   RO         3931    i.leaveblock        lparser.o
    0x08007b28   0x08007b28   0x00000078   Code   RO         3424    i.lexerror          llex.o
    0x08007ba0   0x08007ba0   0x00000040   Code   RO         3932    i.listfield         lparser.o
    0x08007be0   0x08007be0   0x000003f8   Code   RO         3425    i.llex              llex.o
    0x08007fd8   0x08007fd8   0x0000003c   Code   RO         2269    i.load_aux          lbaselib.o
    0x08008014   0x08008014   0x000001b4   Code   RO         5582    i.log10f            m_ws.l(log10f.o)
    0x080081c8   0x080081c8   0x00000198   Code   RO         5592    i.log2f             m_ws.l(log2f.o)
    0x08008360   0x08008360   0x00000190   Code   RO         5602    i.logf              m_ws.l(logf.o)
    0x080084f0   0x080084f0   0x00000064   Code   RO         2270    i.luaB_assert       lbaselib.o
    0x08008554   0x08008554   0x00000088   Code   RO         2271    i.luaB_collectgarbage  lbaselib.o
    0x080085dc   0x080085dc   0x0000004c   Code   RO         2272    i.luaB_dofile       lbaselib.o
    0x08008628   0x08008628   0x00000046   Code   RO         2273    i.luaB_error        lbaselib.o
    0x0800866e   0x0800866e   0x00000002   PAD
    0x08008670   0x08008670   0x00000038   Code   RO         2274    i.luaB_getmetatable  lbaselib.o
    0x080086a8   0x080086a8   0x0000004c   Code   RO         2275    i.luaB_ipairs       lbaselib.o
    0x080086f4   0x080086f4   0x0000009c   Code   RO         2276    i.luaB_load         lbaselib.o
    0x08008790   0x08008790   0x0000004a   Code   RO         2277    i.luaB_loadfile     lbaselib.o
    0x080087da   0x080087da   0x0000002c   Code   RO         2278    i.luaB_next         lbaselib.o
    0x08008806   0x08008806   0x00000002   PAD
    0x08008808   0x08008808   0x00000018   Code   RO         2279    i.luaB_pairs        lbaselib.o
    0x08008820   0x08008820   0x0000004c   Code   RO         2280    i.luaB_pcall        lbaselib.o
    0x0800886c   0x0800886c   0x000000e0   Code   RO         2281    i.luaB_print        lbaselib.o
    0x0800894c   0x0800894c   0x00000028   Code   RO         2282    i.luaB_rawequal     lbaselib.o
    0x08008974   0x08008974   0x00000028   Code   RO         2283    i.luaB_rawget       lbaselib.o
    0x0800899c   0x0800899c   0x0000004c   Code   RO         2284    i.luaB_rawlen       lbaselib.o
    0x080089e8   0x080089e8   0x00000030   Code   RO         2285    i.luaB_rawset       lbaselib.o
    0x08008a18   0x08008a18   0x00000070   Code   RO         2286    i.luaB_select       lbaselib.o
    0x08008a88   0x08008a88   0x0000009c   Code   RO         2287    i.luaB_setmetatable  lbaselib.o
    0x08008b24   0x08008b24   0x000000b8   Code   RO         2288    i.luaB_tonumber     lbaselib.o
    0x08008bdc   0x08008bdc   0x00000018   Code   RO         2289    i.luaB_tostring     lbaselib.o
    0x08008bf4   0x08008bf4   0x00000024   Code   RO         2290    i.luaB_type         lbaselib.o
    0x08008c18   0x08008c18   0x00000058   Code   RO         2291    i.luaB_xpcall       lbaselib.o
    0x08008c70   0x08008c70   0x00000024   Code   RO         3173    i.luaC_barrier_     lgc.o
    0x08008c94   0x08008c94   0x00000012   Code   RO         3174    i.luaC_barrierback_  lgc.o
    0x08008ca6   0x08008ca6   0x00000078   Code   RO         3175    i.luaC_checkfinalizer  lgc.o
    0x08008d1e   0x08008d1e   0x00000016   Code   RO         3176    i.luaC_fix          lgc.o
    0x08008d34   0x08008d34   0x0000005a   Code   RO         3177    i.luaC_freeallobjects  lgc.o
    0x08008d8e   0x08008d8e   0x0000004e   Code   RO         3178    i.luaC_fullgc       lgc.o
    0x08008ddc   0x08008ddc   0x00000028   Code   RO         3179    i.luaC_newobj       lgc.o
    0x08008e04   0x08008e04   0x00000024   Code   RO         3180    i.luaC_runtilstate  lgc.o
    0x08008e28   0x08008e28   0x00000080   Code   RO         3181    i.luaC_step         lgc.o
    0x08008ea8   0x08008ea8   0x0000001a   Code   RO         3182    i.luaC_upvalbarrier_  lgc.o
    0x08008ec2   0x08008ec2   0x0000001c   Code   RO         3183    i.luaC_upvdeccount  lgc.o
    0x08008ede   0x08008ede   0x00000002   PAD
    0x08008ee0   0x08008ee0   0x00000080   Code   RO         2847    i.luaD_call         ldo.o
    0x08008f60   0x08008f60   0x0000006c   Code   RO         2848    i.luaD_growstack    ldo.o
    0x08008fcc   0x08008fcc   0x0000007a   Code   RO         2849    i.luaD_hook         ldo.o
    0x08009046   0x08009046   0x00000054   Code   RO         2850    i.luaD_pcall        ldo.o
    0x0800909a   0x0800909a   0x00000074   Code   RO         2851    i.luaD_poscall      ldo.o
    0x0800910e   0x0800910e   0x00000002   PAD
    0x08009110   0x08009110   0x00000220   Code   RO         2852    i.luaD_precall      ldo.o
    0x08009330   0x08009330   0x0000008c   Code   RO         2853    i.luaD_protectedparser  ldo.o
    0x080093bc   0x080093bc   0x00000036   Code   RO         2854    i.luaD_rawrunprotected  ldo.o
    0x080093f2   0x080093f2   0x000000b2   Code   RO         2855    i.luaD_reallocstack  ldo.o
    0x080094a4   0x080094a4   0x00000068   Code   RO         2856    i.luaD_shrinkstack  ldo.o
    0x0800950c   0x0800950c   0x0000005c   Code   RO         2857    i.luaD_throw        ldo.o
    0x08009568   0x08009568   0x0000001c   Code   RO         4236    i.luaE_extendCI     lstate.o
    0x08009584   0x08009584   0x00000020   Code   RO         4237    i.luaE_freeCI       lstate.o
    0x080095a4   0x080095a4   0x00000026   Code   RO         4238    i.luaE_freethread   lstate.o
    0x080095ca   0x080095ca   0x0000000e   Code   RO         4239    i.luaE_setdebt      lstate.o
    0x080095d8   0x080095d8   0x00000026   Code   RO         4240    i.luaE_shrinkCI     lstate.o
    0x080095fe   0x080095fe   0x00000044   Code   RO         3090    i.luaF_close        lfunc.o
    0x08009642   0x08009642   0x0000004c   Code   RO         3091    i.luaF_findupval    lfunc.o
    0x0800968e   0x0800968e   0x0000006e   Code   RO         3092    i.luaF_freeproto    lfunc.o
    0x080096fc   0x080096fc   0x00000046   Code   RO         3093    i.luaF_getlocalname  lfunc.o
    0x08009742   0x08009742   0x00000038   Code   RO         3094    i.luaF_initupvals   lfunc.o
    0x0800977a   0x0800977a   0x00000014   Code   RO         3095    i.luaF_newCclosure  lfunc.o
    0x0800978e   0x0800978e   0x00000024   Code   RO         3096    i.luaF_newLclosure  lfunc.o
    0x080097b2   0x080097b2   0x00000034   Code   RO         3097    i.luaF_newproto     lfunc.o
    0x080097e6   0x080097e6   0x00000002   PAD
    0x080097e8   0x080097e8   0x00000048   Code   RO         5295    i.luaG_addinfo      ldebug.o
    0x08009830   0x08009830   0x00000024   Code   RO         5296    i.luaG_concaterror  ldebug.o
    0x08009854   0x08009854   0x0000003e   Code   RO         5297    i.luaG_errormsg     ldebug.o
    0x08009892   0x08009892   0x00000030   Code   RO         5298    i.luaG_opinterror   ldebug.o
    0x080098c2   0x080098c2   0x00000002   PAD
    0x080098c4   0x080098c4   0x00000074   Code   RO         5299    i.luaG_ordererror   ldebug.o
    0x08009938   0x08009938   0x0000003e   Code   RO         5300    i.luaG_runerror     ldebug.o
    0x08009976   0x08009976   0x00000002   PAD
    0x08009978   0x08009978   0x00000060   Code   RO         5301    i.luaG_tointerror   ldebug.o
    0x080099d8   0x080099d8   0x000000bc   Code   RO         5302    i.luaG_traceexec    ldebug.o
    0x08009a94   0x08009a94   0x0000004c   Code   RO         5303    i.luaG_typeerror    ldebug.o
    0x08009ae0   0x08009ae0   0x00000040   Code   RO         4641    i.luaH_free         ltable.o
    0x08009b20   0x08009b20   0x0000007c   Code   RO         4642    i.luaH_get          ltable.o
    0x08009b9c   0x08009b9c   0x0000004c   Code   RO         4643    i.luaH_getint       ltable.o
    0x08009be8   0x08009be8   0x00000098   Code   RO         4644    i.luaH_getn         ltable.o
    0x08009c80   0x08009c80   0x0000003c   Code   RO         4645    i.luaH_getstr       ltable.o
    0x08009cbc   0x08009cbc   0x00000028   Code   RO         4646    i.luaH_new          ltable.o
    0x08009ce4   0x08009ce4   0x00000150   Code   RO         4647    i.luaH_newkey       ltable.o
    0x08009e34   0x08009e34   0x00000086   Code   RO         4648    i.luaH_next         ltable.o
    0x08009eba   0x08009eba   0x00000002   PAD
    0x08009ebc   0x08009ebc   0x000000fc   Code   RO         4649    i.luaH_resize       ltable.o
    0x08009fb8   0x08009fb8   0x00000020   Code   RO         4650    i.luaH_resizearray  ltable.o
    0x08009fd8   0x08009fd8   0x0000002c   Code   RO         4651    i.luaH_set          ltable.o
    0x0800a004   0x0800a004   0x0000003c   Code   RO         4652    i.luaH_setint       ltable.o
    0x0800a040   0x0800a040   0x00000054   Code   RO         2478    i.luaK_checkstack   lcode.o
    0x0800a094   0x0800a094   0x0000008c   Code   RO         2479    i.luaK_code         lcode.o
    0x0800a120   0x0800a120   0x00000016   Code   RO         2480    i.luaK_codeABC      lcode.o
    0x0800a136   0x0800a136   0x0000000c   Code   RO         2481    i.luaK_codeABx      lcode.o
    0x0800a142   0x0800a142   0x00000032   Code   RO         2482    i.luaK_codek        lcode.o
    0x0800a174   0x0800a174   0x00000030   Code   RO         2483    i.luaK_concat       lcode.o
    0x0800a1a4   0x0800a1a4   0x0000006e   Code   RO         2484    i.luaK_dischargevars  lcode.o
    0x0800a212   0x0800a212   0x00000002   PAD
    0x0800a214   0x0800a214   0x00000090   Code   RO         2485    i.luaK_exp2RK       lcode.o
    0x0800a2a4   0x0800a2a4   0x00000038   Code   RO         2486    i.luaK_exp2anyreg   lcode.o
    0x0800a2dc   0x0800a2dc   0x00000014   Code   RO         2487    i.luaK_exp2anyregup  lcode.o
    0x0800a2f0   0x0800a2f0   0x0000002c   Code   RO         2488    i.luaK_exp2nextreg  lcode.o
    0x0800a31c   0x0800a31c   0x00000010   Code   RO         2489    i.luaK_exp2val      lcode.o
    0x0800a32c   0x0800a32c   0x00000012   Code   RO         2490    i.luaK_fixline      lcode.o
    0x0800a33e   0x0800a33e   0x00000008   Code   RO         2491    i.luaK_getlabel     lcode.o
    0x0800a346   0x0800a346   0x00000046   Code   RO         2492    i.luaK_goiffalse    lcode.o
    0x0800a38c   0x0800a38c   0x00000056   Code   RO         2493    i.luaK_goiftrue     lcode.o
    0x0800a3e2   0x0800a3e2   0x00000020   Code   RO         2494    i.luaK_indexed      lcode.o
    0x0800a402   0x0800a402   0x00000066   Code   RO         2495    i.luaK_infix        lcode.o
    0x0800a468   0x0800a468   0x0000001a   Code   RO         2496    i.luaK_intK         lcode.o
    0x0800a482   0x0800a482   0x00000002   PAD
    0x0800a484   0x0800a484   0x0000002c   Code   RO         2497    i.luaK_jump         lcode.o
    0x0800a4b0   0x0800a4b0   0x00000072   Code   RO         2498    i.luaK_nil          lcode.o
    0x0800a522   0x0800a522   0x00000012   Code   RO         2499    i.luaK_numberK      lcode.o
    0x0800a534   0x0800a534   0x0000002a   Code   RO         2500    i.luaK_patchclose   lcode.o
    0x0800a55e   0x0800a55e   0x0000001a   Code   RO         2501    i.luaK_patchlist    lcode.o
    0x0800a578   0x0800a578   0x0000000e   Code   RO         2502    i.luaK_patchtohere  lcode.o
    0x0800a586   0x0800a586   0x000000da   Code   RO         2503    i.luaK_posfix       lcode.o
    0x0800a660   0x0800a660   0x0000003c   Code   RO         2504    i.luaK_prefix       lcode.o
    0x0800a69c   0x0800a69c   0x00000014   Code   RO         2505    i.luaK_reserveregs  lcode.o
    0x0800a6b0   0x0800a6b0   0x00000012   Code   RO         2506    i.luaK_ret          lcode.o
    0x0800a6c2   0x0800a6c2   0x0000004a   Code   RO         2507    i.luaK_self         lcode.o
    0x0800a70c   0x0800a70c   0x00000070   Code   RO         2508    i.luaK_setlist      lcode.o
    0x0800a77c   0x0800a77c   0x0000003c   Code   RO         2509    i.luaK_setoneret    lcode.o
    0x0800a7b8   0x0800a7b8   0x0000005e   Code   RO         2510    i.luaK_setreturns   lcode.o
    0x0800a816   0x0800a816   0x00000072   Code   RO         2511    i.luaK_storevar     lcode.o
    0x0800a888   0x0800a888   0x00000016   Code   RO         2512    i.luaK_stringK      lcode.o
    0x0800a89e   0x0800a89e   0x0000001e   Code   RO         1931    i.luaL_addlstring   lauxlib.o
    0x0800a8bc   0x0800a8bc   0x0000001a   Code   RO         1932    i.luaL_addstring    lauxlib.o
    0x0800a8d6   0x0800a8d6   0x00000058   Code   RO         1933    i.luaL_addvalue     lauxlib.o
    0x0800a92e   0x0800a92e   0x00000002   PAD
    0x0800a930   0x0800a930   0x000000e0   Code   RO         1934    i.luaL_argerror     lauxlib.o
    0x0800aa10   0x0800aa10   0x00000014   Code   RO         1935    i.luaL_buffinit     lauxlib.o
    0x0800aa24   0x0800aa24   0x00000014   Code   RO         1936    i.luaL_buffinitsize  lauxlib.o
    0x0800aa38   0x0800aa38   0x00000036   Code   RO         1937    i.luaL_callmeta     lauxlib.o
    0x0800aa6e   0x0800aa6e   0x00000002   PAD
    0x0800aa70   0x0800aa70   0x00000030   Code   RO         1938    i.luaL_checkany     lauxlib.o
    0x0800aaa0   0x0800aaa0   0x00000060   Code   RO         1939    i.luaL_checkinteger  lauxlib.o
    0x0800ab00   0x0800ab00   0x0000001c   Code   RO         1940    i.luaL_checklstring  lauxlib.o
    0x0800ab1c   0x0800ab1c   0x00000020   Code   RO         1941    i.luaL_checknumber  lauxlib.o
    0x0800ab3c   0x0800ab3c   0x00000064   Code   RO         1942    i.luaL_checkoption  lauxlib.o
    0x0800aba0   0x0800aba0   0x00000054   Code   RO         1943    i.luaL_checkstack   lauxlib.o
    0x0800abf4   0x0800abf4   0x00000020   Code   RO         1944    i.luaL_checktype    lauxlib.o
    0x0800ac14   0x0800ac14   0x000000e8   Code   RO         1946    i.luaL_checkversion_  lauxlib.o
    0x0800acfc   0x0800acfc   0x0000002c   Code   RO         1947    i.luaL_error        lauxlib.o
    0x0800ad28   0x0800ad28   0x00000042   Code   RO         1950    i.luaL_getmetafield  lauxlib.o
    0x0800ad6a   0x0800ad6a   0x0000004a   Code   RO         1951    i.luaL_getsubtable  lauxlib.o
    0x0800adb4   0x0800adb4   0x00000050   Code   RO         1953    i.luaL_len          lauxlib.o
    0x0800ae04   0x0800ae04   0x00000018   Code   RO         1954    i.luaL_loadbufferx  lauxlib.o
    0x0800ae1c   0x0800ae1c   0x00000128   Code   RO         1955    i.luaL_loadfilex    lauxlib.o
    0x0800af44   0x0800af44   0x00000020   Code   RO         1958    i.luaL_newstate     lauxlib.o
    0x0800af64   0x0800af64   0x0000002c   Code   RO         3403    i.luaL_openlibs     linit.o
    0x0800af90   0x0800af90   0x00000020   Code   RO         1959    i.luaL_optinteger   lauxlib.o
    0x0800afb0   0x0800afb0   0x00000038   Code   RO         1960    i.luaL_optlstring   lauxlib.o
    0x0800afe8   0x0800afe8   0x00000020   Code   RO         1961    i.luaL_optnumber    lauxlib.o
    0x0800b008   0x0800b008   0x00000084   Code   RO         1962    i.luaL_prepbuffsize  lauxlib.o
    0x0800b08c   0x0800b08c   0x00000034   Code   RO         1963    i.luaL_pushresult   lauxlib.o
    0x0800b0c0   0x0800b0c0   0x0000000a   Code   RO         1964    i.luaL_pushresultsize  lauxlib.o
    0x0800b0ca   0x0800b0ca   0x00000002   PAD
    0x0800b0cc   0x0800b0cc   0x000000a4   Code   RO         1966    i.luaL_requiref     lauxlib.o
    0x0800b170   0x0800b170   0x0000006c   Code   RO         1967    i.luaL_setfuncs     lauxlib.o
    0x0800b1dc   0x0800b1dc   0x000000e8   Code   RO         1970    i.luaL_tolstring    lauxlib.o
    0x0800b2c4   0x0800b2c4   0x00000150   Code   RO         1971    i.luaL_traceback    lauxlib.o
    0x0800b414   0x0800b414   0x00000048   Code   RO         1973    i.luaL_where        lauxlib.o
    0x0800b45c   0x0800b45c   0x0000007c   Code   RO         3730    i.luaM_growaux_     lmem.o
    0x0800b4d8   0x0800b4d8   0x0000005c   Code   RO         3731    i.luaM_realloc_     lmem.o
    0x0800b534   0x0800b534   0x00000030   Code   RO         3732    i.luaM_toobig       lmem.o
    0x0800b564   0x0800b564   0x000000d4   Code   RO         3760    i.luaO_arith        lobject.o
    0x0800b638   0x0800b638   0x0000001c   Code   RO         3761    i.luaO_ceillog2     lobject.o
    0x0800b654   0x0800b654   0x000000dc   Code   RO         3762    i.luaO_chunkid      lobject.o
    0x0800b730   0x0800b730   0x00000014   Code   RO         3763    i.luaO_fb2int       lobject.o
    0x0800b744   0x0800b744   0x0000001c   Code   RO         3764    i.luaO_hexavalue    lobject.o
    0x0800b760   0x0800b760   0x00000028   Code   RO         3765    i.luaO_int2fb       lobject.o
    0x0800b788   0x0800b788   0x00000012   Code   RO         3766    i.luaO_pushfstring  lobject.o
    0x0800b79a   0x0800b79a   0x00000002   PAD
    0x0800b79c   0x0800b79c   0x0000019c   Code   RO         3767    i.luaO_pushvfstring  lobject.o
    0x0800b938   0x0800b938   0x00000030   Code   RO         3768    i.luaO_str2num      lobject.o
    0x0800b968   0x0800b968   0x00000084   Code   RO         3769    i.luaO_tostring     lobject.o
    0x0800b9ec   0x0800b9ec   0x00000036   Code   RO         3770    i.luaO_utf8esc      lobject.o
    0x0800ba22   0x0800ba22   0x00000002   PAD
    0x0800ba24   0x0800ba24   0x00000022   Code   RO         4331    i.luaS_clearcache   lstring.o
    0x0800ba46   0x0800ba46   0x00000020   Code   RO         4332    i.luaS_eqlngstr     lstring.o
    0x0800ba66   0x0800ba66   0x00000028   Code   RO         4333    i.luaS_hash         lstring.o
    0x0800ba8e   0x0800ba8e   0x00000002   PAD
    0x0800ba90   0x0800ba90   0x0000004c   Code   RO         4334    i.luaS_init         lstring.o
    0x0800badc   0x0800badc   0x00000040   Code   RO         4335    i.luaS_new          lstring.o
    0x0800bb1c   0x0800bb1c   0x0000003c   Code   RO         4336    i.luaS_newlstr      lstring.o
    0x0800bb58   0x0800bb58   0x00000038   Code   RO         4337    i.luaS_newudata     lstring.o
    0x0800bb90   0x0800bb90   0x0000002a   Code   RO         4338    i.luaS_remove       lstring.o
    0x0800bbba   0x0800bbba   0x00000002   PAD
    0x0800bbbc   0x0800bbbc   0x000000ac   Code   RO         4339    i.luaS_resize       lstring.o
    0x0800bc68   0x0800bc68   0x0000008a   Code   RO         4823    i.luaT_callTM       ltm.o
    0x0800bcf2   0x0800bcf2   0x00000042   Code   RO         4824    i.luaT_callbinTM    ltm.o
    0x0800bd34   0x0800bd34   0x0000002c   Code   RO         4825    i.luaT_callorderTM  ltm.o
    0x0800bd60   0x0800bd60   0x00000020   Code   RO         4826    i.luaT_gettm        ltm.o
    0x0800bd80   0x0800bd80   0x00000044   Code   RO         4827    i.luaT_gettmbyobj   ltm.o
    0x0800bdc4   0x0800bdc4   0x00000034   Code   RO         4828    i.luaT_init         ltm.o
    0x0800bdf8   0x0800bdf8   0x000000c4   Code   RO         4829    i.luaT_trybinTM     ltm.o
    0x0800bebc   0x0800bebc   0x00000030   Code   RO         3017    i.luaU_dump         ldump.o
    0x0800beec   0x0800beec   0x00000080   Code   RO         4896    i.luaU_undump       lundump.o
    0x0800bf6c   0x0800bf6c   0x00000188   Code   RO         4973    i.luaV_concat       lvm.o
    0x0800c0f4   0x0800c0f4   0x0000004c   Code   RO         4974    i.luaV_div          lvm.o
    0x0800c140   0x0800c140   0x0000013e   Code   RO         4975    i.luaV_equalobj     lvm.o
    0x0800c27e   0x0800c27e   0x00000002   PAD
    0x0800c280   0x0800c280   0x00001020   Code   RO         4976    i.luaV_execute      lvm.o
    0x0800d2a0   0x0800d2a0   0x000000cc   Code   RO         4978    i.luaV_gettable     lvm.o
    0x0800d36c   0x0800d36c   0x00000092   Code   RO         4979    i.luaV_lessequal    lvm.o
    0x0800d3fe   0x0800d3fe   0x00000064   Code   RO         4980    i.luaV_lessthan     lvm.o
    0x0800d462   0x0800d462   0x00000002   PAD
    0x0800d464   0x0800d464   0x00000048   Code   RO         4981    i.luaV_mod          lvm.o
    0x0800d4ac   0x0800d4ac   0x000000a0   Code   RO         4982    i.luaV_objlen       lvm.o
    0x0800d54c   0x0800d54c   0x00000114   Code   RO         4983    i.luaV_settable     lvm.o
    0x0800d660   0x0800d660   0x0000001c   Code   RO         4984    i.luaV_shiftl       lvm.o
    0x0800d67c   0x0800d67c   0x0000008a   Code   RO         4985    i.luaV_tointeger    lvm.o
    0x0800d706   0x0800d706   0x00000050   Code   RO         4986    i.luaV_tonumber_    lvm.o
    0x0800d756   0x0800d756   0x00000002   PAD
    0x0800d758   0x0800d758   0x0000004c   Code   RO         3426    i.luaX_init         llex.o
    0x0800d7a4   0x0800d7a4   0x00000010   Code   RO         3427    i.luaX_lookahead    llex.o
    0x0800d7b4   0x0800d7b4   0x00000052   Code   RO         3428    i.luaX_newstring    llex.o
    0x0800d806   0x0800d806   0x0000002a   Code   RO         3429    i.luaX_next         llex.o
    0x0800d830   0x0800d830   0x00000054   Code   RO         3430    i.luaX_setinput     llex.o
    0x0800d884   0x0800d884   0x00000006   Code   RO         3431    i.luaX_syntaxerror  llex.o
    0x0800d88a   0x0800d88a   0x00000002   PAD
    0x0800d88c   0x0800d88c   0x00000048   Code   RO         3432    i.luaX_token2str    llex.o
    0x0800d8d4   0x0800d8d4   0x000000e6   Code   RO         3933    i.luaY_parser       lparser.o
    0x0800d9ba   0x0800d9ba   0x00000026   Code   RO         5115    i.luaZ_fill         lzio.o
    0x0800d9e0   0x0800d9e0   0x0000000e   Code   RO         5116    i.luaZ_init         lzio.o
    0x0800d9ee   0x0800d9ee   0x00000022   Code   RO         5117    i.luaZ_openspace    lzio.o
    0x0800da10   0x0800da10   0x00000056   Code   RO         5118    i.luaZ_read         lzio.o
    0x0800da66   0x0800da66   0x00000002   PAD
    0x0800da68   0x0800da68   0x00000020   Code   RO         1361    i.lua_absindex      lapi.o
    0x0800da88   0x0800da88   0x00000008   Code   RO         1363    i.lua_atpanic       lapi.o
    0x0800da90   0x0800da90   0x00000040   Code   RO         1364    i.lua_callk         lapi.o
    0x0800dad0   0x0800dad0   0x00000054   Code   RO         1365    i.lua_checkstack    lapi.o
    0x0800db24   0x0800db24   0x00000008   Code   RO         4241    i.lua_close         lstate.o
    0x0800db2c   0x0800db2c   0x0000005c   Code   RO         1366    i.lua_compare       lapi.o
    0x0800db88   0x0800db88   0x00000048   Code   RO         1367    i.lua_concat        lapi.o
    0x0800dbd0   0x0800dbd0   0x0000004c   Code   RO         1368    i.lua_copy          lapi.o
    0x0800dc1c   0x0800dc1c   0x00000044   Code   RO         1369    i.lua_createtable   lapi.o
    0x0800dc60   0x0800dc60   0x00000026   Code   RO         1370    i.lua_dump          lapi.o
    0x0800dc86   0x0800dc86   0x0000000a   Code   RO         1371    i.lua_error         lapi.o
    0x0800dc90   0x0800dc90   0x000000c4   Code   RO         1372    i.lua_gc            lapi.o
    0x0800dd54   0x0800dd54   0x00000042   Code   RO         1374    i.lua_getfield      lapi.o
    0x0800dd96   0x0800dd96   0x00000048   Code   RO         1375    i.lua_getglobal     lapi.o
    0x0800ddde   0x0800ddde   0x00000030   Code   RO         1376    i.lua_geti          lapi.o
    0x0800de0e   0x0800de0e   0x000000ca   Code   RO         5307    i.lua_getinfo       ldebug.o
    0x0800ded8   0x0800ded8   0x00000044   Code   RO         1377    i.lua_getmetatable  lapi.o
    0x0800df1c   0x0800df1c   0x00000028   Code   RO         5309    i.lua_getstack      ldebug.o
    0x0800df44   0x0800df44   0x00000022   Code   RO         1378    i.lua_gettable      lapi.o
    0x0800df66   0x0800df66   0x0000000e   Code   RO         1379    i.lua_gettop        lapi.o
    0x0800df74   0x0800df74   0x00000014   Code   RO         1383    i.lua_isinteger     lapi.o
    0x0800df88   0x0800df88   0x0000001c   Code   RO         1384    i.lua_isnumber      lapi.o
    0x0800dfa4   0x0800dfa4   0x0000001c   Code   RO         1385    i.lua_isstring      lapi.o
    0x0800dfc0   0x0800dfc0   0x0000001a   Code   RO         1387    i.lua_len           lapi.o
    0x0800dfda   0x0800dfda   0x00000002   PAD
    0x0800dfdc   0x0800dfdc   0x0000006c   Code   RO         1388    i.lua_load          lapi.o
    0x0800e048   0x0800e048   0x000000b0   Code   RO         5472    i.lua_main          mculua.o
    0x0800e0f8   0x0800e0f8   0x000000b8   Code   RO         4242    i.lua_newstate      lstate.o
    0x0800e1b0   0x0800e1b0   0x0000002e   Code   RO         1389    i.lua_newuserdata   lapi.o
    0x0800e1de   0x0800e1de   0x00000022   Code   RO         1390    i.lua_next          lapi.o
    0x0800e200   0x0800e200   0x000000a4   Code   RO         1391    i.lua_pcallk        lapi.o
    0x0800e2a4   0x0800e2a4   0x00000014   Code   RO         1392    i.lua_pushboolean   lapi.o
    0x0800e2b8   0x0800e2b8   0x0000005e   Code   RO         1393    i.lua_pushcclosure  lapi.o
    0x0800e316   0x0800e316   0x00000024   Code   RO         1394    i.lua_pushfstring   lapi.o
    0x0800e33a   0x0800e33a   0x00000010   Code   RO         1395    i.lua_pushinteger   lapi.o
    0x0800e34a   0x0800e34a   0x00000036   Code   RO         1397    i.lua_pushlstring   lapi.o
    0x0800e380   0x0800e380   0x0000000e   Code   RO         1398    i.lua_pushnil       lapi.o
    0x0800e38e   0x0800e38e   0x00000010   Code   RO         1399    i.lua_pushnumber    lapi.o
    0x0800e39e   0x0800e39e   0x00000040   Code   RO         1400    i.lua_pushstring    lapi.o
    0x0800e3de   0x0800e3de   0x0000001a   Code   RO         1402    i.lua_pushvalue     lapi.o
    0x0800e3f8   0x0800e3f8   0x00000024   Code   RO         1403    i.lua_pushvfstring  lapi.o
    0x0800e41c   0x0800e41c   0x00000034   Code   RO         1404    i.lua_rawequal      lapi.o
    0x0800e450   0x0800e450   0x00000028   Code   RO         1405    i.lua_rawget        lapi.o
    0x0800e478   0x0800e478   0x0000002c   Code   RO         1406    i.lua_rawgeti       lapi.o
    0x0800e4a4   0x0800e4a4   0x00000036   Code   RO         1408    i.lua_rawlen        lapi.o
    0x0800e4da   0x0800e4da   0x0000004e   Code   RO         1409    i.lua_rawset        lapi.o
    0x0800e528   0x0800e528   0x00000044   Code   RO         1410    i.lua_rawseti       lapi.o
    0x0800e56c   0x0800e56c   0x00000048   Code   RO         1412    i.lua_rotate        lapi.o
    0x0800e5b4   0x0800e5b4   0x00000040   Code   RO         1414    i.lua_setfield      lapi.o
    0x0800e5f4   0x0800e5f4   0x00000046   Code   RO         1415    i.lua_setglobal     lapi.o
    0x0800e63a   0x0800e63a   0x0000002e   Code   RO         1416    i.lua_seti          lapi.o
    0x0800e668   0x0800e668   0x0000006e   Code   RO         1417    i.lua_setmetatable  lapi.o
    0x0800e6d6   0x0800e6d6   0x00000032   Code   RO         1419    i.lua_settop        lapi.o
    0x0800e708   0x0800e708   0x00000078   Code   RO         1420    i.lua_setupvalue    lapi.o
    0x0800e780   0x0800e780   0x0000001a   Code   RO         1423    i.lua_stringtonumber  lapi.o
    0x0800e79a   0x0800e79a   0x0000001a   Code   RO         1424    i.lua_toboolean     lapi.o
    0x0800e7b4   0x0800e7b4   0x0000002e   Code   RO         1426    i.lua_tointegerx    lapi.o
    0x0800e7e2   0x0800e7e2   0x00000062   Code   RO         1427    i.lua_tolstring     lapi.o
    0x0800e844   0x0800e844   0x0000002c   Code   RO         1428    i.lua_tonumberx     lapi.o
    0x0800e870   0x0800e870   0x0000003a   Code   RO         1429    i.lua_topointer     lapi.o
    0x0800e8aa   0x0800e8aa   0x00000002   PAD
    0x0800e8ac   0x0800e8ac   0x00000020   Code   RO         1432    i.lua_type          lapi.o
    0x0800e8cc   0x0800e8cc   0x00000010   Code   RO         1433    i.lua_typename      lapi.o
    0x0800e8dc   0x0800e8dc   0x00000014   Code   RO         1436    i.lua_version       lapi.o
    0x0800e8f0   0x0800e8f0   0x0000009c   Code   RO         2292    i.luaopen_base      lbaselib.o
    0x0800e98c   0x0800e98c   0x000000a4   Code   RO         3577    i.luaopen_math      lmathlib.o
    0x0800ea30   0x0800ea30   0x00000080   Code   RO         4412    i.luaopen_string    lstrlib.o
    0x0800eab0   0x0800eab0   0x0000002c   Code   RO         4751    i.luaopen_table     ltablib.o
    0x0800eadc   0x0800eadc   0x00000060   Code   RO         1270    i.main              main.o
    0x0800eb3c   0x0800eb3c   0x000000ae   Code   RO         4653    i.mainposition      ltable.o
    0x0800ebea   0x0800ebea   0x00000002   PAD
    0x0800ebec   0x0800ebec   0x0000002c   Code   RO         4244    i.makeseed          lstate.o
    0x0800ec18   0x0800ec18   0x0000001e   Code   RO         3184    i.markbeingfnz      lgc.o
    0x0800ec36   0x0800ec36   0x00000002   PAD
    0x0800ec38   0x0800ec38   0x00000026   Code   RO         3185    i.markmt            lgc.o
    0x0800ec5e   0x0800ec5e   0x00000002   PAD
    0x0800ec60   0x0800ec60   0x000002ec   Code   RO         4413    i.match             lstrlib.o
    0x0800ef4c   0x0800ef4c   0x000000f6   Code   RO         4414    i.match_class       lstrlib.o
    0x0800f042   0x0800f042   0x00000064   Code   RO         4415    i.matchbracketclass  lstrlib.o
    0x0800f0a6   0x0800f0a6   0x0000003a   Code   RO         3578    i.math_abs          lmathlib.o
    0x0800f0e0   0x0800f0e0   0x0000001a   Code   RO         3579    i.math_acos         lmathlib.o
    0x0800f0fa   0x0800f0fa   0x0000001a   Code   RO         3580    i.math_asin         lmathlib.o
    0x0800f114   0x0800f114   0x0000002c   Code   RO         3581    i.math_atan         lmathlib.o
    0x0800f140   0x0800f140   0x0000002e   Code   RO         3582    i.math_ceil         lmathlib.o
    0x0800f16e   0x0800f16e   0x0000001a   Code   RO         3583    i.math_cos          lmathlib.o
    0x0800f188   0x0800f188   0x00000020   Code   RO         3584    i.math_deg          lmathlib.o
    0x0800f1a8   0x0800f1a8   0x0000001a   Code   RO         3585    i.math_exp          lmathlib.o
    0x0800f1c2   0x0800f1c2   0x0000002e   Code   RO         3586    i.math_floor        lmathlib.o
    0x0800f1f0   0x0800f1f0   0x00000080   Code   RO         3587    i.math_fmod         lmathlib.o
    0x0800f270   0x0800f270   0x00000068   Code   RO         3588    i.math_log          lmathlib.o
    0x0800f2d8   0x0800f2d8   0x00000054   Code   RO         3589    i.math_max          lmathlib.o
    0x0800f32c   0x0800f32c   0x00000054   Code   RO         3590    i.math_min          lmathlib.o
    0x0800f380   0x0800f380   0x0000005e   Code   RO         3591    i.math_modf         lmathlib.o
    0x0800f3de   0x0800f3de   0x00000002   PAD
    0x0800f3e0   0x0800f3e0   0x00000020   Code   RO         3592    i.math_rad          lmathlib.o
    0x0800f400   0x0800f400   0x000000f8   Code   RO         3593    i.math_random       lmathlib.o
    0x0800f4f8   0x0800f4f8   0x00000018   Code   RO         3594    i.math_randomseed   lmathlib.o
    0x0800f510   0x0800f510   0x0000001a   Code   RO         3595    i.math_sin          lmathlib.o
    0x0800f52a   0x0800f52a   0x0000001a   Code   RO         3596    i.math_sqrt         lmathlib.o
    0x0800f544   0x0800f544   0x0000001a   Code   RO         3597    i.math_tan          lmathlib.o
    0x0800f55e   0x0800f55e   0x0000002c   Code   RO         3598    i.math_toint        lmathlib.o
    0x0800f58a   0x0800f58a   0x00000002   PAD
    0x0800f58c   0x0800f58c   0x00000048   Code   RO         3599    i.math_type         lmathlib.o
    0x0800f5d4   0x0800f5d4   0x00000028   Code   RO         3600    i.math_ult          lmathlib.o
    0x0800f5fc   0x0800f5fc   0x0000003e   Code   RO         4416    i.max_expand        lstrlib.o
    0x0800f63a   0x0800f63a   0x00000002   PAD
    0x0800f63c   0x0800f63c   0x00000080   Code   RO         5473    i.msghandler        mculua.o
    0x0800f6bc   0x0800f6bc   0x00000088   Code   RO         5474    i.multiline         mculua.o
    0x0800f744   0x0800f744   0x0000002e   Code   RO         2513    i.need_value        lcode.o
    0x0800f772   0x0800f772   0x00000002   PAD
    0x0800f774   0x0800f774   0x00000068   Code   RO         3934    i.new_localvar      lparser.o
    0x0800f7dc   0x0800f7dc   0x00000014   Code   RO         3935    i.new_localvarliteral_  lparser.o
    0x0800f7f0   0x0800f7f0   0x00000080   Code   RO         3936    i.newlabelentry     lparser.o
    0x0800f870   0x0800f870   0x000000c0   Code   RO         3937    i.newupvalue        lparser.o
    0x0800f930   0x0800f930   0x00000088   Code   RO         3771    i.numarith          lobject.o
    0x0800f9b8   0x0800f9b8   0x0000004a   Code   RO         3938    i.open_func         lparser.o
    0x0800fa02   0x0800fa02   0x00000002   PAD
    0x0800fa04   0x0800fa04   0x0000004c   Code   RO         4752    i.pack              ltablib.o
    0x0800fa50   0x0800fa50   0x00000068   Code   RO         4417    i.packint           lstrlib.o
    0x0800fab8   0x0800fab8   0x0000005e   Code   RO         2293    i.pairsmeta         lbaselib.o
    0x0800fb16   0x0800fb16   0x00000002   PAD
    0x0800fb18   0x0800fb18   0x00000058   Code   RO         1974    i.panic             lauxlib.o
    0x0800fb70   0x0800fb70   0x00000094   Code   RO         3939    i.parlist           lparser.o
    0x0800fc04   0x0800fc04   0x0000003e   Code   RO         2514    i.patchlistaux      lcode.o
    0x0800fc42   0x0800fc42   0x0000003c   Code   RO         2515    i.patchtestreg      lcode.o
    0x0800fc7e   0x0800fc7e   0x00000014   Code   RO         4418    i.posrelat          lstrlib.o
    0x0800fc92   0x0800fc92   0x00000002   PAD
    0x0800fc94   0x0800fc94   0x00000620   Code   RO         5612    i.powf              m_ws.l(powf.o)
    0x080102b4   0x080102b4   0x0000002e   Code   RO         4245    i.preinit_thread    lstate.o
    0x080102e2   0x080102e2   0x00000014   Code   RO         3186    i.propagateall      lgc.o
    0x080102f6   0x080102f6   0x0000009c   Code   RO         3187    i.propagatemark     lgc.o
    0x08010392   0x08010392   0x00000002   PAD
    0x08010394   0x08010394   0x0000004c   Code   RO         4419    i.push_captures     lstrlib.o
    0x080103e0   0x080103e0   0x00000088   Code   RO         4420    i.push_onecapture   lstrlib.o
    0x08010468   0x08010468   0x00000068   Code   RO         4987    i.pushclosure       lvm.o
    0x080104d0   0x080104d0   0x000000b0   Code   RO         1975    i.pushfuncname      lauxlib.o
    0x08010580   0x08010580   0x0000009c   Code   RO         1976    i.pushglobalfuncname  lauxlib.o
    0x0801061c   0x0801061c   0x000000c4   Code   RO         5475    i.pushline          mculua.o
    0x080106e0   0x080106e0   0x0000002a   Code   RO         3601    i.pushnumint        lmathlib.o
    0x0801070a   0x0801070a   0x0000001a   Code   RO         3772    i.pushstr           lobject.o
    0x08010724   0x08010724   0x00000168   Code   RO         3433    i.read_long_string  llex.o
    0x0801088c   0x0801088c   0x0000012c   Code   RO         3434    i.read_numeral      llex.o
    0x080109b8   0x080109b8   0x0000028c   Code   RO         3435    i.read_string       llex.o
    0x08010c44   0x08010c44   0x00000094   Code   RO         3436    i.readdecesc        llex.o
    0x08010cd8   0x08010cd8   0x0000010c   Code   RO         3437    i.readutf8esc       llex.o
    0x08010de4   0x08010de4   0x0000006c   Code   RO         6018    i.realloc           mc_w.l(mallocr.o)
    0x08010e50   0x08010e50   0x000000a2   Code   RO         3188    i.reallymarkobject  lgc.o
    0x08010ef2   0x08010ef2   0x00000002   PAD
    0x08010ef4   0x08010ef4   0x00000094   Code   RO         3940    i.recfield          lparser.o
    0x08010f88   0x08010f88   0x00000088   Code   RO         3941    i.registerlocalvar  lparser.o
    0x08011010   0x08011010   0x000000e8   Code   RO         4654    i.rehash            ltable.o
    0x080110f8   0x080110f8   0x00000014   Code   RO         3189    i.removeentry       lgc.o
    0x0801110c   0x0801110c   0x00000022   Code   RO         2516    i.removevalues      lcode.o
    0x0801112e   0x0801112e   0x00000074   Code   RO         3942    i.repeatstat        lparser.o
    0x080111a2   0x080111a2   0x00000098   Code   RO         3943    i.retstat           lparser.o
    0x0801123a   0x0801123a   0x0000001a   Code   RO         1438    i.reverse           lapi.o
    0x08011254   0x08011254   0x00000026   Code   RO         3190    i.runafewfinalizers  lgc.o
    0x0801127a   0x0801127a   0x00000002   PAD
    0x0801127c   0x0801127c   0x00000064   Code   RO         3438    i.save              llex.o
    0x080112e0   0x080112e0   0x000000e8   Code   RO         4421    i.scanformat        lstrlib.o
    0x080113c8   0x080113c8   0x00000008   Code   RO         3944    i.semerror          lparser.o
    0x080113d0   0x080113d0   0x00000034   Code   RO         3191    i.separatetobefnz   lgc.o
    0x08011404   0x08011404   0x0000001e   Code   RO         4753    i.set2              ltablib.o
    0x08011422   0x08011422   0x00000002   PAD
    0x08011424   0x08011424   0x00000054   Code   RO         2863    i.seterrorobj       ldo.o
    0x08011478   0x08011478   0x00000094   Code   RO         4655    i.setnodevector     ltable.o
    0x0801150c   0x0801150c   0x0000002c   Code   RO         3192    i.setpause          lgc.o
    0x08011538   0x08011538   0x000000f8   Code   RO         3945    i.simpleexp         lparser.o
    0x08011630   0x08011630   0x00000188   Code   RO         5622    i.sinf              m_ws.l(sinf.o)
    0x080117b8   0x080117b8   0x0000003a   Code   RO         4422    i.singlematch       lstrlib.o
    0x080117f2   0x080117f2   0x0000013e   Code   RO         3193    i.singlestep        lgc.o
    0x08011930   0x08011930   0x00000044   Code   RO         3946    i.singlevar         lparser.o
    0x08011974   0x08011974   0x0000009c   Code   RO         3947    i.singlevaraux      lparser.o
    0x08011a10   0x08011a10   0x0000006a   Code   RO         3439    i.skip_sep          llex.o
    0x08011a7a   0x08011a7a   0x00000002   PAD
    0x08011a7c   0x08011a7c   0x00000068   Code   RO         1977    i.skipcomment       lauxlib.o
    0x08011ae4   0x08011ae4   0x0000001c   Code   RO         3948    i.skipnoopstat      lparser.o
    0x08011b00   0x08011b00   0x00000054   Code   RO         4754    i.sort              ltablib.o
    0x08011b54   0x08011b54   0x00000064   Code   RO         4755    i.sort_comp         ltablib.o
    0x08011bb8   0x08011bb8   0x0000002c   Code   RO         5630    i.sqrtf             m_ws.l(sqrtf.o)
    0x08011be4   0x08011be4   0x00000062   Code   RO         4246    i.stack_init        lstate.o
    0x08011c46   0x08011c46   0x00000002   PAD
    0x08011c48   0x08011c48   0x00000054   Code   RO         4423    i.start_capture     lstrlib.o
    0x08011c9c   0x08011c9c   0x000002e8   Code   RO         3949    i.statement         lparser.o
    0x08011f84   0x08011f84   0x0000002c   Code   RO         3950    i.statlist          lparser.o
    0x08011fb0   0x08011fb0   0x000000a0   Code   RO         4424    i.str_byte          lstrlib.o
    0x08012050   0x08012050   0x0000006c   Code   RO         4425    i.str_char          lstrlib.o
    0x080120bc   0x080120bc   0x00000018   Code   RO         3951    i.str_checkname     lparser.o
    0x080120d4   0x080120d4   0x00000078   Code   RO         4426    i.str_dump          lstrlib.o
    0x0801214c   0x0801214c   0x00000006   Code   RO         4427    i.str_find          lstrlib.o
    0x08012152   0x08012152   0x00000002   PAD
    0x08012154   0x08012154   0x00000180   Code   RO         4428    i.str_find_aux      lstrlib.o
    0x080122d4   0x080122d4   0x00000208   Code   RO         4429    i.str_format        lstrlib.o
    0x080124dc   0x080124dc   0x0000016c   Code   RO         4430    i.str_gsub          lstrlib.o
    0x08012648   0x08012648   0x00000018   Code   RO         4431    i.str_len           lstrlib.o
    0x08012660   0x08012660   0x00000048   Code   RO         4432    i.str_lower         lstrlib.o
    0x080126a8   0x080126a8   0x00000006   Code   RO         4433    i.str_match         lstrlib.o
    0x080126ae   0x080126ae   0x00000002   PAD
    0x080126b0   0x080126b0   0x000002b0   Code   RO         4434    i.str_pack          lstrlib.o
    0x08012960   0x08012960   0x000000ac   Code   RO         4435    i.str_packsize      lstrlib.o
    0x08012a0c   0x08012a0c   0x000000d4   Code   RO         4436    i.str_rep           lstrlib.o
    0x08012ae0   0x08012ae0   0x00000044   Code   RO         4437    i.str_reverse       lstrlib.o
    0x08012b24   0x08012b24   0x00000064   Code   RO         4438    i.str_sub           lstrlib.o
    0x08012b88   0x08012b88   0x000001b0   Code   RO         4439    i.str_unpack        lstrlib.o
    0x08012d38   0x08012d38   0x00000048   Code   RO         4440    i.str_upper         lstrlib.o
    0x08012d80   0x08012d80   0x00000014   Code   RO         5638    i.strtof            m_ws.l(strtof.o)
    0x08012d94   0x08012d94   0x000000bc   Code   RO         3952    i.subexpr           lparser.o
    0x08012e50   0x08012e50   0x000000dc   Code   RO         3953    i.suffixedexp       lparser.o
    0x08012f2c   0x08012f2c   0x0000001c   Code   RO         5312    i.swapextra         ldebug.o
    0x08012f48   0x08012f48   0x0000004c   Code   RO         3194    i.sweeplist         lgc.o
    0x08012f94   0x08012f94   0x00000036   Code   RO         3195    i.sweepstep         lgc.o
    0x08012fca   0x08012fca   0x0000002a   Code   RO         3196    i.sweeptolive       lgc.o
    0x08012ff4   0x08012ff4   0x0000001a   Code   RO         1978    i.tag_error         lauxlib.o
    0x0801300e   0x0801300e   0x00000002   PAD
    0x08013010   0x08013010   0x00000174   Code   RO         5642    i.tanf              m_ws.l(tanf.o)
    0x08013184   0x08013184   0x000000a0   Code   RO         4756    i.tconcat           ltablib.o
    0x08013224   0x08013224   0x000000b6   Code   RO         3954    i.test_then_block   lparser.o
    0x080132da   0x080132da   0x00000014   Code   RO         3955    i.testnext          lparser.o
    0x080132ee   0x080132ee   0x00000002   PAD
    0x080132f0   0x080132f0   0x000000b8   Code   RO         4757    i.tinsert           ltablib.o
    0x080133a8   0x080133a8   0x0000014c   Code   RO         4758    i.tmove             ltablib.o
    0x080134f4   0x080134f4   0x00000032   Code   RO         2517    i.tonumeral         lcode.o
    0x08013526   0x08013526   0x00000002   PAD
    0x08013528   0x08013528   0x00000064   Code   RO         3197    i.traverseLclosure  lgc.o
    0x0801358c   0x0801358c   0x000000ca   Code   RO         3198    i.traverseephemeron  lgc.o
    0x08013656   0x08013656   0x000000de   Code   RO         3199    i.traverseproto     lgc.o
    0x08013734   0x08013734   0x0000007e   Code   RO         3200    i.traversestrongtable  lgc.o
    0x080137b2   0x080137b2   0x0000009c   Code   RO         3201    i.traversetable     lgc.o
    0x0801384e   0x0801384e   0x00000070   Code   RO         3202    i.traversethread    lgc.o
    0x080138be   0x080138be   0x00000076   Code   RO         3203    i.traverseweakvalue  lgc.o
    0x08013934   0x08013934   0x0000008c   Code   RO         4759    i.tremove           ltablib.o
    0x080139c0   0x080139c0   0x00000084   Code   RO         1979    i.typeerror         lauxlib.o
    0x08013a44   0x08013a44   0x00000080   Code   RO         3956    i.undefgoto         lparser.o
    0x08013ac4   0x08013ac4   0x00000098   Code   RO         4760    i.unpack            ltablib.o
    0x08013b5c   0x08013b5c   0x000000c0   Code   RO         4441    i.unpackint         lstrlib.o
    0x08013c1c   0x08013c1c   0x00000014   Code   RO         5313    i.upvalname         ldebug.o
    0x08013c30   0x08013c30   0x00000068   Code   RO         2518    i.validop           lcode.o
    0x08013c98   0x08013c98   0x000000a0   Code   RO         5314    i.varinfo           ldebug.o
    0x08013d38   0x08013d38   0x0000000c   Code   RO         4442    i.writer            lstrlib.o
    0x08013d44   0x08013d44   0x00000026   Code   RO         3957    i.yindex            lparser.o
    0x08013d6a   0x08013d6a   0x00000010   Data   RO          339    .constdata          stm32f1xx_hal_rcc.o
    0x08013d7a   0x08013d7a   0x00000002   PAD
    0x08013d7c   0x08013d7c   0x00000004   Data   RO         1440    .constdata          lapi.o
    0x08013d80   0x08013d80   0x0000010c   Data   RO         2294    .constdata          lbaselib.o
    0x08013e8c   0x08013e8c   0x00000101   Data   RO         2829    .constdata          lctype.o
    0x08013f8d   0x08013f8d   0x00000003   PAD
    0x08013f90   0x08013f90   0x00000028   Data   RO         3404    .constdata          linit.o
    0x08013fb8   0x08013fb8   0x00000094   Data   RO         3440    .constdata          llex.o
    0x0801404c   0x0801404c   0x000000e0   Data   RO         3602    .constdata          lmathlib.o
    0x0801412c   0x0801412c   0x00000008   Data   RO         3773    .constdata          lobject.o
    0x08014134   0x08014134   0x00000100   Data   RO         3774    .constdata          lobject.o
    0x08014234   0x08014234   0x0000002f   Data   RO         3881    .constdata          lopcodes.o
    0x08014263   0x08014263   0x0000002a   Data   RO         3958    .constdata          lparser.o
    0x0801428d   0x0801428d   0x00000003   PAD
    0x08014290   0x08014290   0x00000094   Data   RO         4443    .constdata          lstrlib.o
    0x08014324   0x08014324   0x00000014   Data   RO         4656    .constdata          ltable.o
    0x08014338   0x08014338   0x00000040   Data   RO         4761    .constdata          ltablib.o
    0x08014378   0x08014378   0x00000009   Data   RO         4830    .constdata          ltm.o
    0x08014381   0x08014381   0x00000003   PAD
    0x08014384   0x08014384   0x0000002c   Data   RO         4831    .constdata          ltm.o
    0x080143b0   0x080143b0   0x00000060   Data   RO         4832    .constdata          ltm.o
    0x08014410   0x08014410   0x00000030   Data   RO         5557    .constdata          m_ws.l(expf.o)
    0x08014440   0x08014440   0x00000040   Data   RO         5583    .constdata          m_ws.l(log10f.o)
    0x08014480   0x08014480   0x00000040   Data   RO         5593    .constdata          m_ws.l(log2f.o)
    0x080144c0   0x080144c0   0x00000040   Data   RO         5603    .constdata          m_ws.l(logf.o)
    0x08014500   0x08014500   0x00000140   Data   RO         5613    .constdata          m_ws.l(powf.o)
    0x08014640   0x08014640   0x00000081   Data   RO         5684    .constdata          mc_w.l(ctype_o.o)
    0x080146c1   0x080146c1   0x00000003   PAD
    0x080146c4   0x080146c4   0x00000004   Data   RO         5685    .constdata          mc_w.l(ctype_o.o)
    0x080146c8   0x080146c8   0x00000020   Data   RO         6093    .constdata          m_ws.l(rredf.o)
    0x080146e8   0x080146e8   0x00000038   Data   RO         6117    .constdata          mc_w.l(ilconv.o)
    0x08014720   0x08014720   0x00000131   Data   RO         2295    .conststring        lbaselib.o
    0x08014851   0x08014851   0x00000003   PAD
    0x08014854   0x08014854   0x00000015   Data   RO         3405    .conststring        linit.o
    0x08014869   0x08014869   0x00000003   PAD
    0x0801486c   0x0801486c   0x000000e4   Data   RO         3441    .conststring        llex.o
    0x08014950   0x08014950   0x000000b0   Data   RO         3603    .conststring        lmathlib.o
    0x08014a00   0x08014a00   0x0000007f   Data   RO         4444    .conststring        lstrlib.o
    0x08014a7f   0x08014a7f   0x00000001   PAD
    0x08014a80   0x08014a80   0x00000025   Data   RO         4762    .conststring        ltablib.o
    0x08014aa5   0x08014aa5   0x00000003   PAD
    0x08014aa8   0x08014aa8   0x0000002b   Data   RO         4833    .conststring        ltm.o
    0x08014ad3   0x08014ad3   0x00000001   PAD
    0x08014ad4   0x08014ad4   0x000000c7   Data   RO         4834    .conststring        ltm.o
    0x08014b9b   0x08014b9b   0x00000001   PAD
    0x08014b9c   0x08014b9c   0x00000004   Data   RO         5476    .conststring        mculua.o
    0x08014ba0   0x08014ba0   0x00000005   Data   RO         6118    .conststring        mc_w.l(ilconv.o)
    0x08014ba5   0x08014ba5   0x00000003   PAD
    0x08014ba8   0x08014ba8   0x00000020   Data   RO         6175    Region$$Table       anon$$obj.o


    Execution Region RW_IRAM1 (Exec base: 0x20000000, Load base: 0x08014bc8, Size: 0x00005078, Max: 0x00010000, ABSOLUTE)

    Exec Addr    Load Addr    Size         Type   Attr      Idx    E Section Name        Object

    0x20000000   0x08014bc8   0x00000004   Data   RW          693    .data               stm32f1xx_hal.o
    0x20000004   0x08014bcc   0x00000014   Data   RW         1318    .data               system_stm32f1xx.o
    0x20000018   0x08014be0   0x00000004   Data   RW         5477    .data               mculua.o
    0x2000001c   0x08014be4   0x00000004   Data   RW         5678    .data               mc_w.l(stdin.o)
    0x20000020   0x08014be8   0x00000004   Data   RW         5679    .data               mc_w.l(stdout.o)
    0x20000024   0x08014bec   0x00000004   Data   RW         5680    .data               mc_w.l(stderr.o)
    0x20000028   0x08014bf0   0x00000004   Data   RW         5716    .data               mc_w.l(rand.o)
    0x2000002c   0x08014bf4   0x00000004   Data   RW         6042    .data               mc_w.l(errno.o)
    0x20000030   0x08014bf8   0x00000004   Data   RW         6119    .data               mc_w.l(mvars.o)
    0x20000034   0x08014bfc   0x00000004   Data   RW         6120    .data               mc_w.l(mvars.o)
    0x20000038        -       0x00000040   Zero   RW         1271    .bss                main.o
    0x20000078        -       0x00004000   Zero   RW         1350    HEAP                startup_stm32f103xb.o
    0x20004078        -       0x00001000   Zero   RW         1349    STACK               startup_stm32f103xb.o


==============================================================================

Image component sizes


      Code (inc. data)   RO Data    RW Data    ZI Data      Debug   Object Name

      3354        102          4          0          0      60806   lapi.o
      3990        874          0          0          0      36862   lauxlib.o
      2700        454        573          0          0      18311   lbaselib.o
         0          0          0          0          0       7760   lbitlib.o
      3922        250          0          0          0      63720   lcode.o
         0          0        257          0          0       2826   lctype.o
      2346        406          0          0          0      20715   ldebug.o
      1970        152          0          0          0      34571   ldo.o
       836         22          0          0          0      25798   ldump.o
       488          0          0          0          0      24129   lfunc.o
      3738         68          0          0          0      46846   lgc.o
        44          4         61          0          0       1056   linit.o
      3904        458        376          0          0      37192   llex.o
      1568        196        400          0          0      20651   lmathlib.o
       264         72          0          0          0       2478   lmem.o
      1712        184        264          0          0      31106   lobject.o
         0          0         47          0          0        716   lopcodes.o
      7688        780         42          0          0      51378   lparser.o
       772         14          0          0          0       8146   lstate.o
       782         32          0          0          0       7772   lstring.o
      7644       1292        275          0          0      39301   lstrlib.o
      2124        142         20          0          0      16338   ltable.o
      2066        364        101          0          0       9344   ltablib.o
       596         76        391          0          0       6163   ltm.o
      1566        262          0          0          0      10510   lundump.o
      6588        364          0          0          0      46400   lvm.o
       172          0          0          0          0       2913   lzio.o
       234         22          0          0         64       3929   main.o
      1192        328          4          4          0       6666   mculua.o
        36          8        236          0      20480        860   startup_stm32f103xb.o
       120         16          0          4          0       3406   stm32f1xx_hal.o
       206         14          0          0          0      26400   stm32f1xx_hal_cortex.o
         0          0          0          0          0     221584   stm32f1xx_hal_dma.o
       444         36          0          0          0       2372   stm32f1xx_hal_gpio.o
       148         20          0          0          0       1385   stm32f1xx_hal_msp.o
      2014         76         16          0          0       4770   stm32f1xx_hal_rcc.o
       648         10          0          0          0       1734   stm32f1xx_hal_rcc_ex.o
       872          4          0          0          0       5019   stm32f1xx_hal_uart.o
        14          0          0          0          0        438   stm32f1xx_it.o
        72         16          0         20          0       1249   system_stm32f1xx.o

    ----------------------------------------------------------------------
     66974       7118       3122         28      20544     913620   Object Totals
         0          0         32          0          0          0   (incl. Generated)
       140          0         23          0          0          0   (incl. Padding)

    ----------------------------------------------------------------------

      Code (inc. data)   RO Data    RW Data    ZI Data      Debug   Library Member Name

       284         42          0          0          0        120   acosf.o
       292         38          0          0          0        120   asinf.o
       604         76          0          0          0        116   atan2f.o
       120         10          0          0          0         84   ceilf.o
       380         52          0          0          0        124   cosf.o
       368         46         48          0          0        156   expf.o
       124         12          0          0          0         84   floorf.o
       108          0          0          0          0         96   fmodf.o
        38          0          0          0          0         68   fpclassifyf.o
        88          8          0          0          0         76   frexp.o
        70          0          0          0          0         76   frexpf.o
        48          0          0          0          0        408   funder.o
       436         52         64          0          0        132   log10f.o
       408         46         64          0          0        132   log2f.o
       400         38         64          0          0        132   logf.o
       204          4          0          0          0        168   narrow.o
      1568         80        320          0          0        224   powf.o
       360         16         32          0          0         88   rredf.o
       392         54          0          0          0        124   sinf.o
        44          0          0          0          0         80   sqrtf.o
        20          0          0          0          0         76   strtof.o
       372         58          0          0          0        124   tanf.o
        64          0          0          0          0         84   _sgetc.o
         8          4        133          0          0         68   ctype_o.o
         0          0          0          0          0          0   entry.o
         0          0          0          0          0          0   entry10a.o
         0          0          0          0          0          0   entry11a.o
         8          4          0          0          0          0   entry2.o
         4          0          0          0          0          0   entry5.o
         0          0          0          0          0          0   entry7b.o
         0          0          0          0          0          0   entry8b.o
         8          4          0          0          0          0   entry9a.o
        20         10          0          4          0        136   errno.o
        60          0          0          0          0         84   fgets.o
        24          0          0          0          0         80   fputs.o
        52          0          0          0          0         88   fread.o
        36          0          0          0          0         84   fwrite.o
         4          0          0          0          0         68   getc.o
        30          0          0          0          0          0   handlers.o
         0          0         61          0          0          0   ilconv.o
        36          8          0          0          0         68   init.o
        18          0          0          0          0         76   isspace_o.o
         0          0          0          0          0          0   iusefp.o
        30          0          0          0          0         68   llshl.o
        36          0          0          0          0         68   llsshr.o
        32          0          0          0          0         68   llushr.o
         8          4          0          0          0         68   localeconv.o
       360         30          0          0          0        356   mallocr.o
        20          0          0          0          0         68   memchr.o
        26          0          0          0          0         80   memcmp.o
        36          0          0          0          0         68   memcpya.o
         0          0          0          8          0          0   mvars.o
      2336        102          0          0          0        688   printfa.o
        36         10          0          4          0        136   rand.o
       878         12          0          0          0        216   scanf_fp.o
         0          0          0          4          0          0   stderr.o
         0          0          0          4          0          0   stdin.o
         0          0          0          4          0          0   stdout.o
        20          0          0          0          0         68   strchr.o
        28          0          0          0          0         76   strcmp.o
         4          0          0          0          0         68   strcoll.o
        18          0          0          0          0         68   strcpy.o
       228        196          0          0          0         68   strerror.o
        14          0          0          0          0         68   strlen.o
        30          0          0          0          0         80   strncmp.o
        32          0          0          0          0         76   strpbrk.o
        28          0          0          0          0         80   strspn.o
       156         12          0          0          0        120   strtod.o
        26          0          0          0          0         80   strtof.o
        12          0          0          0          0         68   tolower.o
        12          0          0          0          0         68   toupper.o
        44          0          0          0          0         80   uidiv.o
        98          0          0          0          0         92   uldiv.o
        48          0          0          0          0         68   cdcmple.o
        48          0          0          0          0         68   cdrcmple.o
        20          0          0          0          0         68   cfcmple.o
        56          0          0          0          0         88   d2f.o
       334          0          0          0          0        148   dadd.o
       222          0          0          0          0        100   ddiv.o
       186          0          0          0          0        176   depilogue.o
        62          0          0          0          0         80   dfixi.o
        48          0          0          0          0         68   dfixul.o
        34          0          0          0          0         76   dflti.o
        24          0          0          0          0         76   dfltul.o
       228          0          0          0          0         96   dmul.o
        46          0          0          0          0         80   dscalb.o
        38          0          0          0          0         68   f2d.o
       176          0          0          0          0        140   fadd.o
       124          0          0          0          0         88   fdiv.o
       110          0          0          0          0        168   fepilogue.o
        50          0          0          0          0         68   ffixi.o
        76          0          0          0          0         76   ffixir.o
        18          0          0          0          0         68   fflti.o
        10          0          0          0          0         68   ffltui.o
       100          0          0          0          0         76   fmul.o
         4          0          0          0          0         68   fpstat.o
        82          0          0          0          0         96   frem.o
        60          0          0          0          0         76   frnd.o
        24          0          0          0          0         68   fscalb.o
        94          0          0          0          0         96   fsqrt.o
        62          0          0          0          0         96   setjmp.o

    ----------------------------------------------------------------------
     14048       1028        792         28          0       9200   Library Totals
        16          0          6          0          0          0   (incl. Padding)

    ----------------------------------------------------------------------

      Code (inc. data)   RO Data    RW Data    ZI Data      Debug   Library Name

      6728        632        592          0          0       2808   m_ws.l
      4920        396        194         28          0       3880   mc_w.l
      2384          0          0          0          0       2512   mf_w.l

    ----------------------------------------------------------------------
     14048       1028        792         28          0       9200   Library Totals

    ----------------------------------------------------------------------

==============================================================================


      Code (inc. data)   RO Data    RW Data    ZI Data      Debug   

     81022       8146       3914         56      20544     886052   Grand Totals
     81022       8146       3914         56      20544     886052   ELF Image Totals
     81022       8146       3914         56          0          0   ROM Totals

==============================================================================

    Total RO  Size (Code + RO Data)                84936 (  82.95kB)
    Total RW  Size (RW Data + ZI Data)             20600 (  20.12kB)
    Total ROM Size (Code + RO Data + RW Data)      84992 (  83.00kB)

==============================================================================

